Archive member included because of file (symbol)

contiki-srf06-cc26xx.a(contiki-main.o)
                              obj_srf06-cc26xx/startup_gcc.o (main)
contiki-srf06-cc26xx.a(sensors.o)
                              contiki-srf06-cc26xx.a(contiki-main.o) (sensors_process)
contiki-srf06-cc26xx.a(leds.o)
                              contiki-srf06-cc26xx.a(contiki-main.o) (leds_init)
contiki-srf06-cc26xx.a(leds-arch.o)
                              contiki-srf06-cc26xx.a(leds.o) (leds_arch_init)
contiki-srf06-cc26xx.a(sensortag-senso)
                              contiki-srf06-cc26xx.a(sensors.o) (sensors_flags)
contiki-srf06-cc26xx.a(bmp-280-sensor.)
                              contiki-srf06-cc26xx.a(sensortag-senso) (bmp_280_sensor)
contiki-srf06-cc26xx.a(tmp-007-sensor.)
                              contiki-srf06-cc26xx.a(sensortag-senso) (tmp_007_sensor)
contiki-srf06-cc26xx.a(opt-3001-sensor)
                              contiki-srf06-cc26xx.a(sensortag-senso) (opt_3001_sensor)
contiki-srf06-cc26xx.a(hdc-1000-sensor)
                              contiki-srf06-cc26xx.a(sensortag-senso) (hdc_1000_sensor)
contiki-srf06-cc26xx.a(mpu-9250-sensor)
                              contiki-srf06-cc26xx.a(sensortag-senso) (mpu_9250_sensor)
contiki-srf06-cc26xx.a(button-sensor.o)
                              contiki-srf06-cc26xx.a(sensortag-senso) (button_right_sensor)
contiki-srf06-cc26xx.a(reed-relay.o)
                              contiki-srf06-cc26xx.a(sensortag-senso) (reed_relay_sensor)
contiki-srf06-cc26xx.a(board.o)
                              contiki-srf06-cc26xx.a(contiki-main.o) (board_init)
contiki-srf06-cc26xx.a(board-i2c.o)
                              contiki-srf06-cc26xx.a(board.o) (board_i2c_wakeup)
contiki-srf06-cc26xx.a(clock.o)
                              contiki-srf06-cc26xx.a(contiki-main.o) (clock_init)
contiki-srf06-cc26xx.a(rtimer-arch.o)
                              contiki-srf06-cc26xx.a(mpu-9250-sensor) (rtimer_arch_now)
contiki-srf06-cc26xx.a(soc-rtc.o)
                              contiki-srf06-cc26xx.a(contiki-main.o) (soc_rtc_init)
contiki-srf06-cc26xx.a(contiki-watchdo)
                              contiki-srf06-cc26xx.a(contiki-main.o) (watchdog_init)
contiki-srf06-cc26xx.a(putchar.o)
                              contiki-srf06-cc26xx.a(contiki-main.o) (putchar)
contiki-srf06-cc26xx.a(ieee-addr.o)
                              contiki-srf06-cc26xx.a(contiki-main.o) (ieee_addr_cpy_to)
contiki-srf06-cc26xx.a(cc26xx-uart.o)
                              contiki-srf06-cc26xx.a(contiki-main.o) (cc26xx_uart_init)
contiki-srf06-cc26xx.a(lpm.o)
                              contiki-srf06-cc26xx.a(button-sensor.o) (lpm_shutdown)
contiki-srf06-cc26xx.a(gpio-interrupt.)
                              contiki-srf06-cc26xx.a(button-sensor.o) (gpio_interrupt_register_handler)
contiki-srf06-cc26xx.a(oscillators.o)
                              contiki-srf06-cc26xx.a(contiki-main.o) (oscillators_select_lf_xosc)
contiki-srf06-cc26xx.a(ieee-mode.o)
                              contiki-srf06-cc26xx.a(contiki-main.o) (ieee_mode_driver)
contiki-srf06-cc26xx.a(dbg-printf.o)
                              udp-client.co (printf)
contiki-srf06-cc26xx.a(dbg-sprintf.o)
                              udp-client.co (sprintf)
contiki-srf06-cc26xx.a(strformat.o)
                              contiki-srf06-cc26xx.a(dbg-printf.o) (format_str_v)
contiki-srf06-cc26xx.a(autostart.o)
                              contiki-srf06-cc26xx.a(contiki-main.o) (autostart_start)
contiki-srf06-cc26xx.a(ctimer.o)
                              contiki-srf06-cc26xx.a(contiki-main.o) (ctimer_init)
contiki-srf06-cc26xx.a(energest.o)
                              contiki-srf06-cc26xx.a(contiki-main.o) (energest_init)
contiki-srf06-cc26xx.a(etimer.o)
                              contiki-srf06-cc26xx.a(clock.o) (etimer_request_poll)
contiki-srf06-cc26xx.a(process.o)
                              contiki-srf06-cc26xx.a(sensors.o) (process_alloc_event)
contiki-srf06-cc26xx.a(rtimer.o)
                              contiki-srf06-cc26xx.a(contiki-main.o) (rtimer_init)
contiki-srf06-cc26xx.a(timer.o)
                              contiki-srf06-cc26xx.a(button-sensor.o) (timer_set)
contiki-srf06-cc26xx.a(serial-line.o)
                              contiki-srf06-cc26xx.a(contiki-main.o) (serial_line_init)
contiki-srf06-cc26xx.a(list.o)
                              contiki-srf06-cc26xx.a(lpm.o) (list_init)
contiki-srf06-cc26xx.a(random.o)
                              contiki-srf06-cc26xx.a(contiki-main.o) (random_init)
contiki-srf06-cc26xx.a(ringbuf.o)
                              contiki-srf06-cc26xx.a(serial-line.o) (ringbuf_init)
contiki-srf06-cc26xx.a(sicslowpan.o)
                              contiki-srf06-cc26xx.a(contiki-main.o) (sicslowpan_driver)
contiki-srf06-cc26xx.a(uip6.o)
                              contiki-srf06-cc26xx.a(sicslowpan.o) (uip_aligned_buf)
contiki-srf06-cc26xx.a(uip-ds6.o)
[...]
Memory Configuration

Name             Origin             Length             Attributes
FLASH            0x00000000         0x0001ffa8         xr
FLASH_CCFG       0x0001ffa8         0x00000058         xr
SRAM             0x20000000         0x00005000         xrw
GPRAM            0x11000000         0x00002000         xrw
*default*        0x00000000         0xffffffff

Linker script and memory map

LOAD obj_srf06-cc26xx/fault-handlers.o
LOAD obj_srf06-cc26xx/ccfg.o
LOAD obj_srf06-cc26xx/startup_gcc.o
LOAD udp-client.co
LOAD contiki-srf06-cc26xx.a
LOAD /usr/bin/../lib/gcc/arm-none-eabi/4.9.3/../../../../arm-none-eabi/lib/armv7-m/libm.a
START GROUP
LOAD /usr/bin/../lib/gcc/arm-none-eabi/4.9.3/armv7-m/libgcc.a
LOAD /usr/bin/../lib/gcc/arm-none-eabi/4.9.3/../../../../arm-none-eabi/lib/armv7-m/libc.a
END GROUP
                0x20005000                _estack = (ORIGIN (SRAM) + 0x5000)
                0x00000000                _Min_Heap_Size = 0x0
                0x00000100                _Min_Stack_Size = 0x100

.text           0x00000000    0x121f4
                0x00000000                _text = .
 *(SORT(.vectors))
 .vectors       0x00000000       0xc8 obj_srf06-cc26xx/startup_gcc.o
                0x00000000                gVectors
 *(SORT(.text*))
 .text.value    0x000000c8       0xb0 contiki-srf06-cc26xx.a(opt-3001-sensor)
 .text.value    0x00000178       0x9c contiki-srf06-cc26xx.a(hdc-1000-sensor)
 *fill*         0x00000214        0x4 00000000
 .text.value    0x00000218      0x1b4 contiki-srf06-cc26xx.a(mpu-9250-sensor)
 *fill*         0x000003cc        0x4 00000000
 .text.__ieee754_pow
                0x000003d0      0xaa0 /usr/bin/../lib/gcc/arm-none-eabi/4.9.3/../../../../arm-none-eabi/lib/armv7-m/libm.a(lib_a-e_pow.o)
                0x000003d0                __ieee754_pow
 .text.scalbn   0x00000e70       0xec /usr/bin/../lib/gcc/arm-none-eabi/4.9.3/../../../../arm-none-eabi/lib/armv7-m/libm.a(lib_a-s_scalbn.o)
                0x00000e70                scalbn
 .text.FaultISR
                0x00000f5c       0x18 obj_srf06-cc26xx/fault-handlers.o
                0x00000f5c                FaultISR
 .text.NmiSRHandler
                0x00000f74        0x4 obj_srf06-cc26xx/startup_gcc.o
                0x00000f74                NmiSR
 .text.IntDefaultHandler
                0x00000f78        0x4 obj_srf06-cc26xx/startup_gcc.o
                0x00000f78                TRNGIntHandler
                0x00000f78                SSI0IntHandler
                0x00000f78                SWEvent0IntHandler
                0x00000f78                uDMAIntHandler
                0x00000f78                WatchdogIntHandler
                0x00000f78                RFCHardwareIntHandler
                0x00000f78                Timer1BIntHandler
                0x00000f78                I2SIntHandler
                0x00000f78                Timer2BIntHandler
                0x00000f78                Timer2AIntHandler
                0x00000f78                Timer1AIntHandler
                0x00000f78                AONIntHandler
                0x00000f78                AUXSWEvent0IntHandler
                0x00000f78                AUXADCIntHandler
                0x00000f78                PendSVIntHandler
                0x00000f78                AUXSWEvent1IntHandler
                0x00000f78                SVCallIntHandler
                0x00000f78                MPUFaultIntHandler
                0x00000f78                SysTickIntHandler
                0x00000f78                BusFaultIntHandler
                0x00000f78                AONProgIntHandler
                0x00000f78                AUXCompAIntHandler
                0x00000f78                SSI1IntHandler
                0x00000f78                FlashIntHandler
                0x00000f78                uDMAErrIntHandler
                0x00000f78                UsageFaultIntHandler
                0x00000f78                RFCCmdAckIntHandler
                0x00000f78                CryptoIntHandler
                0x00000f78                Timer0AIntHandler
                0x00000f78                I2CIntHandler
                0x00000f78                DebugMonIntHandler
                0x00000f78                Timer0BIntHandler
                0x00000f78                AUXCombEventIntHandler
                0x00000f78                Timer3AIntHandler
                0x00000f78                DynProgIntHandler
                0x00000f78                Timer3BIntHandler
 .text.ResetISR
                0x00000f7c       0x5c obj_srf06-cc26xx/startup_gcc.o
                0x00000f7c                ResetISR
 .text.process_thread_udp_client_process
                0x00000fd8      0x2a8 udp-client.co
 .text.fade     0x00001280       0x64 contiki-srf06-cc26xx.a(contiki-main.o)
 .text.startup.main
                0x000012e4      0x1e4 contiki-srf06-cc26xx.a(contiki-main.o)
                0x000012e4                main
 .text.process_thread_sensors_process
                0x000014c8       0xf8 contiki-srf06-cc26xx.a(sensors.o)
 .text.sensors_changed
                0x000015c0       0x50 contiki-srf06-cc26xx.a(sensors.o)
                0x000015c0                sensors_changed
 .text.leds_init
                0x00001610       0x14 contiki-srf06-cc26xx.a(leds.o)
                0x00001610                leds_init
 .text.leds_on  0x00001624       0x14 contiki-srf06-cc26xx.a(leds.o)
                0x00001624                leds_on
 .text.leds_off
                0x00001638       0x14 contiki-srf06-cc26xx.a(leds.o)
                0x00001638                leds_off
 .text.leds_arch_init
                0x0000164c       0x38 contiki-srf06-cc26xx.a(leds-arch.o)
                0x0000164c                leds_arch_init
 .text.leds_arch_set
                0x00001684       0x34 contiki-srf06-cc26xx.a(leds-arch.o)
                0x00001684                leds_arch_set
 .text.status   0x000016b8       0x14 contiki-srf06-cc26xx.a(bmp-280-sensor.)
 .text.notify_ready
                0x000016cc       0x14 contiki-srf06-cc26xx.a(bmp-280-sensor.)
 .text.enable_sensor
                0x000016e0       0x2c contiki-srf06-cc26xx.a(bmp-280-sensor.)
 .text.configure
                0x0000170c       0x94 contiki-srf06-cc26xx.a(bmp-280-sensor.)
 .text.value    0x000017a0      0x15c contiki-srf06-cc26xx.a(bmp-280-sensor.)
 .text.status   0x000018fc       0x14 contiki-srf06-cc26xx.a(tmp-007-sensor.)
 .text.notify_ready
                0x00001910       0x14 contiki-srf06-cc26xx.a(tmp-007-sensor.)
 .text.enable_sensor
                0x00001924       0x2c contiki-srf06-cc26xx.a(tmp-007-sensor.)
 .text.configure
                0x00001950       0x94 contiki-srf06-cc26xx.a(tmp-007-sensor.)
 .text.value    0x000019e4       0xec contiki-srf06-cc26xx.a(tmp-007-sensor.)
 .text.status   0x00001ad0        0xc contiki-srf06-cc26xx.a(opt-3001-sensor)
 .text.enable_sensor
                0x00001adc       0x44 contiki-srf06-cc26xx.a(opt-3001-sensor)
 .text.notify_ready
                0x00001b20       0x54 contiki-srf06-cc26xx.a(opt-3001-sensor)
 .text.configure
                0x00001b74       0x4c contiki-srf06-cc26xx.a(opt-3001-sensor)
 .text.status   0x00001bc0       0x14 contiki-srf06-cc26xx.a(hdc-1000-sensor)
 .text.notify_ready
                0x00001bd4       0x60 contiki-srf06-cc26xx.a(hdc-1000-sensor)
 .text.configure
                0x00001c34       0xb8 contiki-srf06-cc26xx.a(hdc-1000-sensor)
 .text.acc_convert
                0x00001cec       0x70 contiki-srf06-cc26xx.a(mpu-9250-sensor)
 .text.status   0x00001d5c       0x14 contiki-srf06-cc26xx.a(mpu-9250-sensor)
 .text.notify_ready
                0x00001d70       0x14 contiki-srf06-cc26xx.a(mpu-9250-sensor)
 .text.sensor_sleep
                0x00001d84       0x38 contiki-srf06-cc26xx.a(mpu-9250-sensor)
 .text.configure
                0x00001dbc       0xdc contiki-srf06-cc26xx.a(mpu-9250-sensor)
 .text.int_status
                0x00001e98       0x28 contiki-srf06-cc26xx.a(mpu-9250-sensor)
 .text.initialise
                0x00001ec0       0xfc contiki-srf06-cc26xx.a(mpu-9250-sensor)
 .text.status.part.0
                0x00001fbc       0x14 contiki-srf06-cc26xx.a(button-sensor.o)
 .text.value_left
                0x00001fd0       0x24 contiki-srf06-cc26xx.a(button-sensor.o)
 .text.value_right
                0x00001ff4       0x18 contiki-srf06-cc26xx.a(button-sensor.o)
 .text.status_left
                0x0000200c       0x10 contiki-srf06-cc26xx.a(button-sensor.o)
 .text.status_right
                0x0000201c       0x10 contiki-srf06-cc26xx.a(button-sensor.o)
 .text.config_buttons
                0x0000202c       0x8c contiki-srf06-cc26xx.a(button-sensor.o)
 .text.config_left
                0x000020b8        0xc contiki-srf06-cc26xx.a(button-sensor.o)
 .text.config_right
                0x000020c4        0xc contiki-srf06-cc26xx.a(button-sensor.o)
 .text.button_press_handler
                0x000020d0       0x64 contiki-srf06-cc26xx.a(button-sensor.o)
 .text.value    0x00002134       0x10 contiki-srf06-cc26xx.a(reed-relay.o)
 .text.status   0x00002144       0x20 contiki-srf06-cc26xx.a(reed-relay.o)
 .text.configure
                0x00002164       0x6c contiki-srf06-cc26xx.a(reed-relay.o)
 .text.reed_interrupt_handler
                0x000021d0       0x28 contiki-srf06-cc26xx.a(reed-relay.o)
 .text.power_domains_on
                0x000021f8       0x20 contiki-srf06-cc26xx.a(board.o)
 .text.lpm_wakeup_handler
                0x00002218        0x4 contiki-srf06-cc26xx.a(board.o)
 .text.shutdown_handler
                0x0000221c       0x68 contiki-srf06-cc26xx.a(board.o)
 .text.board_init
                0x00002284      0x118 contiki-srf06-cc26xx.a(board.o)
                0x00002284                board_init
 .text.i2c_status
                0x0000239c       0x34 contiki-srf06-cc26xx.a(board-i2c.o)
 .text.accessible
                0x000023d0       0x24 contiki-srf06-cc26xx.a(board-i2c.o)
 .text.board_i2c_wakeup
                0x000023f4       0x5c contiki-srf06-cc26xx.a(board-i2c.o)
                0x000023f4                board_i2c_wakeup
 .text.board_i2c_shutdown
                0x00002450       0xa4 contiki-srf06-cc26xx.a(board-i2c.o)
                0x00002450                board_i2c_shutdown
 .text.board_i2c_write
                0x000024f4       0xc0 contiki-srf06-cc26xx.a(board-i2c.o)
                0x000024f4                board_i2c_write
 .text.board_i2c_write_single
                0x000025b4       0x44 contiki-srf06-cc26xx.a(board-i2c.o)
                0x000025b4                board_i2c_write_single
 .text.board_i2c_read
                0x000025f8       0xb4 contiki-srf06-cc26xx.a(board-i2c.o)
                0x000025f8                board_i2c_read
 .text.board_i2c_write_read
                0x000026ac      0x138 contiki-srf06-cc26xx.a(board-i2c.o)
                0x000026ac                board_i2c_write_read
 .text.board_i2c_select
                0x000027e4       0xdc contiki-srf06-cc26xx.a(board-i2c.o)
                0x000027e4                board_i2c_select
 .text.power_domain_on
                0x000028c0       0x20 contiki-srf06-cc26xx.a(clock.o)
 .text.clock_init
                0x000028e0       0x90 contiki-srf06-cc26xx.a(clock.o)
                0x000028e0                clock_init
 .text.clock_time
                0x00002970       0x34 contiki-srf06-cc26xx.a(clock.o)
                0x00002970                clock_time
 .text.clock_update
                0x000029a4       0x3c contiki-srf06-cc26xx.a(clock.o)
                0x000029a4                clock_update
 .text.clock_seconds
                0x000029e0       0x18 contiki-srf06-cc26xx.a(clock.o)
                0x000029e0                clock_seconds
 .text.rtimer_arch_init
                0x000029f8        0x4 contiki-srf06-cc26xx.a(rtimer-arch.o)
                0x000029f8                rtimer_arch_init
 .text.rtimer_arch_schedule
                0x000029fc        0x8 contiki-srf06-cc26xx.a(rtimer-arch.o)
                0x000029fc                rtimer_arch_schedule
 .text.rtimer_arch_now
                0x00002a04        0x4 contiki-srf06-cc26xx.a(rtimer-arch.o)
                0x00002a04                rtimer_arch_now
 .text.soc_rtc_init
                0x00002a08       0x94 contiki-srf06-cc26xx.a(soc-rtc.o)
                0x00002a08                soc_rtc_init
 .text.soc_rtc_get_next_trigger
                0x00002a9c       0x28 contiki-srf06-cc26xx.a(soc-rtc.o)
                0x00002a9c                soc_rtc_get_next_trigger
 .text.soc_rtc_schedule_one_shot
                0x00002ac4       0x4c contiki-srf06-cc26xx.a(soc-rtc.o)
                0x00002ac4                soc_rtc_schedule_one_shot
 .text.soc_rtc_last_isr_time
                0x00002b10        0xc contiki-srf06-cc26xx.a(soc-rtc.o)
                0x00002b10                soc_rtc_last_isr_time
 .text.AONRTCIntHandler
                0x00002b1c       0x68 contiki-srf06-cc26xx.a(soc-rtc.o)
                0x00002b1c                AONRTCIntHandler
 .text.lock_config
                0x00002b84       0x18 contiki-srf06-cc26xx.a(contiki-watchdo)
 .text.unlock_config
                0x00002b9c       0x2c contiki-srf06-cc26xx.a(contiki-watchdo)
 .text.watchdog_init
                0x00002bc8       0x1c contiki-srf06-cc26xx.a(contiki-watchdo)
                0x00002bc8                watchdog_init
 .text.watchdog_start
                0x00002be4       0x30 contiki-srf06-cc26xx.a(contiki-watchdo)
                0x00002be4                watchdog_start
 .text.watchdog_periodic
                0x00002c14       0x1c contiki-srf06-cc26xx.a(contiki-watchdo)
                0x00002c14                watchdog_periodic
 .text.putchar  0x00002c30       0x10 contiki-srf06-cc26xx.a(putchar.o)
                0x00002c30                putchar
 .text.puts     0x00002c40       0x30 contiki-srf06-cc26xx.a(putchar.o)
                0x00002c40                puts
 .text.dbg_send_bytes
                0x00002c70       0x40 contiki-srf06-cc26xx.a(putchar.o)
                0x00002c70                dbg_send_bytes
 .text.ieee_addr_cpy_to
                0x00002cb0       0x40 contiki-srf06-cc26xx.a(ieee-addr.o)
                0x00002cb0                ieee_addr_cpy_to
 .text.power_and_clock
                0x00002cf0       0x40 contiki-srf06-cc26xx.a(cc26xx-uart.o)
 .text.enable   0x00002d30       0xf4 contiki-srf06-cc26xx.a(cc26xx-uart.o)
 .text.accessible
                0x00002e24       0x24 contiki-srf06-cc26xx.a(cc26xx-uart.o)
 .text.lpm_drop_handler
                0x00002e48       0xcc contiki-srf06-cc26xx.a(cc26xx-uart.o)
 .text.cc26xx_uart_init
                0x00002f14       0x28 contiki-srf06-cc26xx.a(cc26xx-uart.o)
                0x00002f14                cc26xx_uart_init
 .text.cc26xx_uart_write_byte
                0x00002f3c       0x28 contiki-srf06-cc26xx.a(cc26xx-uart.o)
                0x00002f3c                cc26xx_uart_write_byte
 .text.cc26xx_uart_busy
                0x00002f64       0x18 contiki-srf06-cc26xx.a(cc26xx-uart.o)
                0x00002f64                cc26xx_uart_busy
 .text.UART0IntHandler
                0x00002f7c       0x54 contiki-srf06-cc26xx.a(cc26xx-uart.o)
                0x00002f7c                UART0IntHandler
 .text.lpm_shutdown
                0x00002fd0      0x1b8 contiki-srf06-cc26xx.a(lpm.o)
                0x00002fd0                lpm_shutdown
 .text.lpm_drop
                0x00003188      0x1fc contiki-srf06-cc26xx.a(lpm.o)
                0x00003188                lpm_drop
 .text.lpm_sleep
                0x00003384       0x14 contiki-srf06-cc26xx.a(lpm.o)
                0x00003384                lpm_sleep
 .text.lpm_register_module
                0x00003398        0xc contiki-srf06-cc26xx.a(lpm.o)
                0x00003398                lpm_register_module
 .text.lpm_unregister_module
                0x000033a4        0xc contiki-srf06-cc26xx.a(lpm.o)
                0x000033a4                lpm_unregister_module
 .text.lpm_init
                0x000033b0       0x20 contiki-srf06-cc26xx.a(lpm.o)
                0x000033b0                lpm_init
 .text.lpm_pin_set_default_state
                0x000033d0       0x30 contiki-srf06-cc26xx.a(lpm.o)
                0x000033d0                lpm_pin_set_default_state
 .text.gpio_interrupt_register_handler
                0x00003400       0x2c contiki-srf06-cc26xx.a(gpio-interrupt.)
                0x00003400                gpio_interrupt_register_handler
 .text.gpio_interrupt_init
                0x0000342c       0x24 contiki-srf06-cc26xx.a(gpio-interrupt.)
                0x0000342c                gpio_interrupt_init
 .text.GPIOIntHandler
                0x00003450       0x30 contiki-srf06-cc26xx.a(gpio-interrupt.)
                0x00003450                GPIOIntHandler
 .text.osc_interface_dis
                0x00003480       0x28 contiki-srf06-cc26xx.a(oscillators.o)
 .text.osc_interface_en
                0x000034a8       0x30 contiki-srf06-cc26xx.a(oscillators.o)
 .text.oscillators_select_lf_xosc
                0x000034d8       0x48 contiki-srf06-cc26xx.a(oscillators.o)
                0x000034d8                oscillators_select_lf_xosc
 .text.oscillators_select_lf_rcosc
                0x00003520       0x30 contiki-srf06-cc26xx.a(oscillators.o)
                0x00003520                oscillators_select_lf_rcosc
 .text.oscillators_request_hf_xosc
                0x00003550       0x24 contiki-srf06-cc26xx.a(oscillators.o)
                0x00003550                oscillators_request_hf_xosc
 .text.oscillators_switch_to_hf_xosc
                0x00003574       0x28 contiki-srf06-cc26xx.a(oscillators.o)
                0x00003574                oscillators_switch_to_hf_xosc
 .text.oscillators_switch_to_hf_rc
                0x0000359c       0x2c contiki-srf06-cc26xx.a(oscillators.o)
                0x0000359c                oscillators_switch_to_hf_rc
 .text.request  0x000035c8       0x20 contiki-srf06-cc26xx.a(ieee-mode.o)
 .text.rx_on    0x000035e8       0x60 contiki-srf06-cc26xx.a(ieee-mode.o)
 .text.rf_radio_setup
                0x00003648       0x74 contiki-srf06-cc26xx.a(ieee-mode.o)
 .text.soft_on  0x000036bc       0x18 contiki-srf06-cc26xx.a(ieee-mode.o)
 .text.pending_packet
                0x000036d4       0x34 contiki-srf06-cc26xx.a(ieee-mode.o)
 .text.prepare  0x00003708       0x1c contiki-srf06-cc26xx.a(ieee-mode.o)
 .text.read_frame
                0x00003724       0x58 contiki-srf06-cc26xx.a(ieee-mode.o)
 .text.soft_off
                0x0000377c       0x3c contiki-srf06-cc26xx.a(ieee-mode.o)
 .text.get_object
                0x000037b8       0x30 contiki-srf06-cc26xx.a(ieee-mode.o)
 .text.transmitting
                0x000037e8       0x4c contiki-srf06-cc26xx.a(ieee-mode.o)
 .text.rx_off   0x00003834       0x5c contiki-srf06-cc26xx.a(ieee-mode.o)
 .text.get_cca_info
                0x00003890       0x44 contiki-srf06-cc26xx.a(ieee-mode.o)
 .text.off      0x000038d4       0x4c contiki-srf06-cc26xx.a(ieee-mode.o)
 .text.receiving_packet
                0x00003920       0x40 contiki-srf06-cc26xx.a(ieee-mode.o)
 .text.on       0x00003960       0x9c contiki-srf06-cc26xx.a(ieee-mode.o)
 .text.set_value
                0x000039fc      0x158 contiki-srf06-cc26xx.a(ieee-mode.o)
 .text.get_value
                0x00003b54      0x138 contiki-srf06-cc26xx.a(ieee-mode.o)
 .text.transmit
                0x00003c8c       0xbc contiki-srf06-cc26xx.a(ieee-mode.o)
 .text.send     0x00003d48       0x24 contiki-srf06-cc26xx.a(ieee-mode.o)
 .text.set_object
                0x00003d6c       0x68 contiki-srf06-cc26xx.a(ieee-mode.o)
 .text.channel_clear
                0x00003dd4       0x68 contiki-srf06-cc26xx.a(ieee-mode.o)
 .text.init     0x00003e3c       0xe0 contiki-srf06-cc26xx.a(ieee-mode.o)
 .text.write_str
                0x00003f1c       0x14 contiki-srf06-cc26xx.a(dbg-printf.o)
 .text.printf   0x00003f30       0x24 contiki-srf06-cc26xx.a(dbg-printf.o)
                0x00003f30                printf
 .text.buffer_str
                0x00003f54       0x18 contiki-srf06-cc26xx.a(dbg-sprintf.o)
 .text.sprintf  0x00003f6c       0x34 contiki-srf06-cc26xx.a(dbg-sprintf.o)
                0x00003f6c                sprintf
 .text.fill_space
                0x00003fa0       0x3c contiki-srf06-cc26xx.a(strformat.o)
 .text.format_str_v
                0x00003fdc      0x95c contiki-srf06-cc26xx.a(strformat.o)
                0x00003fdc                format_str_v
 .text.autostart_start
                0x00004938       0x18 contiki-srf06-cc26xx.a(autostart.o)
                0x00004938                autostart_start
 .text.process_thread_ctimer_process
                0x00004950       0x94 contiki-srf06-cc26xx.a(ctimer.o)
 .text.ctimer_init
                0x000049e4       0x28 contiki-srf06-cc26xx.a(ctimer.o)
                0x000049e4                ctimer_init
 .text.ctimer_set_with_process
                0x00004a0c       0x4c contiki-srf06-cc26xx.a(ctimer.o)
                0x00004a0c                ctimer_set_with_process
 .text.ctimer_set
                0x00004a58       0x18 contiki-srf06-cc26xx.a(ctimer.o)
                0x00004a58                ctimer_set
 .text.ctimer_reset
                0x00004a70       0x38 contiki-srf06-cc26xx.a(ctimer.o)
                0x00004a70                ctimer_reset
 .text.ctimer_stop
                0x00004aa8       0x34 contiki-srf06-cc26xx.a(ctimer.o)
                0x00004aa8                ctimer_stop
 .text.energest_init
                0x00004adc        0x4 contiki-srf06-cc26xx.a(energest.o)
                0x00004adc                energest_init
 .text.update_time
                0x00004ae0       0x44 contiki-srf06-cc26xx.a(etimer.o)
 .text.process_thread_etimer_process
                0x00004b24       0xc8 contiki-srf06-cc26xx.a(etimer.o)
 .text.add_timer
                0x00004bec       0x54 contiki-srf06-cc26xx.a(etimer.o)
 .text.etimer_request_poll
                0x00004c40        0xc contiki-srf06-cc26xx.a(etimer.o)
                0x00004c40                etimer_request_poll
 .text.etimer_set
                0x00004c4c       0x14 contiki-srf06-cc26xx.a(etimer.o)
                0x00004c4c                etimer_set
 .text.etimer_reset
                0x00004c60       0x14 contiki-srf06-cc26xx.a(etimer.o)
                0x00004c60                etimer_reset
 .text.etimer_restart
                0x00004c74       0x14 contiki-srf06-cc26xx.a(etimer.o)
                0x00004c74                etimer_restart
 .text.etimer_expired
                0x00004c88        0xc contiki-srf06-cc26xx.a(etimer.o)
                0x00004c88                etimer_expired
 .text.etimer_expiration_time
                0x00004c94        0x8 contiki-srf06-cc26xx.a(etimer.o)
                0x00004c94                etimer_expiration_time
 .text.etimer_pending
                0x00004c9c       0x10 contiki-srf06-cc26xx.a(etimer.o)
                0x00004c9c                etimer_pending
 .text.etimer_next_expiration_time
                0x00004cac       0x14 contiki-srf06-cc26xx.a(etimer.o)
                0x00004cac                etimer_next_expiration_time
 .text.etimer_stop
                0x00004cc0       0x4c contiki-srf06-cc26xx.a(etimer.o)
                0x00004cc0                etimer_stop
 .text.exit_process
                0x00004d0c       0xb0 contiki-srf06-cc26xx.a(process.o)
 .text.call_process.part.0
                0x00004dbc       0x38 contiki-srf06-cc26xx.a(process.o)
 .text.do_poll  0x00004df4       0x3c contiki-srf06-cc26xx.a(process.o)
 .text.process_alloc_event
                0x00004e30       0x10 contiki-srf06-cc26xx.a(process.o)
                0x00004e30                process_alloc_event
 .text.process_exit
                0x00004e40        0xc contiki-srf06-cc26xx.a(process.o)
                0x00004e40                process_exit
 .text.process_init
                0x00004e4c       0x34 contiki-srf06-cc26xx.a(process.o)
                0x00004e4c                process_init
 .text.process_run
                0x00004e80       0xd8 contiki-srf06-cc26xx.a(process.o)
                0x00004e80                process_run
 .text.process_nevents
                0x00004f58       0x14 contiki-srf06-cc26xx.a(process.o)
                0x00004f58                process_nevents
 .text.process_post
                0x00004f6c       0x50 contiki-srf06-cc26xx.a(process.o)
                0x00004f6c                process_post
 .text.process_post_synch
                0x00004fbc       0x18 contiki-srf06-cc26xx.a(process.o)
                0x00004fbc                process_post_synch
 .text.process_start
                0x00004fd4       0x40 contiki-srf06-cc26xx.a(process.o)
                0x00004fd4                process_start
 .text.process_poll
                0x00005014       0x18 contiki-srf06-cc26xx.a(process.o)
                0x00005014                process_poll
 .text.rtimer_init
                0x0000502c        0x4 contiki-srf06-cc26xx.a(rtimer.o)
                0x0000502c                rtimer_init
 .text.rtimer_set
                0x00005030       0x2c contiki-srf06-cc26xx.a(rtimer.o)
                0x00005030                rtimer_set
 .text.rtimer_run_next
                0x0000505c       0x28 contiki-srf06-cc26xx.a(rtimer.o)
                0x0000505c                rtimer_run_next
 .text.timer_set
                0x00005084       0x10 contiki-srf06-cc26xx.a(timer.o)
                0x00005084                timer_set
 .text.timer_reset
                0x00005094        0xc contiki-srf06-cc26xx.a(timer.o)
                0x00005094                timer_reset
 .text.timer_restart
                0x000050a0        0xc contiki-srf06-cc26xx.a(timer.o)
                0x000050a0                timer_restart
 .text.timer_expired
                0x000050ac       0x1c contiki-srf06-cc26xx.a(timer.o)
                0x000050ac                timer_expired
 .text.process_thread_serial_line_process
                0x000050c8       0xac contiki-srf06-cc26xx.a(serial-line.o)
 .text.serial_line_init
                0x00005174       0x24 contiki-srf06-cc26xx.a(serial-line.o)
                0x00005174                serial_line_init
 .text.list_init
                0x00005198        0x8 contiki-srf06-cc26xx.a(list.o)
                0x00005198                list_init
 .text.list_head
                0x000051a0        0x4 contiki-srf06-cc26xx.a(list.o)
                0x000051a0                list_head
 .text.list_tail
                0x000051a4       0x14 contiki-srf06-cc26xx.a(list.o)
                0x000051a4                list_tail
 .text.list_add
                0x000051b8       0x48 contiki-srf06-cc26xx.a(list.o)
                0x000051b8                list_add
 .text.list_push
                0x00005200       0x40 contiki-srf06-cc26xx.a(list.o)
                0x00005200                list_push
 .text.list_remove
                0x00005240       0x2c contiki-srf06-cc26xx.a(list.o)
                0x00005240                list_remove
 .text.list_length
                0x0000526c       0x14 contiki-srf06-cc26xx.a(list.o)
                0x0000526c                list_length
 .text.list_item_next
                0x00005280        0x8 contiki-srf06-cc26xx.a(list.o)
                0x00005280                list_item_next
 .text.random_init
                0x00005288        0x4 contiki-srf06-cc26xx.a(random.o)
                0x00005288                random_init
 .text.random_rand
                0x0000528c        0xc contiki-srf06-cc26xx.a(random.o)
                0x0000528c                random_rand
 .text.ringbuf_init
                0x00005298       0x10 contiki-srf06-cc26xx.a(ringbuf.o)
                0x00005298                ringbuf_init
 .text.ringbuf_get
                0x000052a8       0x28 contiki-srf06-cc26xx.a(ringbuf.o)
                0x000052a8                ringbuf_get
 .text.sicslowpan_init
                0x000052d0       0x24 contiki-srf06-cc26xx.a(sicslowpan.o)
                0x000052d0                sicslowpan_init
 .text.set_packet_attrs
                0x000052f4       0x4c contiki-srf06-cc26xx.a(sicslowpan.o)
 .text.compress_addr_64
                0x00005340       0x9c contiki-srf06-cc26xx.a(sicslowpan.o)
 .text.addr_context_lookup_by_prefix
                0x000053dc       0x28 contiki-srf06-cc26xx.a(sicslowpan.o)
 .text.send_packet
                0x00005404       0x24 contiki-srf06-cc26xx.a(sicslowpan.o)
 .text.packet_sent
                0x00005428       0x28 contiki-srf06-cc26xx.a(sicslowpan.o)
 .text.store_fragment
                0x00005450       0x68 contiki-srf06-cc26xx.a(sicslowpan.o)
 .text.add_fragment
                0x000054b8      0x19c contiki-srf06-cc26xx.a(sicslowpan.o)
 .text.uncompress_addr
                0x00005654       0xb8 contiki-srf06-cc26xx.a(sicslowpan.o)
 .text.input    0x0000570c      0x654 contiki-srf06-cc26xx.a(sicslowpan.o)
 .text.output   0x00005d60      0x738 contiki-srf06-cc26xx.a(sicslowpan.o)
 .text.chksum   0x00006498       0x50 contiki-srf06-cc26xx.a(uip6.o)
 .text.upper_layer_chksum
                0x000064e8       0x58 contiki-srf06-cc26xx.a(uip6.o)
 .text.ext_hdr_options_process
                0x00006540       0xc8 contiki-srf06-cc26xx.a(uip6.o)
 .text.uip_add32
                0x00006608       0x58 contiki-srf06-cc26xx.a(uip6.o)
                0x00006608                uip_add32
 .text.unlikely.uip_add_rcv_nxt
                0x00006660       0x2c contiki-srf06-cc26xx.a(uip6.o)
 .text.uip_icmp6chksum
                0x0000668c        0x8 contiki-srf06-cc26xx.a(uip6.o)
                0x0000668c                uip_icmp6chksum
 .text.uip_init
                0x00006694       0x64 contiki-srf06-cc26xx.a(uip6.o)
                0x00006694                uip_init
 .text.remove_ext_hdr
                0x000066f8       0x60 contiki-srf06-cc26xx.a(uip6.o)
                0x000066f8                remove_ext_hdr
 .text.uip_udp_new
                0x00006758       0xd4 contiki-srf06-cc26xx.a(uip6.o)
                0x00006758                uip_udp_new
 .text.uip_unlisten
                0x0000682c       0x44 contiki-srf06-cc26xx.a(uip6.o)
                0x0000682c                uip_unlisten
 .text.uip_process
                0x00006870     0x119c contiki-srf06-cc26xx.a(uip6.o)
                0x00006870                uip_process
 .text.uip_htons
                0x00007a0c        0x8 contiki-srf06-cc26xx.a(uip6.o)
                0x00007a0c                uip_htons
 .text.uip_htonl
                0x00007a14       0x14 contiki-srf06-cc26xx.a(uip6.o)
                0x00007a14                uip_htonl
 .text.uip_ds6_list_loop
                0x00007a28       0x60 contiki-srf06-cc26xx.a(uip-ds6.o)
                0x00007a28                uip_ds6_list_loop
 .text.uip_ds6_prefix_add
                0x00007a88       0x6c contiki-srf06-cc26xx.a(uip-ds6.o)
                0x00007a88                uip_ds6_prefix_add
 .text.uip_ds6_is_addr_onlink
                0x00007af4       0x3c contiki-srf06-cc26xx.a(uip-ds6.o)
                0x00007af4                uip_ds6_is_addr_onlink
 .text.uip_ds6_addr_lookup
                0x00007b30       0x30 contiki-srf06-cc26xx.a(uip-ds6.o)
                0x00007b30                uip_ds6_addr_lookup
 .text.uip_ds6_get_link_local
                0x00007b60       0x44 contiki-srf06-cc26xx.a(uip-ds6.o)
                0x00007b60                uip_ds6_get_link_local
 .text.uip_ds6_maddr_add
                0x00007ba4       0x50 contiki-srf06-cc26xx.a(uip-ds6.o)
                0x00007ba4                uip_ds6_maddr_add
 .text.uip_ds6_addr_add
                0x00007bf4       0xa8 contiki-srf06-cc26xx.a(uip-ds6.o)
                0x00007bf4                uip_ds6_addr_add
 .text.uip_ds6_maddr_lookup
                0x00007c9c       0x30 contiki-srf06-cc26xx.a(uip-ds6.o)
                0x00007c9c                uip_ds6_maddr_lookup
 .text.uip_ds6_addr_rm
                0x00007ccc       0x48 contiki-srf06-cc26xx.a(uip-ds6.o)
                0x00007ccc                uip_ds6_addr_rm
 .text.uip_ds6_periodic
                0x00007d14       0x60 contiki-srf06-cc26xx.a(uip-ds6.o)
                0x00007d14                uip_ds6_periodic
 .text.uip_ds6_select_src
                0x00007d74       0xf4 contiki-srf06-cc26xx.a(uip-ds6.o)
                0x00007d74                uip_ds6_select_src
 .text.uip_ds6_set_addr_iid
                0x00007e68       0x14 contiki-srf06-cc26xx.a(uip-ds6.o)
                0x00007e68                uip_ds6_set_addr_iid
 .text.uip_ds6_compute_reachable_time
                0x00007e7c       0x28 contiki-srf06-cc26xx.a(uip-ds6.o)
                0x00007e7c                uip_ds6_compute_reachable_time
 .text.uip_ds6_init
                0x00007ea4       0xf8 contiki-srf06-cc26xx.a(uip-ds6.o)
                0x00007ea4                uip_ds6_init
 .text.uip_ds6_nbr_rm
                0x00007f9c       0x20 contiki-srf06-cc26xx.a(uip-ds6-nbr.o)
                0x00007f9c                uip_ds6_nbr_rm
 .text.uip_ds6_neighbors_init
                0x00007fbc       0x14 contiki-srf06-cc26xx.a(uip-ds6-nbr.o)
                0x00007fbc                uip_ds6_neighbors_init
 .text.uip_ds6_nbr_add
                0x00007fd0       0x54 contiki-srf06-cc26xx.a(uip-ds6-nbr.o)
                0x00007fd0                uip_ds6_nbr_add
 .text.uip_ds6_nbr_get_ll
                0x00008024       0x10 contiki-srf06-cc26xx.a(uip-ds6-nbr.o)
                0x00008024                uip_ds6_nbr_get_ll
 .text.uip_ds6_nbr_lookup
                0x00008034       0x3c contiki-srf06-cc26xx.a(uip-ds6-nbr.o)
                0x00008034                uip_ds6_nbr_lookup
 .text.uip_ds6_nbr_ipaddr_from_lladdr
                0x00008070       0x10 contiki-srf06-cc26xx.a(uip-ds6-nbr.o)
                0x00008070                uip_ds6_nbr_ipaddr_from_lladdr
 .text.uip_ds6_nbr_lladdr_from_ipaddr
                0x00008080       0x1c contiki-srf06-cc26xx.a(uip-ds6-nbr.o)
                0x00008080                uip_ds6_nbr_lladdr_from_ipaddr
 .text.uip_ds6_link_neighbor_callback
                0x0000809c       0x2c contiki-srf06-cc26xx.a(uip-ds6-nbr.o)
                0x0000809c                uip_ds6_link_neighbor_callback
 .text.uip_ds6_neighbor_periodic
                0x000080c8      0x12c contiki-srf06-cc26xx.a(uip-ds6-nbr.o)
                0x000080c8                uip_ds6_neighbor_periodic
 .text.call_route_callback
                0x000081f4       0x50 contiki-srf06-cc26xx.a(uip-ds6-route.o)
 .text.uip_ds6_route_init
                0x00008244       0x4c contiki-srf06-cc26xx.a(uip-ds6-route.o)
                0x00008244                uip_ds6_route_init
 .text.uip_ds6_route_nexthop
                0x00008290       0x1c contiki-srf06-cc26xx.a(uip-ds6-route.o)
                0x00008290                uip_ds6_route_nexthop
 .text.uip_ds6_route_head
                0x000082ac        0xc contiki-srf06-cc26xx.a(uip-ds6-route.o)
                0x000082ac                uip_ds6_route_head
 .text.uip_ds6_route_next
                0x000082b8        0x8 contiki-srf06-cc26xx.a(uip-ds6-route.o)
                0x000082b8                uip_ds6_route_next
 .text.uip_ds6_route_lookup
                0x000082c0       0x78 contiki-srf06-cc26xx.a(uip-ds6-route.o)
                0x000082c0                uip_ds6_route_lookup
 .text.uip_ds6_route_rm
                0x00008338       0xac contiki-srf06-cc26xx.a(uip-ds6-route.o)
                0x00008338                uip_ds6_route_rm
 .text.rm_routelist
                0x000083e4       0x38 contiki-srf06-cc26xx.a(uip-ds6-route.o)
 .text.rm_routelist_callback
                0x0000841c        0x4 contiki-srf06-cc26xx.a(uip-ds6-route.o)
 .text.uip_ds6_route_add
                0x00008420      0x134 contiki-srf06-cc26xx.a(uip-ds6-route.o)
                0x00008420                uip_ds6_route_add
 .text.uip_ds6_defrt_rm
                0x00008554       0x48 contiki-srf06-cc26xx.a(uip-ds6-route.o)
                0x00008554                uip_ds6_defrt_rm
 .text.uip_ds6_defrt_lookup
                0x0000859c       0x34 contiki-srf06-cc26xx.a(uip-ds6-route.o)
                0x0000859c                uip_ds6_defrt_lookup
 .text.uip_ds6_defrt_add
                0x000085d0       0x5c contiki-srf06-cc26xx.a(uip-ds6-route.o)
                0x000085d0                uip_ds6_defrt_add
 .text.uip_ds6_defrt_choose
                0x0000862c       0x34 contiki-srf06-cc26xx.a(uip-ds6-route.o)
                0x0000862c                uip_ds6_defrt_choose
 .text.uip_ds6_defrt_periodic
                0x00008660       0x3c contiki-srf06-cc26xx.a(uip-ds6-route.o)
                0x00008660                uip_ds6_defrt_periodic
 .text.echo_reply_input
                0x0000869c      0x110 contiki-srf06-cc26xx.a(uip-icmp6.o)
 .text.echo_request_input
                0x000087ac      0x118 contiki-srf06-cc26xx.a(uip-icmp6.o)
 .text.uip_icmp6_input
                0x000088c4       0x3c contiki-srf06-cc26xx.a(uip-icmp6.o)
                0x000088c4                uip_icmp6_input
 .text.uip_icmp6_register_input_handler
                0x00008900        0xc contiki-srf06-cc26xx.a(uip-icmp6.o)
                0x00008900                uip_icmp6_register_input_handler
 .text.uip_icmp6_error_output
                0x0000890c      0x158 contiki-srf06-cc26xx.a(uip-icmp6.o)
                0x0000890c                uip_icmp6_error_output
 .text.uip_icmp6_send
                0x00008a64       0x84 contiki-srf06-cc26xx.a(uip-icmp6.o)
                0x00008a64                uip_icmp6_send
 .text.uip_icmp6_init
                0x00008ae8       0x24 contiki-srf06-cc26xx.a(uip-icmp6.o)
                0x00008ae8                uip_icmp6_init
 .text.na_input
                0x00008b0c      0x1f4 contiki-srf06-cc26xx.a(uip-nd6.o)
 .text.ns_input
                0x00008d00      0x2b0 contiki-srf06-cc26xx.a(uip-nd6.o)
 .text.uip_nd6_ns_output
                0x00008fb0      0x174 contiki-srf06-cc26xx.a(uip-nd6.o)
                0x00008fb0                uip_nd6_ns_output
 .text.uip_nd6_init
                0x00009124       0x1c contiki-srf06-cc26xx.a(uip-nd6.o)
                0x00009124                uip_nd6_init
 .text.dns_name_isequal
                0x00009140       0xac contiki-srf06-cc26xx.a(resolv.o)
 .text.encode_name
                0x000091ec       0x58 contiki-srf06-cc26xx.a(resolv.o)
 .text.mdns_write_announce_records
                0x00009244       0xa0 contiki-srf06-cc26xx.a(resolv.o)
 .text.mdns_prep_host_announce_packet
                0x000092e4       0xa0 contiki-srf06-cc26xx.a(resolv.o)
 .text.remove_trailing_dots
                0x00009384       0x4c contiki-srf06-cc26xx.a(resolv.o)
 .text.resolv_found
                0x000093d0       0xf8 contiki-srf06-cc26xx.a(resolv.o)
 .text.resolv_set_hostname
                0x000094c8       0x68 contiki-srf06-cc26xx.a(resolv.o)
                0x000094c8                resolv_set_hostname
 .text.process_thread_resolv_process
                0x00009530      0x8ec contiki-srf06-cc26xx.a(resolv.o)
 .text.resolv_query
                0x00009e1c      0x1a4 contiki-srf06-cc26xx.a(resolv.o)
                0x00009e1c                resolv_query
 .text.process_thread_mdns_probe_process
                0x00009fc0       0xac contiki-srf06-cc26xx.a(resolv.o)
 .text.resolv_lookup
                0x0000a06c       0x90 contiki-srf06-cc26xx.a(resolv.o)
                0x0000a06c                resolv_lookup
 .text.start_periodic_tcp_timer
                0x0000a0fc       0x1c contiki-srf06-cc26xx.a(tcpip.o)
 .text.tcpip_set_outputfunc
                0x0000a118        0xc contiki-srf06-cc26xx.a(tcpip.o)
                0x0000a118                tcpip_set_outputfunc
 .text.udp_new  0x0000a124       0x18 contiki-srf06-cc26xx.a(tcpip.o)
                0x0000a124                udp_new
 .text.tcpip_icmp6_call
                0x0000a13c       0x28 contiki-srf06-cc26xx.a(tcpip.o)
                0x0000a13c                tcpip_icmp6_call
 .text.tcpip_input
                0x0000a164       0x24 contiki-srf06-cc26xx.a(tcpip.o)
                0x0000a164                tcpip_input
 .text.tcpip_ipv6_output
                0x0000a188      0x144 contiki-srf06-cc26xx.a(tcpip.o)
                0x0000a188                tcpip_ipv6_output
 .text.process_thread_tcpip_process
                0x0000a2cc      0x208 contiki-srf06-cc26xx.a(tcpip.o)
 .text.tcpip_poll_udp
                0x0000a4d4       0x10 contiki-srf06-cc26xx.a(tcpip.o)
                0x0000a4d4                tcpip_poll_udp
 .text.tcpip_uipcall
                0x0000a4e4       0x90 contiki-srf06-cc26xx.a(tcpip.o)
                0x0000a4e4                tcpip_uipcall
 .text.uip_debug_ipaddr_print
                0x0000a574       0xb0 contiki-srf06-cc26xx.a(uip-debug.o)
                0x0000a574                uip_debug_ipaddr_print
 .text.uiplib_ip6addrconv
                0x0000a624       0xd8 contiki-srf06-cc26xx.a(uiplib.o)
                0x0000a624                uiplib_ip6addrconv
 .text.uip_nameserver_get
                0x0000a6fc       0x10 contiki-srf06-cc26xx.a(uip-nameserver.)
                0x0000a6fc                uip_nameserver_get
 .text.uip_udp_packet_send
                0x0000a70c       0x44 contiki-srf06-cc26xx.a(uip-udp-packet.)
                0x0000a70c                uip_udp_packet_send
 .text.uip_udp_packet_sendto
                0x0000a750       0x48 contiki-srf06-cc26xx.a(uip-udp-packet.)
                0x0000a750                uip_udp_packet_sendto
 .text.rpl_get_mode
                0x0000a798        0xc contiki-srf06-cc26xx.a(rpl.o)
                0x0000a798                rpl_get_mode
 .text.rpl_purge_routes
                0x0000a7a4       0x7c contiki-srf06-cc26xx.a(rpl.o)
                0x0000a7a4                rpl_purge_routes
 .text.rpl_remove_routes
                0x0000a820       0x24 contiki-srf06-cc26xx.a(rpl.o)
                0x0000a820                rpl_remove_routes
 .text.rpl_remove_routes_by_nexthop
                0x0000a844       0x40 contiki-srf06-cc26xx.a(rpl.o)
                0x0000a844                rpl_remove_routes_by_nexthop
 .text.rpl_add_route
                0x0000a884       0x2c contiki-srf06-cc26xx.a(rpl.o)
                0x0000a884                rpl_add_route
 .text.rpl_link_neighbor_callback
                0x0000a8b0       0x78 contiki-srf06-cc26xx.a(rpl.o)
                0x0000a8b0                rpl_link_neighbor_callback
 .text.rpl_ipv6_neighbor_callback
                0x0000a928       0x30 contiki-srf06-cc26xx.a(rpl.o)
                0x0000a928                rpl_ipv6_neighbor_callback
 .text.rpl_purge_dags
                0x0000a958       0x40 contiki-srf06-cc26xx.a(rpl.o)
                0x0000a958                rpl_purge_dags
 .text.rpl_init
                0x0000a998       0x58 contiki-srf06-cc26xx.a(rpl.o)
                0x0000a998                rpl_init
 .text.lollipop_greater_than
                0x0000a9f0       0x3c contiki-srf06-cc26xx.a(rpl-dag.o)
 .text.rpl_set_preferred_parent
                0x0000aa2c       0x2c contiki-srf06-cc26xx.a(rpl-dag.o)
 .text.set_ip_from_prefix
                0x0000aa58       0x2c contiki-srf06-cc26xx.a(rpl-dag.o)
 .text.check_prefix
                0x0000aa84       0x78 contiki-srf06-cc26xx.a(rpl-dag.o)
 .text.find_parent_any_dag_any_instance
                0x0000aafc       0x1c contiki-srf06-cc26xx.a(rpl-dag.o)
 .text.rpl_get_nbr
                0x0000ab18       0x28 contiki-srf06-cc26xx.a(rpl-dag.o)
                0x0000ab18                rpl_get_nbr
 .text.rpl_dag_init
                0x0000ab40       0x14 contiki-srf06-cc26xx.a(rpl-dag.o)
                0x0000ab40                rpl_dag_init
 .text.rpl_get_parent
                0x0000ab54       0x10 contiki-srf06-cc26xx.a(rpl-dag.o)
                0x0000ab54                rpl_get_parent
 .text.rpl_get_parent_ipaddr
                0x0000ab64       0x18 contiki-srf06-cc26xx.a(rpl-dag.o)
                0x0000ab64                rpl_get_parent_ipaddr
 .text.rpl_repair_root
                0x0000ab7c       0x5c contiki-srf06-cc26xx.a(rpl-dag.o)
                0x0000ab7c                rpl_repair_root
 .text.rpl_set_prefix
                0x0000abd8       0x98 contiki-srf06-cc26xx.a(rpl-dag.o)
                0x0000abd8                rpl_set_prefix
 .text.rpl_set_default_route
                0x0000ac70       0x3c contiki-srf06-cc26xx.a(rpl-dag.o)
                0x0000ac70                rpl_set_default_route
 .text.rpl_alloc_instance
                0x0000acac       0x34 contiki-srf06-cc26xx.a(rpl-dag.o)
                0x0000acac                rpl_alloc_instance
 .text.rpl_alloc_dag
                0x0000ace0       0x5c contiki-srf06-cc26xx.a(rpl-dag.o)
                0x0000ace0                rpl_alloc_dag
 .text.rpl_add_parent
                0x0000ad3c       0x44 contiki-srf06-cc26xx.a(rpl-dag.o)
                0x0000ad3c                rpl_add_parent
 .text.rpl_find_parent
                0x0000ad80       0x18 contiki-srf06-cc26xx.a(rpl-dag.o)
                0x0000ad80                rpl_find_parent
 .text.rpl_find_parent_any_dag
                0x0000ad98       0x20 contiki-srf06-cc26xx.a(rpl-dag.o)
                0x0000ad98                rpl_find_parent_any_dag
 .text.rpl_select_parent
                0x0000adb8       0x84 contiki-srf06-cc26xx.a(rpl-dag.o)
                0x0000adb8                rpl_select_parent
 .text.rpl_select_dag
                0x0000ae3c      0x17c contiki-srf06-cc26xx.a(rpl-dag.o)
                0x0000ae3c                rpl_select_dag
 .text.rpl_nullify_parent
                0x0000afb8       0x4c contiki-srf06-cc26xx.a(rpl-dag.o)
                0x0000afb8                rpl_nullify_parent
 .text.rpl_remove_parent
                0x0000b004       0x1c contiki-srf06-cc26xx.a(rpl-dag.o)
                0x0000b004                rpl_remove_parent
 .text.nbr_callback
                0x0000b020        0x4 contiki-srf06-cc26xx.a(rpl-dag.o)
 .text.remove_parents.constprop.5
                0x0000b024       0x44 contiki-srf06-cc26xx.a(rpl-dag.o)
 .text.rpl_free_dag
                0x0000b068       0x38 contiki-srf06-cc26xx.a(rpl-dag.o)
                0x0000b068                rpl_free_dag
 .text.rpl_move_parent
                0x0000b0a0       0x4c contiki-srf06-cc26xx.a(rpl-dag.o)
                0x0000b0a0                rpl_move_parent
 .text.rpl_get_any_dag
                0x0000b0ec       0x18 contiki-srf06-cc26xx.a(rpl-dag.o)
                0x0000b0ec                rpl_get_any_dag
 .text.rpl_get_instance
                0x0000b104       0x20 contiki-srf06-cc26xx.a(rpl-dag.o)
                0x0000b104                rpl_get_instance
 .text.rpl_join_instance
                0x0000b124      0x144 contiki-srf06-cc26xx.a(rpl-dag.o)
                0x0000b124                rpl_join_instance
 .text.rpl_local_repair
                0x0000b268       0x68 contiki-srf06-cc26xx.a(rpl-dag.o)
                0x0000b268                rpl_local_repair
 .text.rpl_process_parent_event
                0x0000b2d0       0x60 contiki-srf06-cc26xx.a(rpl-dag.o)
                0x0000b2d0                rpl_process_parent_event
 .text.rpl_add_dag
                0x0000b330      0x150 contiki-srf06-cc26xx.a(rpl-dag.o)
                0x0000b330                rpl_add_dag
 .text.rpl_recalculate_ranks
                0x0000b480       0x50 contiki-srf06-cc26xx.a(rpl-dag.o)
                0x0000b480                rpl_recalculate_ranks
 .text.rpl_process_dio
                0x0000b4d0      0x318 contiki-srf06-cc26xx.a(rpl-dag.o)
                0x0000b4d0                rpl_process_dio
 .text.rpl_verify_header
                0x0000b7e8      0x104 contiki-srf06-cc26xx.a(rpl-ext-header.)
                0x0000b7e8                rpl_verify_header
 .text.rpl_update_header_empty
                0x0000b8ec      0x12c contiki-srf06-cc26xx.a(rpl-ext-header.)
                0x0000b8ec                rpl_update_header_empty
 .text.rpl_update_header_final
                0x0000ba18       0x88 contiki-srf06-cc26xx.a(rpl-ext-header.)
                0x0000ba18                rpl_update_header_final
 .text.rpl_invert_header
                0x0000baa0       0x68 contiki-srf06-cc26xx.a(rpl-ext-header.)
                0x0000baa0                rpl_invert_header
 .text.rpl_insert_header
                0x0000bb08       0x1c contiki-srf06-cc26xx.a(rpl-ext-header.)
                0x0000bb08                rpl_insert_header
 .text.get32    0x0000bb24       0x20 contiki-srf06-cc26xx.a(rpl-icmp6.o)
 .text.dao_ack_input
                0x0000bb44       0x14 contiki-srf06-cc26xx.a(rpl-icmp6.o)
 .text.dio_input
                0x0000bb58      0x2b8 contiki-srf06-cc26xx.a(rpl-icmp6.o)
 .text.dis_output
                0x0000be10       0x58 contiki-srf06-cc26xx.a(rpl-icmp6.o)
                0x0000be10                dis_output
 .text.dio_output
                0x0000be68      0x2dc contiki-srf06-cc26xx.a(rpl-icmp6.o)
                0x0000be68                dio_output
 .text.dis_input
                0x0000c144       0x40 contiki-srf06-cc26xx.a(rpl-icmp6.o)
 .text.dao_output_target
                0x0000c184      0x104 contiki-srf06-cc26xx.a(rpl-icmp6.o)
                0x0000c184                dao_output_target
 .text.dao_output
                0x0000c288       0x58 contiki-srf06-cc26xx.a(rpl-icmp6.o)
                0x0000c288                dao_output
 .text.dao_ack_output
                0x0000c2e0       0x30 contiki-srf06-cc26xx.a(rpl-icmp6.o)
                0x0000c2e0                dao_ack_output
 .text.dao_input
                0x0000c310      0x218 contiki-srf06-cc26xx.a(rpl-icmp6.o)
 .text.rpl_icmp6_register_handlers
                0x0000c528       0x30 contiki-srf06-cc26xx.a(rpl-icmp6.o)
                0x0000c528                rpl_icmp6_register_handlers
 .text.reset    0x0000c558        0x4 contiki-srf06-cc26xx.a(rpl-mrhof.o)
 .text.update_metric_container
                0x0000c55c        0x8 contiki-srf06-cc26xx.a(rpl-mrhof.o)
 .text.calculate_rank
                0x0000c564       0x44 contiki-srf06-cc26xx.a(rpl-mrhof.o)
 .text.neighbor_link_callback
                0x0000c5a8       0x54 contiki-srf06-cc26xx.a(rpl-mrhof.o)
 .text.best_dag
                0x0000c5fc       0x2c contiki-srf06-cc26xx.a(rpl-mrhof.o)
 .text.best_parent
                0x0000c628       0x60 contiki-srf06-cc26xx.a(rpl-mrhof.o)
 .text.new_dio_interval
                0x0000c688       0x60 contiki-srf06-cc26xx.a(rpl-timers.o)
 .text.handle_periodic_timer
                0x0000c6e8       0x3c contiki-srf06-cc26xx.a(rpl-timers.o)
 .text.set_dao_lifetime_timer
                0x0000c724       0x3c contiki-srf06-cc26xx.a(rpl-timers.o)
 .text.handle_unicast_dio_timer
                0x0000c760       0x1c contiki-srf06-cc26xx.a(rpl-timers.o)
 .text.handle_dio_timer
                0x0000c77c       0x8c contiki-srf06-cc26xx.a(rpl-timers.o)
 .text.schedule_dao
                0x0000c808       0x54 contiki-srf06-cc26xx.a(rpl-timers.o)
 .text.handle_dao_timer
                0x0000c85c       0x5c contiki-srf06-cc26xx.a(rpl-timers.o)
 .text.rpl_reset_periodic_timer
                0x0000c8b8       0x3c contiki-srf06-cc26xx.a(rpl-timers.o)
                0x0000c8b8                rpl_reset_periodic_timer
 .text.rpl_reset_dio_timer
                0x0000c8f4       0x1c contiki-srf06-cc26xx.a(rpl-timers.o)
                0x0000c8f4                rpl_reset_dio_timer
 .text.rpl_schedule_dao
                0x0000c910        0x8 contiki-srf06-cc26xx.a(rpl-timers.o)
                0x0000c910                rpl_schedule_dao
 .text.rpl_schedule_unicast_dio_immediately
                0x0000c918       0x14 contiki-srf06-cc26xx.a(rpl-timers.o)
                0x0000c918                rpl_schedule_unicast_dio_immediately
 .text.rpl_schedule_probing
                0x0000c92c       0x38 contiki-srf06-cc26xx.a(rpl-timers.o)
                0x0000c92c                rpl_schedule_probing
 .text.handle_probing_timer
                0x0000c964       0xdc contiki-srf06-cc26xx.a(rpl-timers.o)
 .text.NOROM_AONRTCCurrentCompareValueGet
                0x0000ca40       0x24 contiki-srf06-cc26xx.a(aon_rtc.o)
                0x0000ca40                NOROM_AONRTCCurrentCompareValueGet
 .text.NOROM_CPUcpsid
                0x0000ca64        0x8 contiki-srf06-cc26xx.a(cpu.o)
                0x0000ca64                NOROM_CPUcpsid
 .text.NOROM_CPUcpsie
                0x0000ca6c        0x8 contiki-srf06-cc26xx.a(cpu.o)
                0x0000ca6c                NOROM_CPUcpsie
 .text.NOROM_CPUdelay
                0x0000ca74        0x8 contiki-srf06-cc26xx.a(cpu.o)
                0x0000ca74                NOROM_CPUdelay
 .text.NOROM_DDI16BitfieldWrite
                0x0000ca7c       0x4c contiki-srf06-cc26xx.a(ddi.o)
                0x0000ca7c                NOROM_DDI16BitfieldWrite
 .text.NOROM_DDI16BitfieldRead
                0x0000cac8       0x48 contiki-srf06-cc26xx.a(ddi.o)
                0x0000cac8                NOROM_DDI16BitfieldRead
 .text.NOROM_OSCClockSourceSet
                0x0000cb10       0x50 contiki-srf06-cc26xx.a(osc.o)
                0x0000cb10                NOROM_OSCClockSourceSet
 .text.NOROM_OSCClockSourceGet
                0x0000cb60       0x24 contiki-srf06-cc26xx.a(osc.o)
                0x0000cb60                NOROM_OSCClockSourceGet
 .text.NOROM_OSCInterfaceEnable
                0x0000cb84       0x34 contiki-srf06-cc26xx.a(osc.o)
                0x0000cb84                NOROM_OSCInterfaceEnable
 .text.NOROM_PowerCtrlSourceSet
                0x0000cbb8       0x30 contiki-srf06-cc26xx.a(pwr_ctrl.o)
                0x0000cbb8                NOROM_PowerCtrlSourceSet
 .text.HapiTrimDeviceShutDown
                0x0000cbe8      0x4f4 contiki-srf06-cc26xx.a(setup.o)
 .text.trimDevice
                0x0000d0dc       0xfc contiki-srf06-cc26xx.a(setup.o)
                0x0000d0dc                trimDevice
 .text.SysCtrlSetRechargeBeforePowerDown
                0x0000d1d8      0x1e8 contiki-srf06-cc26xx.a(sys_ctrl.o)
                0x0000d1d8                SysCtrlSetRechargeBeforePowerDown
 .text.SysCtrlAdjustRechargeAfterPowerDown
                0x0000d3c0       0x64 contiki-srf06-cc26xx.a(sys_ctrl.o)
                0x0000d3c0                SysCtrlAdjustRechargeAfterPowerDown
 .text.SysCtrl_DCDC_VoltageConditionalControl
                0x0000d424       0x78 contiki-srf06-cc26xx.a(sys_ctrl.o)
                0x0000d424                SysCtrl_DCDC_VoltageConditionalControl
 .text.linkaddr_copy
                0x0000d49c        0xc contiki-srf06-cc26xx.a(linkaddr.o)
                0x0000d49c                linkaddr_copy
 .text.linkaddr_cmp
                0x0000d4a8       0x10 contiki-srf06-cc26xx.a(linkaddr.o)
                0x0000d4a8                linkaddr_cmp
 .text.nbr_set_bit
                0x0000d4b8       0x4c contiki-srf06-cc26xx.a(nbr-table.o)
 .text.index_from_lladdr
                0x0000d504       0x50 contiki-srf06-cc26xx.a(nbr-table.o)
 .text.nbr_get_bit.constprop.0
                0x0000d554       0x2c contiki-srf06-cc26xx.a(nbr-table.o)
 .text.nbr_table_register
                0x0000d580       0x2c contiki-srf06-cc26xx.a(nbr-table.o)
                0x0000d580                nbr_table_register
 .text.nbr_table_next
                0x0000d5ac       0x70 contiki-srf06-cc26xx.a(nbr-table.o)
                0x0000d5ac                nbr_table_next
 .text.nbr_table_head
                0x0000d61c       0x58 contiki-srf06-cc26xx.a(nbr-table.o)
                0x0000d61c                nbr_table_head
 .text.nbr_table_add_lladdr
                0x0000d674      0x190 contiki-srf06-cc26xx.a(nbr-table.o)
                0x0000d674                nbr_table_add_lladdr
 .text.nbr_table_get_from_lladdr
                0x0000d804       0x34 contiki-srf06-cc26xx.a(nbr-table.o)
                0x0000d804                nbr_table_get_from_lladdr
 .text.nbr_table_remove
                0x0000d838       0x2c contiki-srf06-cc26xx.a(nbr-table.o)
                0x0000d838                nbr_table_remove
 .text.nbr_table_lock
                0x0000d864       0x14 contiki-srf06-cc26xx.a(nbr-table.o)
                0x0000d864                nbr_table_lock
 .text.nbr_table_unlock
                0x0000d878       0x14 contiki-srf06-cc26xx.a(nbr-table.o)
                0x0000d878                nbr_table_unlock
 .text.nbr_table_get_lladdr
                0x0000d88c       0x30 contiki-srf06-cc26xx.a(nbr-table.o)
                0x0000d88c                nbr_table_get_lladdr
 .text.netstack_init
                0x0000d8bc       0x38 contiki-srf06-cc26xx.a(netstack.o)
                0x0000d8bc                netstack_init
 .text.packetbuf_copyto
                0x0000d8f4       0x50 contiki-srf06-cc26xx.a(packetbuf.o)
                0x0000d8f4                packetbuf_copyto
 .text.packetbuf_hdralloc
                0x0000d944       0x48 contiki-srf06-cc26xx.a(packetbuf.o)
                0x0000d944                packetbuf_hdralloc
 .text.packetbuf_hdrreduce
                0x0000d98c       0x2c contiki-srf06-cc26xx.a(packetbuf.o)
                0x0000d98c                packetbuf_hdrreduce
 .text.packetbuf_set_datalen
                0x0000d9b8        0xc contiki-srf06-cc26xx.a(packetbuf.o)
                0x0000d9b8                packetbuf_set_datalen
 .text.packetbuf_dataptr
                0x0000d9c4       0x14 contiki-srf06-cc26xx.a(packetbuf.o)
                0x0000d9c4                packetbuf_dataptr
 .text.packetbuf_hdrptr
                0x0000d9d8       0x14 contiki-srf06-cc26xx.a(packetbuf.o)
                0x0000d9d8                packetbuf_hdrptr
 .text.packetbuf_datalen
                0x0000d9ec        0xc contiki-srf06-cc26xx.a(packetbuf.o)
                0x0000d9ec                packetbuf_datalen
 .text.packetbuf_totlen
                0x0000d9f8       0x28 contiki-srf06-cc26xx.a(packetbuf.o)
                0x0000d9f8                packetbuf_totlen
 .text.packetbuf_attr_clear
                0x0000da20       0x38 contiki-srf06-cc26xx.a(packetbuf.o)
                0x0000da20                packetbuf_attr_clear
 .text.packetbuf_clear
                0x0000da58       0x34 contiki-srf06-cc26xx.a(packetbuf.o)
                0x0000da58                packetbuf_clear
 .text.packetbuf_copyfrom
                0x0000da8c       0x2c contiki-srf06-cc26xx.a(packetbuf.o)
                0x0000da8c                packetbuf_copyfrom
 .text.packetbuf_attr_copyto
                0x0000dab8       0x44 contiki-srf06-cc26xx.a(packetbuf.o)
                0x0000dab8                packetbuf_attr_copyto
 .text.packetbuf_attr_copyfrom
                0x0000dafc       0x44 contiki-srf06-cc26xx.a(packetbuf.o)
                0x0000dafc                packetbuf_attr_copyfrom
 .text.packetbuf_set_attr
                0x0000db40       0x10 contiki-srf06-cc26xx.a(packetbuf.o)
                0x0000db40                packetbuf_set_attr
 .text.packetbuf_attr
                0x0000db50        0xc contiki-srf06-cc26xx.a(packetbuf.o)
                0x0000db50                packetbuf_attr
 .text.packetbuf_set_addr
                0x0000db5c       0x18 contiki-srf06-cc26xx.a(packetbuf.o)
                0x0000db5c                packetbuf_set_addr
 .text.packetbuf_addr
                0x0000db74       0x10 contiki-srf06-cc26xx.a(packetbuf.o)
                0x0000db74                packetbuf_addr
 .text.packetbuf_holds_broadcast
                0x0000db84       0x10 contiki-srf06-cc26xx.a(packetbuf.o)
                0x0000db84                packetbuf_holds_broadcast
 .text.queuebuf_init
                0x0000db94       0x1c contiki-srf06-cc26xx.a(queuebuf.o)
                0x0000db94                queuebuf_init
 .text.queuebuf_numfree
                0x0000dbb0        0xc contiki-srf06-cc26xx.a(queuebuf.o)
                0x0000dbb0                queuebuf_numfree
 .text.queuebuf_new_from_packetbuf
                0x0000dbbc       0x48 contiki-srf06-cc26xx.a(queuebuf.o)
                0x0000dbbc                queuebuf_new_from_packetbuf
 .text.queuebuf_update_attr_from_packetbuf
                0x0000dc04        0xc contiki-srf06-cc26xx.a(queuebuf.o)
                0x0000dc04                queuebuf_update_attr_from_packetbuf
 .text.queuebuf_update_from_packetbuf
                0x0000dc10       0x1c contiki-srf06-cc26xx.a(queuebuf.o)
                0x0000dc10                queuebuf_update_from_packetbuf
 .text.queuebuf_free
                0x0000dc2c       0x2c contiki-srf06-cc26xx.a(queuebuf.o)
                0x0000dc2c                queuebuf_free
 .text.queuebuf_to_packetbuf
                0x0000dc58       0x30 contiki-srf06-cc26xx.a(queuebuf.o)
                0x0000dc58                queuebuf_to_packetbuf
 .text.queuebuf_attr
                0x0000dc88        0xc contiki-srf06-cc26xx.a(queuebuf.o)
                0x0000dc88                queuebuf_attr
 .text.input_packet
                0x0000dc94        0xc contiki-srf06-cc26xx.a(csma.o)
 .text.on       0x0000dca0        0xc contiki-srf06-cc26xx.a(csma.o)
 .text.off      0x0000dcac        0xc contiki-srf06-cc26xx.a(csma.o)
 .text.channel_check_interval
                0x0000dcb8       0x10 contiki-srf06-cc26xx.a(csma.o)
 .text.transmit_packet_list
                0x0000dcc8       0x34 contiki-srf06-cc26xx.a(csma.o)
 .text.free_packet
                0x0000dcfc       0x98 contiki-srf06-cc26xx.a(csma.o)
 .text.packet_sent
                0x0000dd94      0x100 contiki-srf06-cc26xx.a(csma.o)
 .text.send_packet
                0x0000de94      0x164 contiki-srf06-cc26xx.a(csma.o)
 .text.init     0x0000dff8       0x24 contiki-srf06-cc26xx.a(csma.o)
 .text.parse    0x0000e01c       0xa0 contiki-srf06-cc26xx.a(framer-802154.o)
 .text.create_frame.isra.0
                0x0000e0bc      0x13c contiki-srf06-cc26xx.a(framer-802154.o)
 .text.create   0x0000e1f8        0x8 contiki-srf06-cc26xx.a(framer-802154.o)
 .text.hdr_length
                0x0000e200        0x8 contiki-srf06-cc26xx.a(framer-802154.o)
 .text.mac_call_sent_callback
                0x0000e208       0x10 contiki-srf06-cc26xx.a(mac.o)
                0x0000e208                mac_call_sent_callback
 .text.duty_cycle
                0x0000e218        0x4 contiki-srf06-cc26xx.a(contikimac.o)
 .text.init     0x0000e21c       0x40 contiki-srf06-cc26xx.a(contikimac.o)
 .text.on       0x0000e25c       0x2c contiki-srf06-cc26xx.a(contikimac.o)
 .text.off      0x0000e288       0x38 contiki-srf06-cc26xx.a(contikimac.o)
 .text.recv_burst_off
                0x0000e2c0       0x14 contiki-srf06-cc26xx.a(contikimac.o)
 .text.powercycle_turn_radio_off.part.2
                0x0000e2d4       0x10 contiki-srf06-cc26xx.a(contikimac.o)
 .text.turn_off
                0x0000e2e4       0x48 contiki-srf06-cc26xx.a(contikimac.o)
 .text.turn_on  0x0000e32c       0x40 contiki-srf06-cc26xx.a(contikimac.o)
 .text.schedule_powercycle_fixed.part.5
                0x0000e36c       0x2c contiki-srf06-cc26xx.a(contikimac.o)
 .text.input_packet
                0x0000e398       0xac contiki-srf06-cc26xx.a(contikimac.o)
 .text.send_packet.isra.8
                0x0000e444      0x228 contiki-srf06-cc26xx.a(contikimac.o)
 .text.qsend_list
                0x0000e66c       0xe0 contiki-srf06-cc26xx.a(contikimac.o)
 .text.qsend_packet
                0x0000e74c       0x24 contiki-srf06-cc26xx.a(contikimac.o)
 .text.powercycle_wrapper
                0x0000e770      0x234 contiki-srf06-cc26xx.a(contikimac.o)
 .text.init     0x0000e9a4        0x4 contiki-srf06-cc26xx.a(nullsec.o)
 .text.input    0x0000e9a8        0xc contiki-srf06-cc26xx.a(nullsec.o)
 .text.send     0x0000e9b4       0x20 contiki-srf06-cc26xx.a(nullsec.o)
 .text.sensor_common_read_reg
                0x0000e9d4       0x1c contiki-srf06-cc26xx.a(sensor-common.o)
                0x0000e9d4                sensor_common_read_reg
 .text.sensor_common_write_reg
                0x0000e9f0       0x38 contiki-srf06-cc26xx.a(sensor-common.o)
                0x0000e9f0                sensor_common_write_reg
 .text.sensor_common_set_error_data
                0x0000ea28       0x10 contiki-srf06-cc26xx.a(sensor-common.o)
                0x0000ea28                sensor_common_set_error_data
 .text.verify_part
                0x0000ea38       0x6c contiki-srf06-cc26xx.a(ext-flash.o)
 .text.wait_ready
                0x0000eaa4       0x64 contiki-srf06-cc26xx.a(ext-flash.o)
 .text.power_down
                0x0000eb08       0x50 contiki-srf06-cc26xx.a(ext-flash.o)
 .text.ext_flash_open
                0x0000eb58       0x60 contiki-srf06-cc26xx.a(ext-flash.o)
                0x0000eb58                ext_flash_open
 .text.ext_flash_init
                0x0000ebb8       0x14 contiki-srf06-cc26xx.a(ext-flash.o)
                0x0000ebb8                ext_flash_init
 .text.buzzer_init
                0x0000ebcc        0xc contiki-srf06-cc26xx.a(buzzer.o)
                0x0000ebcc                buzzer_init
 .text.buzzer_stop
                0x0000ebd8       0x74 contiki-srf06-cc26xx.a(buzzer.o)
                0x0000ebd8                buzzer_stop
 .text.accessible
                0x0000ec4c       0x24 contiki-srf06-cc26xx.a(board-spi.o)
 .text.board_spi_write
                0x0000ec70       0x3c contiki-srf06-cc26xx.a(board-spi.o)
                0x0000ec70                board_spi_write
 .text.board_spi_read
                0x0000ecac       0x48 contiki-srf06-cc26xx.a(board-spi.o)
                0x0000ecac                board_spi_read
 .text.board_spi_flush
                0x0000ecf4       0x24 contiki-srf06-cc26xx.a(board-spi.o)
                0x0000ecf4                board_spi_flush
 .text.board_spi_open
                0x0000ed18       0xc0 contiki-srf06-cc26xx.a(board-spi.o)
                0x0000ed18                board_spi_open
 .text.board_spi_close
                0x0000edd8       0x70 contiki-srf06-cc26xx.a(board-spi.o)
                0x0000edd8                board_spi_close
 .text.process_thread_rf_core_process
                0x0000ee48       0x58 contiki-srf06-cc26xx.a(rf-core.o)
 .text.rf_core_is_accessible
                0x0000eea0       0x10 contiki-srf06-cc26xx.a(rf-core.o)
                0x0000eea0                rf_core_is_accessible
 .text.rf_core_send_cmd
                0x0000eeb0       0xa4 contiki-srf06-cc26xx.a(rf-core.o)
                0x0000eeb0                rf_core_send_cmd
 .text.rf_core_wait_cmd_done
                0x0000ef54       0x30 contiki-srf06-cc26xx.a(rf-core.o)
                0x0000ef54                rf_core_wait_cmd_done
 .text.rf_core_power_up
                0x0000ef84       0xb4 contiki-srf06-cc26xx.a(rf-core.o)
                0x0000ef84                rf_core_power_up
 .text.rf_core_power_down
                0x0000f038       0xe8 contiki-srf06-cc26xx.a(rf-core.o)
                0x0000f038                rf_core_power_down
 .text.rf_core_set_modesel
                0x0000f120       0x68 contiki-srf06-cc26xx.a(rf-core.o)
                0x0000f120                rf_core_set_modesel
 .text.rf_core_boot
                0x0000f188       0x30 contiki-srf06-cc26xx.a(rf-core.o)
                0x0000f188                rf_core_boot
 .text.rf_core_setup_interrupts
                0x0000f1b8       0x6c contiki-srf06-cc26xx.a(rf-core.o)
                0x0000f1b8                rf_core_setup_interrupts
 .text.rf_core_cmd_done_en
                0x0000f224       0x28 contiki-srf06-cc26xx.a(rf-core.o)
                0x0000f224                rf_core_cmd_done_en
 .text.rf_core_cmd_done_dis
                0x0000f24c       0x10 contiki-srf06-cc26xx.a(rf-core.o)
                0x0000f24c                rf_core_cmd_done_dis
 .text.rf_core_get_last_radio_op
                0x0000f25c        0xc contiki-srf06-cc26xx.a(rf-core.o)
                0x0000f25c                rf_core_get_last_radio_op
 .text.rf_core_init_radio_op
                0x0000f268       0x20 contiki-srf06-cc26xx.a(rf-core.o)
                0x0000f268                rf_core_init_radio_op
 .text.rf_core_primary_mode_register
                0x0000f288        0xc contiki-srf06-cc26xx.a(rf-core.o)
                0x0000f288                rf_core_primary_mode_register
 .text.RFCCPE1IntHandler
                0x0000f294       0x28 contiki-srf06-cc26xx.a(rf-core.o)
                0x0000f294                RFCCPE1IntHandler
 .text.RFCCPE0IntHandler
                0x0000f2bc       0x5c contiki-srf06-cc26xx.a(rf-core.o)
                0x0000f2bc                RFCCPE0IntHandler
 .text.rf_ble_is_active
                0x0000f318        0xc contiki-srf06-cc26xx.a(rf-ble.o)
                0x0000f318                rf_ble_is_active
 .text.stimer_set
                0x0000f324       0x10 contiki-srf06-cc26xx.a(stimer.o)
                0x0000f324                stimer_set
 .text.stimer_expired
                0x0000f334       0x20 contiki-srf06-cc26xx.a(stimer.o)
                0x0000f334                stimer_expired
 .text.memb_init
                0x0000f354       0x24 contiki-srf06-cc26xx.a(memb.o)
                0x0000f354                memb_init
 .text.memb_alloc
                0x0000f378       0x3c contiki-srf06-cc26xx.a(memb.o)
                0x0000f378                memb_alloc
 .text.memb_free
                0x0000f3b4       0x44 contiki-srf06-cc26xx.a(memb.o)
                0x0000f3b4                memb_free
 .text.memb_inmemb
                0x0000f3f8       0x1c contiki-srf06-cc26xx.a(memb.o)
                0x0000f3f8                memb_inmemb
 .text.memb_numfree
                0x0000f414       0x1c contiki-srf06-cc26xx.a(memb.o)
                0x0000f414                memb_numfree
 .text.AONBatMonTemperatureGetDegC
                0x0000f430       0x30 contiki-srf06-cc26xx.a(aon_batmon.o)
                0x0000f430                AONBatMonTemperatureGetDegC
 .text.ChipInfo_GetSupportedProtocol_BV
                0x0000f460       0x10 contiki-srf06-cc26xx.a(chipinfo.o)
                0x0000f460                ChipInfo_GetSupportedProtocol_BV
 .text.ChipInfo_GetChipFamily
                0x0000f470       0x38 contiki-srf06-cc26xx.a(chipinfo.o)
                0x0000f470                ChipInfo_GetChipFamily
 .text.ChipInfo_GetHwRevision
                0x0000f4a8       0x98 contiki-srf06-cc26xx.a(chipinfo.o)
                0x0000f4a8                ChipInfo_GetHwRevision
 .text.ThisCodeIsBuiltForCC26xxHwRev22AndLater_HaltIfViolated
                0x0000f540       0x2c contiki-srf06-cc26xx.a(chipinfo.o)
                0x0000f540                ThisCodeIsBuiltForCC26xxHwRev22AndLater_HaltIfViolated
 .text.frame802154_get_pan_id
                0x0000f56c        0xc contiki-srf06-cc26xx.a(frame802154.o)
                0x0000f56c                frame802154_get_pan_id
 .text.frame802154_has_panid
                0x0000f578       0x54 contiki-srf06-cc26xx.a(frame802154.o)
                0x0000f578                frame802154_has_panid
 .text.field_len
                0x0000f5cc       0x9c contiki-srf06-cc26xx.a(frame802154.o)
 .text.frame802154_is_broadcast_addr
                0x0000f668       0x20 contiki-srf06-cc26xx.a(frame802154.o)
                0x0000f668                frame802154_is_broadcast_addr
 .text.frame802154_hdrlen
                0x0000f688       0x34 contiki-srf06-cc26xx.a(frame802154.o)
                0x0000f688                frame802154_hdrlen
 .text.frame802154_create
                0x0000f6bc      0x10c contiki-srf06-cc26xx.a(frame802154.o)
                0x0000f6bc                frame802154_create
 .text.frame802154_parse
                0x0000f7c8      0x17c contiki-srf06-cc26xx.a(frame802154.o)
                0x0000f7c8                frame802154_parse
 .text.mac_sequence_is_duplicate
                0x0000f944       0x3c contiki-srf06-cc26xx.a(mac-sequence.o)
                0x0000f944                mac_sequence_is_duplicate
 .text.mac_sequence_register_seqno
                0x0000f980       0x70 contiki-srf06-cc26xx.a(mac-sequence.o)
                0x0000f980                mac_sequence_register_seqno
 .text.exp2     0x0000f9f0       0x10 /usr/bin/../lib/gcc/arm-none-eabi/4.9.3/../../../../arm-none-eabi/lib/armv7-m/libm.a(lib_a-w_exp2.o)
                0x0000f9f0                exp2
 .text.pow      0x0000fa00      0x2f0 /usr/bin/../lib/gcc/arm-none-eabi/4.9.3/../../../../arm-none-eabi/lib/armv7-m/libm.a(lib_a-w_pow.o)
                0x0000fa00                pow
 .text.__ieee754_sqrt
                0x0000fcf0      0x18c /usr/bin/../lib/gcc/arm-none-eabi/4.9.3/../../../../arm-none-eabi/lib/armv7-m/libm.a(lib_a-e_sqrt.o)
                0x0000fcf0                __ieee754_sqrt
 .text.fabs     0x0000fe7c        0x8 /usr/bin/../lib/gcc/arm-none-eabi/4.9.3/../../../../arm-none-eabi/lib/armv7-m/libm.a(lib_a-s_fabs.o)
                0x0000fe7c                fabs
 .text.finite   0x0000fe84        0xc /usr/bin/../lib/gcc/arm-none-eabi/4.9.3/../../../../arm-none-eabi/lib/armv7-m/libm.a(lib_a-s_finite.o)
                0x0000fe84                finite
 .text.__fpclassifyd
                0x0000fe90       0x58 /usr/bin/../lib/gcc/arm-none-eabi/4.9.3/../../../../arm-none-eabi/lib/armv7-m/libm.a(lib_a-s_fpclassify.o)
                0x0000fe90                __fpclassifyd
 .text.matherr  0x0000fee8        0x4 /usr/bin/../lib/gcc/arm-none-eabi/4.9.3/../../../../arm-none-eabi/lib/armv7-m/libm.a(lib_a-s_matherr.o)
                0x0000fee8                matherr
 .text.nan      0x0000feec        0xc /usr/bin/../lib/gcc/arm-none-eabi/4.9.3/../../../../arm-none-eabi/lib/armv7-m/libm.a(lib_a-s_nan.o)
                0x0000feec                nan
 .text.rint     0x0000fef8      0x11c /usr/bin/../lib/gcc/arm-none-eabi/4.9.3/../../../../arm-none-eabi/lib/armv7-m/libm.a(lib_a-s_rint.o)
                0x0000fef8                rint
 .text.copysign
                0x00010014       0x10 /usr/bin/../lib/gcc/arm-none-eabi/4.9.3/../../../../arm-none-eabi/lib/armv7-m/libm.a(lib_a-s_copysign.o)
                0x00010014                copysign
 .text          0x00010024      0x370 /usr/bin/../lib/gcc/arm-none-eabi/4.9.3/armv7-m/libgcc.a(_arm_addsubdf3.o)
                0x00010024                __aeabi_drsub
                0x0001002c                __aeabi_dsub
                0x0001002c                __subdf3
                0x00010030                __adddf3
                0x00010030                __aeabi_dadd
                0x000102a8                __aeabi_ui2d
                0x000102a8                __floatunsidf
                0x000102c8                __floatsidf
                0x000102c8                __aeabi_i2d
                0x000102ec                __extendsfdf2
                0x000102ec                __aeabi_f2d
                0x00010328                __aeabi_ul2d
                0x00010328                __floatundidf
                0x00010338                __floatdidf
                0x00010338                __aeabi_l2d
 .text          0x00010394      0x424 /usr/bin/../lib/gcc/arm-none-eabi/4.9.3/armv7-m/libgcc.a(_arm_muldivdf3.o)
                0x00010394                __aeabi_dmul
                0x00010394                __muldf3
                0x000105e8                __aeabi_ddiv
                0x000105e8                __divdf3
 .text          0x000107b8      0x110 /usr/bin/../lib/gcc/arm-none-eabi/4.9.3/armv7-m/libgcc.a(_arm_cmpdf2.o)
                0x000107b8                __gtdf2
                0x000107b8                __gedf2
                0x000107c0                __ltdf2
                0x000107c0                __ledf2
                0x000107c8                __cmpdf2
                0x000107c8                __eqdf2
                0x000107c8                __nedf2
                0x00010844                __aeabi_cdrcmple
                0x00010854                __aeabi_cdcmple
                0x00010854                __aeabi_cdcmpeq
                0x00010864                __aeabi_dcmpeq
                0x00010878                __aeabi_dcmplt
                0x0001088c                __aeabi_dcmple
                0x000108a0                __aeabi_dcmpge
                0x000108b4                __aeabi_dcmpgt
 .text          0x000108c8       0xa0 /usr/bin/../lib/gcc/arm-none-eabi/4.9.3/armv7-m/libgcc.a(_arm_truncdfsf2.o)
                0x000108c8                __aeabi_d2f
                0x000108c8                __truncdfsf2
 .text          0x00010968      0x21c /usr/bin/../lib/gcc/arm-none-eabi/4.9.3/armv7-m/libgcc.a(_arm_addsubsf3.o)
                0x00010968                __aeabi_frsub
                0x00010970                __subsf3
                0x00010970                __aeabi_fsub
                0x00010974                __aeabi_fadd
                0x00010974                __addsf3
                0x00010ad4                __aeabi_ui2f
                0x00010ad4                __floatunsisf
                0x00010adc                __aeabi_i2f
                0x00010adc                __floatsisf
                0x00010af8                __floatundisf
                0x00010af8                __aeabi_ul2f
                0x00010b08                __floatdisf
                0x00010b08                __aeabi_l2f
 .text          0x00010b84      0x2a0 /usr/bin/../lib/gcc/arm-none-eabi/4.9.3/armv7-m/libgcc.a(_arm_muldivsf3.o)
                0x00010b84                __mulsf3
                0x00010b84                __aeabi_fmul
                0x00010cec                __divsf3
                0x00010cec                __aeabi_fdiv
 .text          0x00010e24       0x4c /usr/bin/../lib/gcc/arm-none-eabi/4.9.3/armv7-m/libgcc.a(_arm_fixsfsi.o)
                0x00010e24                __fixsfsi
                0x00010e24                __aeabi_f2iz
 .text          0x00010e70       0x30 /usr/bin/../lib/gcc/arm-none-eabi/4.9.3/armv7-m/libgcc.a(_aeabi_uldivmod.o)
                0x00010e70                __aeabi_uldivmod
 .text          0x00010ea0       0x60 /usr/bin/../lib/gcc/arm-none-eabi/4.9.3/armv7-m/libgcc.a(bpabi.o)
                0x00010ea0                __gnu_ldivmod_helper
                0x00010ed0                __gnu_uldivmod_helper
 .text          0x00010f00        0x4 /usr/bin/../lib/gcc/arm-none-eabi/4.9.3/armv7-m/libgcc.a(_dvmd_tls.o)
                0x00010f00                __aeabi_ldiv0
                0x00010f00                __aeabi_idiv0
 .text          0x00010f04      0x2ac /usr/bin/../lib/gcc/arm-none-eabi/4.9.3/armv7-m/libgcc.a(_divdi3.o)
                0x00010f04                __divdi3
 .text          0x000111b0      0x270 /usr/bin/../lib/gcc/arm-none-eabi/4.9.3/armv7-m/libgcc.a(_udivdi3.o)
                0x000111b0                __udivdi3
 .text.__errno  0x00011420        0xc /usr/bin/../lib/gcc/arm-none-eabi/4.9.3/../../../../arm-none-eabi/lib/armv7-m/libc.a(lib_a-errno.o)
                0x00011420                __errno
 .text.memcmp   0x0001142c       0x64 /usr/bin/../lib/gcc/arm-none-eabi/4.9.3/../../../../arm-none-eabi/lib/armv7-m/libc.a(lib_a-memcmp.o)
                0x0001142c                memcmp
 .text          0x00011490       0xec /usr/bin/../lib/gcc/arm-none-eabi/4.9.3/../../../../arm-none-eabi/lib/armv7-m/libc.a(lib_a-memcpy.o)
                0x00011490                memcpy
 .text.memmove  0x0001157c       0xc8 /usr/bin/../lib/gcc/arm-none-eabi/4.9.3/../../../../arm-none-eabi/lib/armv7-m/libc.a(lib_a-memmove.o)
                0x0001157c                memmove
 .text.memset   0x00011644       0x9c /usr/bin/../lib/gcc/arm-none-eabi/4.9.3/../../../../arm-none-eabi/lib/armv7-m/libc.a(lib_a-memset.o)
                0x00011644                memset
 .text.srand    0x000116e0       0x14 /usr/bin/../lib/gcc/arm-none-eabi/4.9.3/../../../../arm-none-eabi/lib/armv7-m/libc.a(lib_a-rand.o)
                0x000116e0                srand
 .text.rand     0x000116f4       0x40 /usr/bin/../lib/gcc/arm-none-eabi/4.9.3/../../../../arm-none-eabi/lib/armv7-m/libc.a(lib_a-rand.o)
                0x000116f4                rand
 .text.strcasecmp
                0x00011734       0x40 /usr/bin/../lib/gcc/arm-none-eabi/4.9.3/../../../../arm-none-eabi/lib/armv7-m/libc.a(lib_a-strcasecmp.o)
                0x00011734                strcasecmp
 .text          0x00011774      0x1bc /usr/bin/../lib/gcc/arm-none-eabi/4.9.3/../../../../arm-none-eabi/lib/armv7-m/libc.a(lib_a-strcmp.o)
                0x00011774                strcmp
 .text.strlen   0x00011930       0x5c /usr/bin/../lib/gcc/arm-none-eabi/4.9.3/../../../../arm-none-eabi/lib/armv7-m/libc.a(lib_a-strlen.o)
                0x00011930                strlen
 .text.strncasecmp
                0x0001198c       0x54 /usr/bin/../lib/gcc/arm-none-eabi/4.9.3/../../../../arm-none-eabi/lib/armv7-m/libc.a(lib_a-strncasecmp.o)
                0x0001198c                strncasecmp
 .text.strncat  0x000119e0       0x5c /usr/bin/../lib/gcc/arm-none-eabi/4.9.3/../../../../arm-none-eabi/lib/armv7-m/libc.a(lib_a-strncat.o)
                0x000119e0                strncat
 .text.strncpy  0x00011a3c       0x68 /usr/bin/../lib/gcc/arm-none-eabi/4.9.3/../../../../arm-none-eabi/lib/armv7-m/libc.a(lib_a-strncpy.o)
                0x00011a3c                strncpy
 *(SORT(.rodata*))
 *fill*         0x00011aa4        0x4 00000000
 .rodata.dp_h   0x00011aa8       0x10 /usr/bin/../lib/gcc/arm-none-eabi/4.9.3/../../../../arm-none-eabi/lib/armv7-m/libm.a(lib_a-e_pow.o)
 .rodata.dp_l   0x00011ab8       0x10 /usr/bin/../lib/gcc/arm-none-eabi/4.9.3/../../../../arm-none-eabi/lib/armv7-m/libm.a(lib_a-e_pow.o)
 .rodata.bp     0x00011ac8       0x10 /usr/bin/../lib/gcc/arm-none-eabi/4.9.3/../../../../arm-none-eabi/lib/armv7-m/libm.a(lib_a-e_pow.o)
 .rodata.TWO52  0x00011ad8       0x10 /usr/bin/../lib/gcc/arm-none-eabi/4.9.3/../../../../arm-none-eabi/lib/armv7-m/libm.a(lib_a-s_rint.o)
 .rodata.autostart_processes
                0x00011ae8        0xc udp-client.co
                0x00011ae8                autostart_processes
 .rodata.str1.4
                0x00011af4      0x1b3 udp-client.co
                                0x1b7 (size before relaxing)
 *fill*         0x00011ca7        0x1 00000000
 .rodata.str1.4
                0x00011ca8       0xa1 contiki-srf06-cc26xx.a(contiki-main.o)
 *fill*         0x00011d49        0x3 00000000
 .rodata.str1.4
                0x00011d4c        0x8 contiki-srf06-cc26xx.a(sensors.o)
 .rodata.str1.4
                0x00011d54        0x7 contiki-srf06-cc26xx.a(bmp-280-sensor.)
 *fill*         0x00011d5b        0x1 00000000
 .rodata.bmp_280_sensor
                0x00011d5c       0x10 contiki-srf06-cc26xx.a(bmp-280-sensor.)
                0x00011d5c                bmp_280_sensor
 .rodata.tmp_007_sensor
                0x00011d6c       0x10 contiki-srf06-cc26xx.a(tmp-007-sensor.)
                0x00011d6c                tmp_007_sensor
 .rodata.str1.4
                0x00011d7c        0x7 contiki-srf06-cc26xx.a(tmp-007-sensor.)
 *fill*         0x00011d83        0x1 00000000
 .rodata.str1.4
                0x00011d84        0x8 contiki-srf06-cc26xx.a(opt-3001-sensor)
 .rodata.opt_3001_sensor
                0x00011d8c       0x10 contiki-srf06-cc26xx.a(opt-3001-sensor)
                0x00011d8c                opt_3001_sensor
 .rodata.hdc_1000_sensor
                0x00011d9c       0x10 contiki-srf06-cc26xx.a(hdc-1000-sensor)
                0x00011d9c                hdc_1000_sensor
 .rodata.str1.4
                0x00011dac        0x8 contiki-srf06-cc26xx.a(hdc-1000-sensor)
 .rodata.mpu_9250_sensor
                0x00011db4       0x10 contiki-srf06-cc26xx.a(mpu-9250-sensor)
                0x00011db4                mpu_9250_sensor
 .rodata.str1.4
                0x00011dc4        0x8 contiki-srf06-cc26xx.a(mpu-9250-sensor)
 .rodata.str1.4
                0x00011dcc        0x7 contiki-srf06-cc26xx.a(button-sensor.o)
 *fill*         0x00011dd3        0x1 00000000
 .rodata.button_left_sensor
                0x00011dd4       0x10 contiki-srf06-cc26xx.a(button-sensor.o)
                0x00011dd4                button_left_sensor
 .rodata.button_right_sensor
                0x00011de4       0x10 contiki-srf06-cc26xx.a(button-sensor.o)
                0x00011de4                button_right_sensor
 .rodata.str1.4
                0x00011df4        0x5 contiki-srf06-cc26xx.a(reed-relay.o)
 *fill*         0x00011df9        0x3 00000000
 .rodata.reed_relay_sensor
                0x00011dfc       0x10 contiki-srf06-cc26xx.a(reed-relay.o)
                0x00011dfc                reed_relay_sensor
 .rodata.output_power
                0x00011e0c       0x68 contiki-srf06-cc26xx.a(ieee-mode.o)
 .rodata.ieee_mode_driver
                0x00011e74       0x38 contiki-srf06-cc26xx.a(ieee-mode.o)
                0x00011e74                ieee_mode_driver
 .rodata.mode_ieee
                0x00011eac        0x8 contiki-srf06-cc26xx.a(ieee-mode.o)
 .rodata.str1.4
                0x00011eb4       0x42 contiki-srf06-cc26xx.a(strformat.o)
                                 0x46 (size before relaxing)
 *fill*         0x00011ef6        0x2 00000000
 .rodata.buffer.4019
                0x00011ef8       0x10 contiki-srf06-cc26xx.a(strformat.o)
 .rodata.buffer.4028
                0x00011f08       0x10 contiki-srf06-cc26xx.a(strformat.o)
 .rodata.str1.4
                0x00011f18        0xf contiki-srf06-cc26xx.a(ctimer.o)
 *fill*         0x00011f27        0x1 00000000
 .rodata.str1.4
                0x00011f28        0xc contiki-srf06-cc26xx.a(etimer.o)
 .rodata.str1.4
                0x00011f34        0xe contiki-srf06-cc26xx.a(serial-line.o)
 *fill*         0x00011f42        0x2 00000000
 .rodata        0x00011f44        0x2 contiki-srf06-cc26xx.a(sicslowpan.o)
 *fill*         0x00011f46        0x2 00000000
 .rodata.ttl_values
                0x00011f48        0x4 contiki-srf06-cc26xx.a(sicslowpan.o)
 .rodata.unc_llconf
                0x00011f4c        0x4 contiki-srf06-cc26xx.a(sicslowpan.o)
                0x00011f4c                unc_llconf
 .rodata.llprefix
                0x00011f50        0x2 contiki-srf06-cc26xx.a(sicslowpan.o)
                0x00011f50                llprefix
 *fill*         0x00011f52        0x2 00000000
 .rodata.sicslowpan_driver
                0x00011f54        0xc contiki-srf06-cc26xx.a(sicslowpan.o)
                0x00011f54                sicslowpan_driver
 .rodata.unc_mxconf
                0x00011f60        0x4 contiki-srf06-cc26xx.a(sicslowpan.o)
                0x00011f60                unc_mxconf
 .rodata.unc_ctxconf
                0x00011f64        0x4 contiki-srf06-cc26xx.a(sicslowpan.o)
                0x00011f64                unc_ctxconf
 .rodata.str1.4
                0x00011f68        0xb contiki-srf06-cc26xx.a(sicslowpan.o)
 *fill*         0x00011f73        0x1 00000000
 .rodata.local_suffix.6564
                0x00011f74        0x6 contiki-srf06-cc26xx.a(resolv.o)
 *fill*         0x00011f7a        0x2 00000000
 .rodata.resolv_mdns_addr
                0x00011f7c       0x10 contiki-srf06-cc26xx.a(resolv.o)
 .rodata.nsec_record.6463
                0x00011f8c       0x12 contiki-srf06-cc26xx.a(resolv.o)
 *fill*         0x00011f9e        0x2 00000000
 .rodata.str1.4
                0x00011fa0       0x29 contiki-srf06-cc26xx.a(resolv.o)
 *fill*         0x00011fc9        0x3 00000000
 .rodata.str1.4
                0x00011fcc        0xd contiki-srf06-cc26xx.a(tcpip.o)
 *fill*         0x00011fd9        0x3 00000000
 .rodata.str1.4
                0x00011fdc       0x41 contiki-srf06-cc26xx.a(uip-debug.o)
 *fill*         0x0001201d        0x3 00000000
 .rodata.linkaddr_null
                0x00012020        0x8 contiki-srf06-cc26xx.a(linkaddr.o)
                0x00012020                linkaddr_null
 .rodata.str1.4
                0x00012028        0x5 contiki-srf06-cc26xx.a(csma.o)
 *fill*         0x0001202d        0x3 00000000
 .rodata.csma_driver
                0x00012030       0x1c contiki-srf06-cc26xx.a(csma.o)
                0x00012030                csma_driver
 .rodata.framer_802154
                0x0001204c        0xc contiki-srf06-cc26xx.a(framer-802154.o)
                0x0001204c                framer_802154
 .rodata.str1.4
                0x00012058        0xb contiki-srf06-cc26xx.a(contikimac.o)
 *fill*         0x00012063        0x1 00000000
 .rodata.contikimac_driver
                0x00012064       0x20 contiki-srf06-cc26xx.a(contikimac.o)
                0x00012064                contikimac_driver
 .rodata.str1.4
                0x00012084        0x8 contiki-srf06-cc26xx.a(nullsec.o)
 .rodata.nullsec_driver
                0x0001208c       0x10 contiki-srf06-cc26xx.a(nullsec.o)
                0x0001208c                nullsec_driver
 .rodata        0x0001209c        0x4 contiki-srf06-cc26xx.a(ext-flash.o)
 .rodata.str1.4
                0x000120a0       0x46 contiki-srf06-cc26xx.a(rf-core.o)
 *fill*         0x000120e6        0x2 00000000
 .rodata.str1.4
                0x000120e8        0x4 /usr/bin/../lib/gcc/arm-none-eabi/4.9.3/../../../../arm-none-eabi/lib/armv7-m/libm.a(lib_a-w_pow.o)
 .rodata.str1.4
                0x00000000        0x4 /usr/bin/../lib/gcc/arm-none-eabi/4.9.3/../../../../arm-none-eabi/lib/armv7-m/libm.a(lib_a-e_pow.o)
                                  0x1 (size before relaxing)
 .rodata._ctype_
                0x000120ec      0x101 /usr/bin/../lib/gcc/arm-none-eabi/4.9.3/../../../../arm-none-eabi/lib/armv7-m/libc.a(lib_a-ctype_.o)
                0x000120ec                _ctype_
 *fill*         0x000121ed        0x3 00000000
 .rodata.str1.4
                0x000121f0        0x4 /usr/bin/../lib/gcc/arm-none-eabi/4.9.3/../../../../arm-none-eabi/lib/armv7-m/libc.a(lib_a-impure.o)
                                  0x2 (size before relaxing)
                0x000121f4                _etext = .

.glue_7         0x000121f4        0x0
 .glue_7        0x00000000        0x0 linker stubs

.glue_7t        0x000121f4        0x0
 .glue_7t       0x00000000        0x0 linker stubs

.vfp11_veneer   0x000121f4        0x0
 .vfp11_veneer  0x00000000        0x0 linker stubs

.v4_bx          0x000121f4        0x0
 .v4_bx         0x00000000        0x0 linker stubs

.iplt           0x000121f4        0x0
 .iplt          0x00000000        0x0 obj_srf06-cc26xx/startup_gcc.o

.data           0x20000000      0x696 load address 0x000121f4
                0x20000000                _data = .
 *(SORT(vtable))
 *(SORT(.data*))
 .data.impure_data
                0x20000000      0x428 /usr/bin/../lib/gcc/arm-none-eabi/4.9.3/../../../../arm-none-eabi/lib/armv7-m/libc.a(lib_a-impure.o)
 .data.udp_client_process
                0x20000428       0x10 udp-client.co
                0x20000428                udp_client_process
 .data.sensors_process
                0x20000438       0x10 contiki-srf06-cc26xx.a(sensors.o)
                0x20000438                sensors_process
 .data.sensors  0x20000448       0x24 contiki-srf06-cc26xx.a(sensortag-senso)
                0x20000448                sensors
 .data.sensortag_module
                0x2000046c       0x14 contiki-srf06-cc26xx.a(board.o)
 .data.uart_module
                0x20000480       0x14 contiki-srf06-cc26xx.a(cc26xx-uart.o)
 .data.cc26xx_rf_lpm_module
                0x20000494       0x14 contiki-srf06-cc26xx.a(ieee-mode.o)
 .data.tx_power_current
                0x200004a8        0x4 contiki-srf06-cc26xx.a(ieee-mode.o)
                0x200004a8                tx_power_current
 .data.ieee_overrides
                0x200004ac       0x2c contiki-srf06-cc26xx.a(ieee-mode.o)
 .data.ctxt     0x200004d8        0x8 contiki-srf06-cc26xx.a(dbg-printf.o)
 .data.ctimer_process
                0x200004e0       0x10 contiki-srf06-cc26xx.a(ctimer.o)
                0x200004e0                ctimer_process
 .data.etimer_process
                0x200004f0       0x10 contiki-srf06-cc26xx.a(etimer.o)
                0x200004f0                etimer_process
 .data.serial_line_process
                0x20000500       0x10 contiki-srf06-cc26xx.a(serial-line.o)
                0x20000500                serial_line_process
 .data.ds6_neighbors
                0x20000510        0x4 contiki-srf06-cc26xx.a(uip-ds6-nbr.o)
                0x20000510                ds6_neighbors
 .data.ds6_neighbors_struct
                0x20000514       0x10 contiki-srf06-cc26xx.a(uip-ds6-nbr.o)
 .data.defaultroutermemb
                0x20000524        0xc contiki-srf06-cc26xx.a(uip-ds6-route.o)
 .data.nbr_routes_struct
                0x20000530       0x10 contiki-srf06-cc26xx.a(uip-ds6-route.o)
 .data.nbr_routes
                0x20000540        0x4 contiki-srf06-cc26xx.a(uip-ds6-route.o)
                0x20000540                nbr_routes
 .data.routememb
                0x20000544        0xc contiki-srf06-cc26xx.a(uip-ds6-route.o)
 .data.neighborroutememb
                0x20000550        0xc contiki-srf06-cc26xx.a(uip-ds6-route.o)
 .data.echo_request_handler
                0x2000055c        0xc contiki-srf06-cc26xx.a(uip-icmp6.o)
 .data.echo_reply_handler
                0x20000568        0xc contiki-srf06-cc26xx.a(uip-icmp6.o)
 .data.ns_input_handler
                0x20000574        0xc contiki-srf06-cc26xx.a(uip-nd6.o)
 .data.na_input_handler
                0x20000580        0xc contiki-srf06-cc26xx.a(uip-nd6.o)
 .data.mdns_probe_process
                0x2000058c       0x10 contiki-srf06-cc26xx.a(resolv.o)
                0x2000058c                mdns_probe_process
 .data.resolv_process
                0x2000059c       0x10 contiki-srf06-cc26xx.a(resolv.o)
                0x2000059c                resolv_process
 .data.tcpip_process
                0x200005ac       0x10 contiki-srf06-cc26xx.a(tcpip.o)
                0x200005ac                tcpip_process
 .data.rpl_parents
                0x200005bc        0x4 contiki-srf06-cc26xx.a(rpl-dag.o)
                0x200005bc                rpl_parents
 .data.rpl_parents_struct
                0x200005c0       0x10 contiki-srf06-cc26xx.a(rpl-dag.o)
 .data.dao_ack_handler
                0x200005d0        0xc contiki-srf06-cc26xx.a(rpl-icmp6.o)
 .data.dis_handler
                0x200005dc        0xc contiki-srf06-cc26xx.a(rpl-icmp6.o)
 .data.dao_handler
                0x200005e8        0xc contiki-srf06-cc26xx.a(rpl-icmp6.o)
 .data.dio_handler
                0x200005f4        0xc contiki-srf06-cc26xx.a(rpl-icmp6.o)
 .data.rpl_mrhof
                0x20000600       0x1c contiki-srf06-cc26xx.a(rpl-mrhof.o)
                0x20000600                rpl_mrhof
 .data.neighbor_addr_mem
                0x2000061c        0xc contiki-srf06-cc26xx.a(nbr-table.o)
 .data.bufmem   0x20000628        0xc contiki-srf06-cc26xx.a(queuebuf.o)
 .data.buframmem
                0x20000634        0xc contiki-srf06-cc26xx.a(queuebuf.o)
 .data.metadata_memb
                0x20000640        0xc contiki-srf06-cc26xx.a(csma.o)
 .data.neighbor_memb