Archive member included because of file (symbol)

contiki-srf06-cc26xx.a(contiki-main.o)
                              obj_srf06-cc26xx/startup_gcc.o (main)
contiki-srf06-cc26xx.a(sensors.o)
                              border-router.co (sensors_event)
contiki-srf06-cc26xx.a(leds.o)
                              contiki-srf06-cc26xx.a(contiki-main.o) (leds_init)
contiki-srf06-cc26xx.a(leds-arch.o)
                              contiki-srf06-cc26xx.a(leds.o) (leds_arch_init)
contiki-srf06-cc26xx.a(sensortag-senso)
                              contiki-srf06-cc26xx.a(sensors.o) (sensors_flags)
contiki-srf06-cc26xx.a(bmp-280-sensor.)
                              contiki-srf06-cc26xx.a(sensortag-senso) (bmp_280_sensor)
contiki-srf06-cc26xx.a(tmp-007-sensor.)
                              contiki-srf06-cc26xx.a(sensortag-senso) (tmp_007_sensor)
contiki-srf06-cc26xx.a(opt-3001-sensor)
                              contiki-srf06-cc26xx.a(sensortag-senso) (opt_3001_sensor)
contiki-srf06-cc26xx.a(hdc-1000-sensor)
                              contiki-srf06-cc26xx.a(sensortag-senso) (hdc_1000_sensor)
contiki-srf06-cc26xx.a(mpu-9250-sensor)
                              contiki-srf06-cc26xx.a(sensortag-senso) (mpu_9250_sensor)
contiki-srf06-cc26xx.a(button-sensor.o)
                              contiki-srf06-cc26xx.a(sensortag-senso) (button_right_sensor)
contiki-srf06-cc26xx.a(reed-relay.o)
                              contiki-srf06-cc26xx.a(sensortag-senso) (reed_relay_sensor)
contiki-srf06-cc26xx.a(board.o)
                              contiki-srf06-cc26xx.a(contiki-main.o) (board_init)
contiki-srf06-cc26xx.a(board-i2c.o)
                              contiki-srf06-cc26xx.a(board.o) (board_i2c_wakeup)
contiki-srf06-cc26xx.a(clock.o)
                              contiki-srf06-cc26xx.a(contiki-main.o) (clock_init)
contiki-srf06-cc26xx.a(rtimer-arch.o)
                              contiki-srf06-cc26xx.a(mpu-9250-sensor) (rtimer_arch_now)
contiki-srf06-cc26xx.a(soc-rtc.o)
                              contiki-srf06-cc26xx.a(contiki-main.o) (soc_rtc_init)
contiki-srf06-cc26xx.a(contiki-watchdo)
                              contiki-srf06-cc26xx.a(contiki-main.o) (watchdog_init)
contiki-srf06-cc26xx.a(putchar.o)
                              border-router.co (putchar)
contiki-srf06-cc26xx.a(ieee-addr.o)
                              contiki-srf06-cc26xx.a(contiki-main.o) (ieee_addr_cpy_to)
contiki-srf06-cc26xx.a(slip-arch.o)
                              obj_srf06-cc26xx/slip-bridge.o (slip_arch_init)
contiki-srf06-cc26xx.a(slip.o)
                              obj_srf06-cc26xx/slip-bridge.o (slip_set_input_callback)
contiki-srf06-cc26xx.a(cc26xx-uart.o)
                              contiki-srf06-cc26xx.a(contiki-main.o) (cc26xx_uart_init)
contiki-srf06-cc26xx.a(lpm.o)
                              contiki-srf06-cc26xx.a(button-sensor.o) (lpm_shutdown)
contiki-srf06-cc26xx.a(gpio-interrupt.)
                              contiki-srf06-cc26xx.a(button-sensor.o) (gpio_interrupt_register_handler)
contiki-srf06-cc26xx.a(oscillators.o)
                              contiki-srf06-cc26xx.a(contiki-main.o) (oscillators_select_lf_xosc)
contiki-srf06-cc26xx.a(ieee-mode.o)
                              contiki-srf06-cc26xx.a(contiki-main.o) (ieee_mode_driver)
contiki-srf06-cc26xx.a(dbg-printf.o)
                              obj_srf06-cc26xx/slip-bridge.o (printf)
contiki-srf06-cc26xx.a(dbg-snprintf.o)
                              border-router.co (snprintf)
contiki-srf06-cc26xx.a(strformat.o)
                              contiki-srf06-cc26xx.a(dbg-printf.o) (format_str_v)
contiki-srf06-cc26xx.a(autostart.o)
                              contiki-srf06-cc26xx.a(contiki-main.o) (autostart_start)
contiki-srf06-cc26xx.a(ctimer.o)
                              contiki-srf06-cc26xx.a(contiki-main.o) (ctimer_init)
contiki-srf06-cc26xx.a(energest.o)
                              contiki-srf06-cc26xx.a(contiki-main.o) (energest_init)
contiki-srf06-cc26xx.a(etimer.o)
                              contiki-srf06-cc26xx.a(clock.o) (etimer_request_poll)
contiki-srf06-cc26xx.a(process.o)
                              contiki-srf06-cc26xx.a(sensors.o) (process_alloc_event)
contiki-srf06-cc26xx.a(rtimer.o)
                              contiki-srf06-cc26xx.a(contiki-main.o) (rtimer_init)
contiki-srf06-cc26xx.a(timer.o)
                              obj_srf06-cc26xx/httpd-simple.o (timer_set)
contiki-srf06-cc26xx.a(serial-line.o)
                              contiki-srf06-cc26xx.a(contiki-main.o) (serial_line_init)
contiki-srf06-cc26xx.a(list.o)
                              contiki-srf06-cc26xx.a(lpm.o) (list_init)
contiki-srf06-cc26xx.a(memb.o)
                              obj_srf06-cc26xx/httpd-simple.o (memb_init)
contiki-srf06-cc26xx.a(random.o)
                              contiki-srf06-cc26xx.a(contiki-main.o) (random_init)
contiki-srf06-cc26xx.a(ringbuf.o)
[...]
Memory Configuration

Name             Origin             Length             Attributes
FLASH            0x00000000         0x0001ffa8         xr
FLASH_CCFG       0x0001ffa8         0x00000058         xr
SRAM             0x20000000         0x00005000         xrw
GPRAM            0x11000000         0x00002000         xrw
*default*        0x00000000         0xffffffff

Linker script and memory map

LOAD obj_srf06-cc26xx/fault-handlers.o
LOAD obj_srf06-cc26xx/ccfg.o
LOAD obj_srf06-cc26xx/startup_gcc.o
LOAD border-router.co
LOAD obj_srf06-cc26xx/slip-bridge.o
LOAD obj_srf06-cc26xx/httpd-simple.o
LOAD contiki-srf06-cc26xx.a
LOAD /usr/bin/../lib/gcc/arm-none-eabi/4.9.3/../../../../arm-none-eabi/lib/armv7-m/libm.a
START GROUP
LOAD /usr/bin/../lib/gcc/arm-none-eabi/4.9.3/armv7-m/libgcc.a
LOAD /usr/bin/../lib/gcc/arm-none-eabi/4.9.3/../../../../arm-none-eabi/lib/armv7-m/libc.a
END GROUP
                0x20005000                _estack = (ORIGIN (SRAM) + 0x5000)
                0x00000000                _Min_Heap_Size = 0x0
                0x00000100                _Min_Stack_Size = 0x100

.text           0x00000000     0xfb05
                0x00000000                _text = .
 *(SORT(.vectors))
 .vectors       0x00000000       0xc8 obj_srf06-cc26xx/startup_gcc.o
                0x00000000                gVectors
 *(SORT(.text*))
 .text.value    0x000000c8       0xa0 contiki-srf06-cc26xx.a(opt-3001-sensor)
 .text.value    0x00000168       0x94 contiki-srf06-cc26xx.a(hdc-1000-sensor)
 *fill*         0x000001fc        0x4 00000000
 .text.value    0x00000200      0x15c contiki-srf06-cc26xx.a(mpu-9250-sensor)
 *fill*         0x0000035c        0x4 00000000
 .text.__ieee754_pow
                0x00000360      0xaa0 /usr/bin/../lib/gcc/arm-none-eabi/4.9.3/../../../../arm-none-eabi/lib/armv7-m/libm.a(lib_a-e_pow.o)
                0x00000360                __ieee754_pow
 .text.scalbn   0x00000e00       0xec /usr/bin/../lib/gcc/arm-none-eabi/4.9.3/../../../../arm-none-eabi/lib/armv7-m/libm.a(lib_a-s_scalbn.o)
                0x00000e00                scalbn
 .text.FaultISR
                0x00000eec       0x18 obj_srf06-cc26xx/fault-handlers.o
                0x00000eec                FaultISR
 .text.ResetISR
                0x00000f04       0x4c obj_srf06-cc26xx/startup_gcc.o
                0x00000f04                ResetISR
 .text.process_thread_webserver_nogui_process
                0x00000f50       0x34 border-router.co
 .text.ipaddr_add
                0x00000f84       0xa0 border-router.co
 .text.generate_routes
                0x00001024      0x200 border-router.co
 .text.httpd_simple_get_script
                0x00001224        0x8 border-router.co
                0x00001224                httpd_simple_get_script
 .text.request_prefix
                0x0000122c       0x2c border-router.co
                0x0000122c                request_prefix
 .text.process_thread_border_router_process
                0x00001258       0xf0 border-router.co
 .text.set_prefix_64
                0x00001348       0x68 border-router.co
                0x00001348                set_prefix_64
 .text.init     0x000013b0       0x24 obj_srf06-cc26xx/slip-bridge.o
 .text.slip_input_callback
                0x000013d4       0xe8 obj_srf06-cc26xx/slip-bridge.o
 .text.output   0x000014bc       0x4c obj_srf06-cc26xx/slip-bridge.o
 .text.handle_input
                0x00001508       0xc8 obj_srf06-cc26xx/httpd-simple.o
 .text.send_headers
                0x000015d0       0x50 obj_srf06-cc26xx/httpd-simple.o
 .text.handle_output
                0x00001620       0xcc obj_srf06-cc26xx/httpd-simple.o
 .text.httpd_appcall
                0x000016ec       0xd0 obj_srf06-cc26xx/httpd-simple.o
                0x000016ec                httpd_appcall
 .text.httpd_init
                0x000017bc       0x18 obj_srf06-cc26xx/httpd-simple.o
                0x000017bc                httpd_init
 .text.startup.main
                0x000017d4      0x1e0 contiki-srf06-cc26xx.a(contiki-main.o)
                0x000017d4                main
 .text.process_thread_sensors_process
                0x000019b4       0xd4 contiki-srf06-cc26xx.a(sensors.o)
 .text.sensors_changed
                0x00001a88       0x38 contiki-srf06-cc26xx.a(sensors.o)
                0x00001a88                sensors_changed
 .text.leds_init
                0x00001ac0       0x14 contiki-srf06-cc26xx.a(leds.o)
                0x00001ac0                leds_init
 .text.leds_on  0x00001ad4       0x10 contiki-srf06-cc26xx.a(leds.o)
                0x00001ad4                leds_on
 .text.leds_off
                0x00001ae4       0x14 contiki-srf06-cc26xx.a(leds.o)
                0x00001ae4                leds_off
 .text.leds_arch_init
                0x00001af8       0x34 contiki-srf06-cc26xx.a(leds-arch.o)
                0x00001af8                leds_arch_init
 .text.leds_arch_set
                0x00001b2c       0x34 contiki-srf06-cc26xx.a(leds-arch.o)
                0x00001b2c                leds_arch_set
 .text.status   0x00001b60       0x14 contiki-srf06-cc26xx.a(bmp-280-sensor.)
 .text.notify_ready
                0x00001b74       0x14 contiki-srf06-cc26xx.a(bmp-280-sensor.)
 .text.value    0x00001b88      0x15c contiki-srf06-cc26xx.a(bmp-280-sensor.)
 .text.configure
                0x00001ce4       0xac contiki-srf06-cc26xx.a(bmp-280-sensor.)
 .text.status   0x00001d90       0x14 contiki-srf06-cc26xx.a(tmp-007-sensor.)
 .text.notify_ready
                0x00001da4       0x14 contiki-srf06-cc26xx.a(tmp-007-sensor.)
 .text.enable_sensor
                0x00001db8       0x34 contiki-srf06-cc26xx.a(tmp-007-sensor.)
 .text.configure
                0x00001dec       0x78 contiki-srf06-cc26xx.a(tmp-007-sensor.)
 .text.value    0x00001e64       0xd8 contiki-srf06-cc26xx.a(tmp-007-sensor.)
 .text.status   0x00001f3c        0xc contiki-srf06-cc26xx.a(opt-3001-sensor)
 .text.enable_sensor
                0x00001f48       0x44 contiki-srf06-cc26xx.a(opt-3001-sensor)
 .text.configure
                0x00001f8c       0x44 contiki-srf06-cc26xx.a(opt-3001-sensor)
 .text.notify_ready
                0x00001fd0       0x50 contiki-srf06-cc26xx.a(opt-3001-sensor)
 .text.status   0x00002020       0x14 contiki-srf06-cc26xx.a(hdc-1000-sensor)
 .text.notify_ready
                0x00002034       0x60 contiki-srf06-cc26xx.a(hdc-1000-sensor)
 .text.configure
                0x00002094       0xa4 contiki-srf06-cc26xx.a(hdc-1000-sensor)
 .text.acc_convert
                0x00002138       0x58 contiki-srf06-cc26xx.a(mpu-9250-sensor)
 .text.status   0x00002190       0x14 contiki-srf06-cc26xx.a(mpu-9250-sensor)
 .text.notify_ready
                0x000021a4       0x14 contiki-srf06-cc26xx.a(mpu-9250-sensor)
 .text.sensor_sleep
                0x000021b8       0x38 contiki-srf06-cc26xx.a(mpu-9250-sensor)
 .text.int_status
                0x000021f0       0x28 contiki-srf06-cc26xx.a(mpu-9250-sensor)
 .text.configure
                0x00002218       0xd4 contiki-srf06-cc26xx.a(mpu-9250-sensor)
 .text.initialise
                0x000022ec       0xf0 contiki-srf06-cc26xx.a(mpu-9250-sensor)
 .text.convert_to_le.constprop.4
                0x000023dc       0x20 contiki-srf06-cc26xx.a(mpu-9250-sensor)
 .text.status.part.0
                0x000023fc       0x14 contiki-srf06-cc26xx.a(button-sensor.o)
 .text.value_left
                0x00002410       0x24 contiki-srf06-cc26xx.a(button-sensor.o)
 .text.value_right
                0x00002434       0x18 contiki-srf06-cc26xx.a(button-sensor.o)
 .text.button_press_handler
                0x0000244c       0x60 contiki-srf06-cc26xx.a(button-sensor.o)
 .text.config_buttons
                0x000024ac       0x84 contiki-srf06-cc26xx.a(button-sensor.o)
 .text.value    0x00002530       0x10 contiki-srf06-cc26xx.a(reed-relay.o)
 .text.status   0x00002540       0x20 contiki-srf06-cc26xx.a(reed-relay.o)
 .text.configure
                0x00002560       0x68 contiki-srf06-cc26xx.a(reed-relay.o)
 .text.reed_interrupt_handler
                0x000025c8       0x28 contiki-srf06-cc26xx.a(reed-relay.o)
 .text.power_domains_on
                0x000025f0       0x20 contiki-srf06-cc26xx.a(board.o)
 .text.shutdown_handler
                0x00002610       0x64 contiki-srf06-cc26xx.a(board.o)
 .text.board_init
                0x00002674      0x118 contiki-srf06-cc26xx.a(board.o)
                0x00002674                board_init
 .text.I2CMasterBusy.isra.2
                0x0000278c       0x10 contiki-srf06-cc26xx.a(board-i2c.o)
 .text.I2CMasterBusBusy.isra.3
                0x0000279c       0x10 contiki-srf06-cc26xx.a(board-i2c.o)
 .text.accessible
                0x000027ac       0x24 contiki-srf06-cc26xx.a(board-i2c.o)
 .text.I2CMasterControl.isra.7
                0x000027d0       0x10 contiki-srf06-cc26xx.a(board-i2c.o)
 .text.i2c_status
                0x000027e0       0x2c contiki-srf06-cc26xx.a(board-i2c.o)
 .text.board_i2c_wakeup
                0x0000280c       0x5c contiki-srf06-cc26xx.a(board-i2c.o)
                0x0000280c                board_i2c_wakeup
 .text.board_i2c_shutdown
                0x00002868       0xa4 contiki-srf06-cc26xx.a(board-i2c.o)
                0x00002868                board_i2c_shutdown
 .text.board_i2c_write
                0x0000290c       0x94 contiki-srf06-cc26xx.a(board-i2c.o)
                0x0000290c                board_i2c_write
 .text.board_i2c_write_single
                0x000029a0       0x3c contiki-srf06-cc26xx.a(board-i2c.o)
                0x000029a0                board_i2c_write_single
 .text.board_i2c_read
                0x000029dc       0x94 contiki-srf06-cc26xx.a(board-i2c.o)
                0x000029dc                board_i2c_read
 .text.board_i2c_write_read
                0x00002a70       0xf4 contiki-srf06-cc26xx.a(board-i2c.o)
                0x00002a70                board_i2c_write_read
 .text.board_i2c_select
                0x00002b64       0xd0 contiki-srf06-cc26xx.a(board-i2c.o)
                0x00002b64                board_i2c_select
 .text.power_domain_on
                0x00002c34       0x20 contiki-srf06-cc26xx.a(clock.o)
 .text.update_clock_variable
                0x00002c54       0x2c contiki-srf06-cc26xx.a(clock.o)
 .text.clock_init
                0x00002c80       0x88 contiki-srf06-cc26xx.a(clock.o)
                0x00002c80                clock_init
 .text.clock_time
                0x00002d08       0x14 contiki-srf06-cc26xx.a(clock.o)
                0x00002d08                clock_time
 .text.clock_seconds
                0x00002d1c       0x18 contiki-srf06-cc26xx.a(clock.o)
                0x00002d1c                clock_seconds
 .text.soc_rtc_init
                0x00002d34       0x90 contiki-srf06-cc26xx.a(soc-rtc.o)
                0x00002d34                soc_rtc_init
 .text.soc_rtc_get_next_trigger
                0x00002dc4       0x24 contiki-srf06-cc26xx.a(soc-rtc.o)
                0x00002dc4                soc_rtc_get_next_trigger
 .text.soc_rtc_schedule_one_shot
                0x00002de8       0x44 contiki-srf06-cc26xx.a(soc-rtc.o)
                0x00002de8                soc_rtc_schedule_one_shot
 .text.soc_rtc_last_isr_time
                0x00002e2c        0xc contiki-srf06-cc26xx.a(soc-rtc.o)
                0x00002e2c                soc_rtc_last_isr_time
 .text.AONRTCIntHandler
                0x00002e38       0x64 contiki-srf06-cc26xx.a(soc-rtc.o)
                0x00002e38                AONRTCIntHandler
 .text.lock_config
                0x00002e9c       0x18 contiki-srf06-cc26xx.a(contiki-watchdo)
 .text.unlock_config
                0x00002eb4       0x2c contiki-srf06-cc26xx.a(contiki-watchdo)
 .text.watchdog_init
                0x00002ee0       0x18 contiki-srf06-cc26xx.a(contiki-watchdo)
                0x00002ee0                watchdog_init
 .text.watchdog_periodic
                0x00002ef8       0x14 contiki-srf06-cc26xx.a(contiki-watchdo)
                0x00002ef8                watchdog_periodic
 .text.watchdog_start
                0x00002f0c       0x20 contiki-srf06-cc26xx.a(contiki-watchdo)
                0x00002f0c                watchdog_start
 .text.ieee_addr_cpy_to
                0x00002f2c       0x3c contiki-srf06-cc26xx.a(ieee-addr.o)
                0x00002f2c                ieee_addr_cpy_to
 .text.slip_arch_init
                0x00002f68        0xc contiki-srf06-cc26xx.a(slip-arch.o)
                0x00002f68                slip_arch_init
 .text.process_thread_slip_process
                0x00002f74      0x16c contiki-srf06-cc26xx.a(slip.o)
 .text.slip_set_input_callback
                0x000030e0        0xc contiki-srf06-cc26xx.a(slip.o)
                0x000030e0                slip_set_input_callback
 .text.slip_send
                0x000030ec       0x5c contiki-srf06-cc26xx.a(slip.o)
                0x000030ec                slip_send
 .text.slip_input_byte
                0x00003148       0xbc contiki-srf06-cc26xx.a(slip.o)
                0x00003148                slip_input_byte
 .text.power_and_clock
                0x00003204       0x40 contiki-srf06-cc26xx.a(cc26xx-uart.o)
 .text.accessible
                0x00003244       0x24 contiki-srf06-cc26xx.a(cc26xx-uart.o)
 .text.disable_interrupts
                0x00003268       0x30 contiki-srf06-cc26xx.a(cc26xx-uart.o)
 .text.enable   0x00003298       0xcc contiki-srf06-cc26xx.a(cc26xx-uart.o)
 .text.lpm_drop_handler
                0x00003364       0xa4 contiki-srf06-cc26xx.a(cc26xx-uart.o)
 .text.cc26xx_uart_init
                0x00003408       0x28 contiki-srf06-cc26xx.a(cc26xx-uart.o)
                0x00003408                cc26xx_uart_init
 .text.cc26xx_uart_write_byte
                0x00003430       0x28 contiki-srf06-cc26xx.a(cc26xx-uart.o)
                0x00003430                cc26xx_uart_write_byte
 .text.cc26xx_uart_set_input
                0x00003458       0x60 contiki-srf06-cc26xx.a(cc26xx-uart.o)
                0x00003458                cc26xx_uart_set_input
 .text.cc26xx_uart_busy
                0x000034b8       0x18 contiki-srf06-cc26xx.a(cc26xx-uart.o)
                0x000034b8                cc26xx_uart_busy
 .text.UART0IntHandler
                0x000034d0       0x50 contiki-srf06-cc26xx.a(cc26xx-uart.o)
                0x000034d0                UART0IntHandler
 .text.lpm_shutdown
                0x00003520      0x184 contiki-srf06-cc26xx.a(lpm.o)
                0x00003520                lpm_shutdown
 .text.lpm_sleep
                0x000036a4       0x14 contiki-srf06-cc26xx.a(lpm.o)
                0x000036a4                lpm_sleep
 .text.lpm_drop
                0x000036b8      0x1ac contiki-srf06-cc26xx.a(lpm.o)
                0x000036b8                lpm_drop
 .text.lpm_register_module
                0x00003864        0xc contiki-srf06-cc26xx.a(lpm.o)
                0x00003864                lpm_register_module
 .text.lpm_unregister_module
                0x00003870        0xc contiki-srf06-cc26xx.a(lpm.o)
                0x00003870                lpm_unregister_module
 .text.lpm_init
                0x0000387c       0x20 contiki-srf06-cc26xx.a(lpm.o)
                0x0000387c                lpm_init
 .text.lpm_pin_set_default_state
                0x0000389c       0x30 contiki-srf06-cc26xx.a(lpm.o)
                0x0000389c                lpm_pin_set_default_state
 .text.gpio_interrupt_register_handler
                0x000038cc       0x2c contiki-srf06-cc26xx.a(gpio-interrupt.)
                0x000038cc                gpio_interrupt_register_handler
 .text.gpio_interrupt_init
                0x000038f8       0x24 contiki-srf06-cc26xx.a(gpio-interrupt.)
                0x000038f8                gpio_interrupt_init
 .text.GPIOIntHandler
                0x0000391c       0x30 contiki-srf06-cc26xx.a(gpio-interrupt.)
                0x0000391c                GPIOIntHandler
 .text.osc_interface_dis
                0x0000394c       0x28 contiki-srf06-cc26xx.a(oscillators.o)
 .text.osc_interface_en
                0x00003974       0x30 contiki-srf06-cc26xx.a(oscillators.o)
 .text.oscillators_select_lf_xosc
                0x000039a4       0x44 contiki-srf06-cc26xx.a(oscillators.o)
                0x000039a4                oscillators_select_lf_xosc
 .text.oscillators_switch_to_hf_xosc
                0x000039e8       0x28 contiki-srf06-cc26xx.a(oscillators.o)
                0x000039e8                oscillators_switch_to_hf_xosc
 .text.oscillators_switch_to_hf_rc
                0x00003a10       0x2c contiki-srf06-cc26xx.a(oscillators.o)
                0x00003a10                oscillators_switch_to_hf_rc
 .text.release_data_entry
                0x00003a3c       0x14 contiki-srf06-cc26xx.a(ieee-mode.o)
 .text.rf_is_on
                0x00003a50       0x18 contiki-srf06-cc26xx.a(ieee-mode.o)
 .text.rx_on    0x00003a68       0x50 contiki-srf06-cc26xx.a(ieee-mode.o)
 .text.rf_radio_setup
                0x00003ab8       0x70 contiki-srf06-cc26xx.a(ieee-mode.o)
 .text.pending_packet
                0x00003b28       0x2c contiki-srf06-cc26xx.a(ieee-mode.o)
 .text.prepare  0x00003b54       0x1c contiki-srf06-cc26xx.a(ieee-mode.o)
 .text.read_frame
                0x00003b70       0x4c contiki-srf06-cc26xx.a(ieee-mode.o)
 .text.soft_off
                0x00003bbc       0x2c contiki-srf06-cc26xx.a(ieee-mode.o)
 .text.get_object
                0x00003be8       0x38 contiki-srf06-cc26xx.a(ieee-mode.o)
 .text.rx_off   0x00003c20       0x48 contiki-srf06-cc26xx.a(ieee-mode.o)
 .text.off      0x00003c68       0x4c contiki-srf06-cc26xx.a(ieee-mode.o)
 .text.on       0x00003cb4       0x88 contiki-srf06-cc26xx.a(ieee-mode.o)
 .text.set_value
                0x00003d3c      0x134 contiki-srf06-cc26xx.a(ieee-mode.o)
 .text.get_value
                0x00003e70       0xf0 contiki-srf06-cc26xx.a(ieee-mode.o)
 .text.transmit
                0x00003f60       0xa8 contiki-srf06-cc26xx.a(ieee-mode.o)
 .text.set_object
                0x00004008       0x50 contiki-srf06-cc26xx.a(ieee-mode.o)
 .text.init     0x00004058       0xc8 contiki-srf06-cc26xx.a(ieee-mode.o)
 .text.printf   0x00004120       0x20 contiki-srf06-cc26xx.a(dbg-printf.o)
                0x00004120                printf
 .text.vsnprintf
                0x00004140       0x28 contiki-srf06-cc26xx.a(dbg-snprintf.o)
                0x00004140                vsnprintf
 .text.fill_space
                0x00004168       0x34 contiki-srf06-cc26xx.a(strformat.o)
 .text.format_str_v
                0x0000419c      0x6e8 contiki-srf06-cc26xx.a(strformat.o)
                0x0000419c                format_str_v
 .text.process_thread_ctimer_process
                0x00004884       0x80 contiki-srf06-cc26xx.a(ctimer.o)
 .text.ctimer_init
                0x00004904       0x28 contiki-srf06-cc26xx.a(ctimer.o)
                0x00004904                ctimer_init
 .text.ctimer_set_with_process
                0x0000492c       0x44 contiki-srf06-cc26xx.a(ctimer.o)
                0x0000492c                ctimer_set_with_process
 .text.ctimer_set
                0x00004970       0x14 contiki-srf06-cc26xx.a(ctimer.o)
                0x00004970                ctimer_set
 .text.ctimer_reset
                0x00004984       0x38 contiki-srf06-cc26xx.a(ctimer.o)
                0x00004984                ctimer_reset
 .text.ctimer_stop
                0x000049bc       0x2c contiki-srf06-cc26xx.a(ctimer.o)
                0x000049bc                ctimer_stop
 .text.update_time
                0x000049e8       0x44 contiki-srf06-cc26xx.a(etimer.o)
 .text.etimer_request_poll
                0x00004a2c        0xc contiki-srf06-cc26xx.a(etimer.o)
                0x00004a2c                etimer_request_poll
 .text.process_thread_etimer_process
                0x00004a38       0x94 contiki-srf06-cc26xx.a(etimer.o)
 .text.add_timer
                0x00004acc       0x40 contiki-srf06-cc26xx.a(etimer.o)
 .text.etimer_pending
                0x00004b0c       0x10 contiki-srf06-cc26xx.a(etimer.o)
                0x00004b0c                etimer_pending
 .text.etimer_next_expiration_time
                0x00004b1c       0x14 contiki-srf06-cc26xx.a(etimer.o)
                0x00004b1c                etimer_next_expiration_time
 .text.etimer_stop
                0x00004b30       0x34 contiki-srf06-cc26xx.a(etimer.o)
                0x00004b30                etimer_stop
 .text.call_process.part.0
                0x00004b64       0x38 contiki-srf06-cc26xx.a(process.o)
 .text.exit_process
                0x00004b9c       0x80 contiki-srf06-cc26xx.a(process.o)
 .text.do_poll  0x00004c1c       0x30 contiki-srf06-cc26xx.a(process.o)
 .text.process_alloc_event
                0x00004c4c       0x10 contiki-srf06-cc26xx.a(process.o)
                0x00004c4c                process_alloc_event
 .text.process_init
                0x00004c5c       0x30 contiki-srf06-cc26xx.a(process.o)
                0x00004c5c                process_init
 .text.process_run
                0x00004c8c       0xb0 contiki-srf06-cc26xx.a(process.o)
                0x00004c8c                process_run
 .text.process_nevents
                0x00004d3c       0x14 contiki-srf06-cc26xx.a(process.o)
                0x00004d3c                process_nevents
 .text.process_post
                0x00004d50       0x44 contiki-srf06-cc26xx.a(process.o)
                0x00004d50                process_post
 .text.process_post_synch
                0x00004d94       0x14 contiki-srf06-cc26xx.a(process.o)
                0x00004d94                process_post_synch
 .text.process_start
                0x00004da8       0x30 contiki-srf06-cc26xx.a(process.o)
                0x00004da8                process_start
 .text.process_poll
                0x00004dd8       0x18 contiki-srf06-cc26xx.a(process.o)
                0x00004dd8                process_poll
 .text.rtimer_set
                0x00004df0       0x24 contiki-srf06-cc26xx.a(rtimer.o)
                0x00004df0                rtimer_set
 .text.rtimer_run_next
                0x00004e14       0x28 contiki-srf06-cc26xx.a(rtimer.o)
                0x00004e14                rtimer_run_next
 .text.process_thread_serial_line_process
                0x00004e3c       0x98 contiki-srf06-cc26xx.a(serial-line.o)
 .text.serial_line_init
                0x00004ed4       0x24 contiki-srf06-cc26xx.a(serial-line.o)
                0x00004ed4                serial_line_init
 .text.clear_fragments
                0x00004ef8       0x3c contiki-srf06-cc26xx.a(sicslowpan.o)
 .text.sicslowpan_init
                0x00004f34       0x24 contiki-srf06-cc26xx.a(sicslowpan.o)
                0x00004f34                sicslowpan_init
 .text.set_packet_attrs
                0x00004f58       0x44 contiki-srf06-cc26xx.a(sicslowpan.o)
 .text.compress_addr_64
                0x00004f9c       0x90 contiki-srf06-cc26xx.a(sicslowpan.o)
 .text.addr_context_lookup_by_prefix
                0x0000502c       0x28 contiki-srf06-cc26xx.a(sicslowpan.o)
 .text.send_packet
                0x00005054       0x24 contiki-srf06-cc26xx.a(sicslowpan.o)
 .text.packet_sent
                0x00005078       0x28 contiki-srf06-cc26xx.a(sicslowpan.o)
 .text.store_fragment
                0x000050a0       0x58 contiki-srf06-cc26xx.a(sicslowpan.o)
 .text.uncompress_addr
                0x000050f8       0xa4 contiki-srf06-cc26xx.a(sicslowpan.o)
 .text.output   0x0000519c      0x6a8 contiki-srf06-cc26xx.a(sicslowpan.o)
 .text.add_fragment
                0x00005844      0x124 contiki-srf06-cc26xx.a(sicslowpan.o)
 .text.input    0x00005968      0x5a4 contiki-srf06-cc26xx.a(sicslowpan.o)
 .text.upper_layer_chksum
                0x00005f0c       0x54 contiki-srf06-cc26xx.a(uip6.o)
 .text.ext_hdr_options_process
                0x00005f60       0xb0 contiki-srf06-cc26xx.a(uip6.o)
 .text.uip_add32
                0x00006010       0x54 contiki-srf06-cc26xx.a(uip6.o)
                0x00006010                uip_add32
 .text.unlikely.uip_add_rcv_nxt
                0x00006064       0x2c contiki-srf06-cc26xx.a(uip6.o)
 .text.uip_init
                0x00006090       0x6c contiki-srf06-cc26xx.a(uip6.o)
                0x00006090                uip_init
 .text.remove_ext_hdr
                0x000060fc       0x5c contiki-srf06-cc26xx.a(uip6.o)
                0x000060fc                remove_ext_hdr
 .text.uip_unlisten
                0x00006158       0x34 contiki-srf06-cc26xx.a(uip6.o)
                0x00006158                uip_unlisten
 .text.uip_listen
                0x0000618c       0x30 contiki-srf06-cc26xx.a(uip6.o)
                0x0000618c                uip_listen
 .text.uip_process
                0x000061bc      0xde0 contiki-srf06-cc26xx.a(uip6.o)
                0x000061bc                uip_process
 .text.uip_send
                0x00006f9c       0x44 contiki-srf06-cc26xx.a(uip6.o)
                0x00006f9c                uip_send
 .text.uip_ds6_prefix_add
                0x00006fe0       0x64 contiki-srf06-cc26xx.a(uip-ds6.o)
                0x00006fe0                uip_ds6_prefix_add
 .text.uip_ds6_is_addr_onlink
                0x00007044       0x40 contiki-srf06-cc26xx.a(uip-ds6.o)
                0x00007044                uip_ds6_is_addr_onlink
 .text.uip_ds6_addr_lookup
                0x00007084       0x2c contiki-srf06-cc26xx.a(uip-ds6.o)
                0x00007084                uip_ds6_addr_lookup
 .text.uip_ds6_get_link_local
                0x000070b0       0x40 contiki-srf06-cc26xx.a(uip-ds6.o)
                0x000070b0                uip_ds6_get_link_local
 .text.uip_ds6_maddr_add
                0x000070f0       0x4c contiki-srf06-cc26xx.a(uip-ds6.o)
                0x000070f0                uip_ds6_maddr_add
 .text.uip_ds6_addr_add
                0x0000713c       0x94 contiki-srf06-cc26xx.a(uip-ds6.o)
                0x0000713c                uip_ds6_addr_add
 .text.uip_ds6_maddr_lookup
                0x000071d0       0x2c contiki-srf06-cc26xx.a(uip-ds6.o)
                0x000071d0                uip_ds6_maddr_lookup
 .text.uip_ds6_addr_rm
                0x000071fc       0x44 contiki-srf06-cc26xx.a(uip-ds6.o)
                0x000071fc                uip_ds6_addr_rm
 .text.uip_ds6_periodic
                0x00007240       0x50 contiki-srf06-cc26xx.a(uip-ds6.o)
                0x00007240                uip_ds6_periodic
 .text.uip_ds6_select_src
                0x00007290       0x94 contiki-srf06-cc26xx.a(uip-ds6.o)
                0x00007290                uip_ds6_select_src
 .text.uip_ds6_compute_reachable_time
                0x00007324       0x28 contiki-srf06-cc26xx.a(uip-ds6.o)
                0x00007324                uip_ds6_compute_reachable_time
 .text.uip_ds6_init
                0x0000734c       0xe0 contiki-srf06-cc26xx.a(uip-ds6.o)
                0x0000734c                uip_ds6_init
 .text.uip_ds6_nbr_rm
                0x0000742c       0x20 contiki-srf06-cc26xx.a(uip-ds6-nbr.o)
                0x0000742c                uip_ds6_nbr_rm
 .text.uip_ds6_neighbors_init
                0x0000744c       0x14 contiki-srf06-cc26xx.a(uip-ds6-nbr.o)
                0x0000744c                uip_ds6_neighbors_init
 .text.uip_ds6_nbr_add
                0x00007460       0x60 contiki-srf06-cc26xx.a(uip-ds6-nbr.o)
                0x00007460                uip_ds6_nbr_add
 .text.uip_ds6_nbr_get_ll
                0x000074c0       0x10 contiki-srf06-cc26xx.a(uip-ds6-nbr.o)
                0x000074c0                uip_ds6_nbr_get_ll
 .text.uip_ds6_nbr_lookup
                0x000074d0       0x38 contiki-srf06-cc26xx.a(uip-ds6-nbr.o)
                0x000074d0                uip_ds6_nbr_lookup
 .text.uip_ds6_nbr_ll_lookup
                0x00007508       0x10 contiki-srf06-cc26xx.a(uip-ds6-nbr.o)
                0x00007508                uip_ds6_nbr_ll_lookup
 .text.uip_ds6_link_neighbor_callback
                0x00007518       0x2c contiki-srf06-cc26xx.a(uip-ds6-nbr.o)
                0x00007518                uip_ds6_link_neighbor_callback
 .text.uip_ds6_neighbor_periodic
                0x00007544       0x58 contiki-srf06-cc26xx.a(uip-ds6-nbr.o)
                0x00007544                uip_ds6_neighbor_periodic
 .text.call_route_callback
                0x0000759c       0x48 contiki-srf06-cc26xx.a(uip-ds6-route.o)
 .text.uip_ds6_route_init
                0x000075e4       0x4c contiki-srf06-cc26xx.a(uip-ds6-route.o)
                0x000075e4                uip_ds6_route_init
 .text.uip_ds6_route_nexthop
                0x00007630       0x20 contiki-srf06-cc26xx.a(uip-ds6-route.o)
                0x00007630                uip_ds6_route_nexthop
 .text.uip_ds6_route_head
                0x00007650        0xc contiki-srf06-cc26xx.a(uip-ds6-route.o)
                0x00007650                uip_ds6_route_head
 .text.uip_ds6_route_lookup
                0x0000765c       0x64 contiki-srf06-cc26xx.a(uip-ds6-route.o)
                0x0000765c                uip_ds6_route_lookup
 .text.uip_ds6_route_rm
                0x000076c0       0x9c contiki-srf06-cc26xx.a(uip-ds6-route.o)
                0x000076c0                uip_ds6_route_rm
 .text.rm_routelist
                0x0000775c       0x30 contiki-srf06-cc26xx.a(uip-ds6-route.o)
 .text.uip_ds6_route_add
                0x0000778c      0x10c contiki-srf06-cc26xx.a(uip-ds6-route.o)
                0x0000778c                uip_ds6_route_add
 .text.uip_ds6_defrt_rm
                0x00007898       0x44 contiki-srf06-cc26xx.a(uip-ds6-route.o)
                0x00007898                uip_ds6_defrt_rm
 .text.uip_ds6_defrt_lookup
                0x000078dc       0x2c contiki-srf06-cc26xx.a(uip-ds6-route.o)
                0x000078dc                uip_ds6_defrt_lookup
 .text.uip_ds6_defrt_add
                0x00007908       0x64 contiki-srf06-cc26xx.a(uip-ds6-route.o)
                0x00007908                uip_ds6_defrt_add
 .text.uip_ds6_defrt_choose
                0x0000796c       0x30 contiki-srf06-cc26xx.a(uip-ds6-route.o)
                0x0000796c                uip_ds6_defrt_choose
 .text.uip_ds6_defrt_periodic
                0x0000799c       0x30 contiki-srf06-cc26xx.a(uip-ds6-route.o)
                0x0000799c                uip_ds6_defrt_periodic
 .text.echo_reply_input
                0x000079cc       0xe8 contiki-srf06-cc26xx.a(uip-icmp6.o)
 .text.echo_request_input
                0x00007ab4      0x100 contiki-srf06-cc26xx.a(uip-icmp6.o)
 .text.uip_icmp6_input
                0x00007bb4       0x38 contiki-srf06-cc26xx.a(uip-icmp6.o)
                0x00007bb4                uip_icmp6_input
 .text.uip_icmp6_register_input_handler
                0x00007bec        0xc contiki-srf06-cc26xx.a(uip-icmp6.o)
                0x00007bec                uip_icmp6_register_input_handler
 .text.uip_icmp6_error_output
                0x00007bf8      0x148 contiki-srf06-cc26xx.a(uip-icmp6.o)
                0x00007bf8                uip_icmp6_error_output
 .text.uip_icmp6_send
                0x00007d40       0x8c contiki-srf06-cc26xx.a(uip-icmp6.o)
                0x00007d40                uip_icmp6_send
 .text.uip_icmp6_init
                0x00007dcc       0x1c contiki-srf06-cc26xx.a(uip-icmp6.o)
                0x00007dcc                uip_icmp6_init
 .text.psock_send
                0x00007de8       0x98 contiki-srf06-cc26xx.a(psock.o)
                0x00007de8                psock_send
 .text.psock_newdata
                0x00007e80       0x28 contiki-srf06-cc26xx.a(psock.o)
                0x00007e80                psock_newdata
 .text.psock_readto
                0x00007ea8       0xa4 contiki-srf06-cc26xx.a(psock.o)
                0x00007ea8                psock_readto
 .text.start_periodic_tcp_timer
                0x00007f4c       0x1c contiki-srf06-cc26xx.a(tcpip.o)
 .text.tcpip_output
                0x00007f68       0x10 contiki-srf06-cc26xx.a(tcpip.o)
                0x00007f68                tcpip_output
 .text.tcpip_set_outputfunc
                0x00007f78        0xc contiki-srf06-cc26xx.a(tcpip.o)
                0x00007f78                tcpip_set_outputfunc
 .text.tcp_listen
                0x00007f84       0x3c contiki-srf06-cc26xx.a(tcpip.o)
                0x00007f84                tcp_listen
 .text.tcp_attach
                0x00007fc0       0x10 contiki-srf06-cc26xx.a(tcpip.o)
                0x00007fc0                tcp_attach
 .text.tcpip_icmp6_call
                0x00007fd0       0x28 contiki-srf06-cc26xx.a(tcpip.o)
                0x00007fd0                tcpip_icmp6_call
 .text.tcpip_input
                0x00007ff8       0x24 contiki-srf06-cc26xx.a(tcpip.o)
                0x00007ff8                tcpip_input
 .text.tcpip_ipv6_output
                0x0000801c       0xf4 contiki-srf06-cc26xx.a(tcpip.o)
                0x0000801c                tcpip_ipv6_output
 .text.process_thread_tcpip_process
                0x00008110      0x1ec contiki-srf06-cc26xx.a(tcpip.o)
 .text.tcpip_uipcall
                0x000082fc       0x7c contiki-srf06-cc26xx.a(tcpip.o)
                0x000082fc                tcpip_uipcall
 .text.uip_debug_ipaddr_print
                0x00008378       0xa0 contiki-srf06-cc26xx.a(uip-debug.o)
                0x00008378                uip_debug_ipaddr_print
 .text.rpl_get_mode
                0x00008418        0xc contiki-srf06-cc26xx.a(rpl.o)
                0x00008418                rpl_get_mode
 .text.rpl_purge_routes
                0x00008424       0x64 contiki-srf06-cc26xx.a(rpl.o)
                0x00008424                rpl_purge_routes
 .text.rpl_link_neighbor_callback
                0x00008488       0x70 contiki-srf06-cc26xx.a(rpl.o)
                0x00008488                rpl_link_neighbor_callback
 .text.rpl_ipv6_neighbor_callback
                0x000084f8       0x28 contiki-srf06-cc26xx.a(rpl.o)
                0x000084f8                rpl_ipv6_neighbor_callback
 .text.rpl_purge_dags
                0x00008520       0x3c contiki-srf06-cc26xx.a(rpl.o)
                0x00008520                rpl_purge_dags
 .text.rpl_init
                0x0000855c       0x58 contiki-srf06-cc26xx.a(rpl.o)
                0x0000855c                rpl_init
 .text.rpl_set_preferred_parent
                0x000085b4       0x28 contiki-srf06-cc26xx.a(rpl-dag.o)
 .text.set_ip_from_prefix
                0x000085dc       0x2c contiki-srf06-cc26xx.a(rpl-dag.o)
 .text.find_parent_any_dag_any_instance
                0x00008608       0x1c contiki-srf06-cc26xx.a(rpl-dag.o)
 .text.rpl_get_nbr
                0x00008624       0x28 contiki-srf06-cc26xx.a(rpl-dag.o)
                0x00008624                rpl_get_nbr
 .text.rpl_dag_init
                0x0000864c       0x14 contiki-srf06-cc26xx.a(rpl-dag.o)
                0x0000864c                rpl_dag_init
 .text.rpl_get_parent
                0x00008660       0x10 contiki-srf06-cc26xx.a(rpl-dag.o)
                0x00008660                rpl_get_parent
 .text.rpl_get_parent_ipaddr
                0x00008670       0x18 contiki-srf06-cc26xx.a(rpl-dag.o)
                0x00008670                rpl_get_parent_ipaddr
 .text.rpl_alloc_instance
                0x00008688       0x34 contiki-srf06-cc26xx.a(rpl-dag.o)
                0x00008688                rpl_alloc_instance
 .text.rpl_add_parent
                0x000086bc       0x44 contiki-srf06-cc26xx.a(rpl-dag.o)
                0x000086bc                rpl_add_parent
 .text.rpl_select_parent
                0x00008700       0x6c contiki-srf06-cc26xx.a(rpl-dag.o)
                0x00008700                rpl_select_parent
 .text.rpl_remove_parent
                0x0000876c       0x1c contiki-srf06-cc26xx.a(rpl-dag.o)
                0x0000876c                rpl_remove_parent
 .text.remove_parents.constprop.4
                0x00008788       0x2c contiki-srf06-cc26xx.a(rpl-dag.o)
 .text.rpl_get_any_dag
                0x000087b4       0x18 contiki-srf06-cc26xx.a(rpl-dag.o)
                0x000087b4                rpl_get_any_dag
 .text.rpl_get_instance
                0x000087cc       0x20 contiki-srf06-cc26xx.a(rpl-dag.o)
                0x000087cc                rpl_get_instance
 .text.rpl_set_root
                0x000087ec      0x108 contiki-srf06-cc26xx.a(rpl-dag.o)
                0x000087ec                rpl_set_root
 .text.rpl_find_of
                0x000088f4       0x14 contiki-srf06-cc26xx.a(rpl-dag.o)
                0x000088f4                rpl_find_of
 .text.rpl_join_instance
                0x00008908      0x118 contiki-srf06-cc26xx.a(rpl-dag.o)
                0x00008908                rpl_join_instance
 .text.rpl_local_repair
                0x00008a20       0x58 contiki-srf06-cc26xx.a(rpl-dag.o)
                0x00008a20                rpl_local_repair
 .text.rpl_recalculate_ranks
                0x00008a78       0x3c contiki-srf06-cc26xx.a(rpl-dag.o)
                0x00008a78                rpl_recalculate_ranks
 .text.rpl_verify_header
                0x00008ab4      0x114 contiki-srf06-cc26xx.a(rpl-ext-header.)
                0x00008ab4                rpl_verify_header
 .text.rpl_update_header_empty
                0x00008bc8      0x138 contiki-srf06-cc26xx.a(rpl-ext-header.)
                0x00008bc8                rpl_update_header_empty
 .text.rpl_update_header_final
                0x00008d00       0x88 contiki-srf06-cc26xx.a(rpl-ext-header.)
                0x00008d00                rpl_update_header_final
 .text.rpl_invert_header
                0x00008d88       0x68 contiki-srf06-cc26xx.a(rpl-ext-header.)
                0x00008d88                rpl_invert_header
 .text.rpl_insert_header
                0x00008df0       0x1c contiki-srf06-cc26xx.a(rpl-ext-header.)
                0x00008df0                rpl_insert_header
 .text.dao_ack_input
                0x00008e0c       0x14 contiki-srf06-cc26xx.a(rpl-icmp6.o)
 .text.dio_input
                0x00008e20      0x288 contiki-srf06-cc26xx.a(rpl-icmp6.o)
 .text.dis_output
                0x000090a8       0x54 contiki-srf06-cc26xx.a(rpl-icmp6.o)
                0x000090a8                dis_output
 .text.dio_output
                0x000090fc      0x20c contiki-srf06-cc26xx.a(rpl-icmp6.o)
                0x000090fc                dio_output
 .text.dis_input
                0x00009308       0x3c contiki-srf06-cc26xx.a(rpl-icmp6.o)
 .text.dao_output_target
                0x00009344       0xe0 contiki-srf06-cc26xx.a(rpl-icmp6.o)
                0x00009344                dao_output_target
 .text.dao_output
                0x00009424       0x64 contiki-srf06-cc26xx.a(rpl-icmp6.o)
                0x00009424                dao_output
 .text.dao_ack_output
                0x00009488       0x34 contiki-srf06-cc26xx.a(rpl-icmp6.o)
                0x00009488                dao_ack_output
 .text.dao_input
                0x000094bc      0x1e4 contiki-srf06-cc26xx.a(rpl-icmp6.o)
 .text.rpl_icmp6_register_handlers
                0x000096a0       0x30 contiki-srf06-cc26xx.a(rpl-icmp6.o)
                0x000096a0                rpl_icmp6_register_handlers
 .text.new_dio_interval
                0x000096d0       0x58 contiki-srf06-cc26xx.a(rpl-timers.o)
 .text.handle_periodic_timer
                0x00009728       0x3c contiki-srf06-cc26xx.a(rpl-timers.o)
 .text.set_dao_lifetime_timer
                0x00009764       0x3c contiki-srf06-cc26xx.a(rpl-timers.o)
 .text.handle_dio_timer
                0x000097a0       0x80 contiki-srf06-cc26xx.a(rpl-timers.o)
 .text.schedule_dao
                0x00009820       0x54 contiki-srf06-cc26xx.a(rpl-timers.o)
 .text.handle_dao_timer
                0x00009874       0x58 contiki-srf06-cc26xx.a(rpl-timers.o)
 .text.rpl_reset_periodic_timer
                0x000098cc       0x34 contiki-srf06-cc26xx.a(rpl-timers.o)
                0x000098cc                rpl_reset_periodic_timer
 .text.rpl_schedule_unicast_dio_immediately
                0x00009900       0x14 contiki-srf06-cc26xx.a(rpl-timers.o)
                0x00009900                rpl_schedule_unicast_dio_immediately
 .text.rpl_schedule_probing
                0x00009914       0x30 contiki-srf06-cc26xx.a(rpl-timers.o)
                0x00009914                rpl_schedule_probing
 .text.handle_probing_timer
                0x00009944       0xd0 contiki-srf06-cc26xx.a(rpl-timers.o)
 .text.NOROM_AONRTCCurrentCompareValueGet
                0x00009a14       0x20 contiki-srf06-cc26xx.a(aon_rtc.o)
                0x00009a14                NOROM_AONRTCCurrentCompareValueGet
 .text.NOROM_DDI16BitfieldWrite
                0x00009a34       0x48 contiki-srf06-cc26xx.a(ddi.o)
                0x00009a34                NOROM_DDI16BitfieldWrite
 .text.NOROM_DDI16BitfieldRead
                0x00009a7c       0x40 contiki-srf06-cc26xx.a(ddi.o)
                0x00009a7c                NOROM_DDI16BitfieldRead
 .text.NOROM_OSCClockSourceSet
                0x00009abc       0x4c contiki-srf06-cc26xx.a(osc.o)
                0x00009abc                NOROM_OSCClockSourceSet
 .text.NOROM_OSCClockSourceGet
                0x00009b08       0x24 contiki-srf06-cc26xx.a(osc.o)
                0x00009b08                NOROM_OSCClockSourceGet
 .text.NOROM_OSCInterfaceEnable
                0x00009b2c       0x38 contiki-srf06-cc26xx.a(osc.o)
                0x00009b2c                NOROM_OSCInterfaceEnable
 .text.NOROM_PowerCtrlSourceSet
                0x00009b64       0x2c contiki-srf06-cc26xx.a(pwr_ctrl.o)
                0x00009b64                NOROM_PowerCtrlSourceSet
 .text.AuxAdiDdiSafeWrite.constprop.1
                0x00009b90       0x28 contiki-srf06-cc26xx.a(setup.o)
 .text.HapiTrimDeviceShutDown
                0x00009bb8      0x3e4 contiki-srf06-cc26xx.a(setup.o)
 .text.trimDevice
                0x00009f9c       0xf8 contiki-srf06-cc26xx.a(setup.o)
                0x00009f9c                trimDevice
 .text.SysCtrlSetRechargeBeforePowerDown
                0x0000a094      0x190 contiki-srf06-cc26xx.a(sys_ctrl.o)
                0x0000a094                SysCtrlSetRechargeBeforePowerDown
 .text.SysCtrlAdjustRechargeAfterPowerDown
                0x0000a224       0x60 contiki-srf06-cc26xx.a(sys_ctrl.o)
                0x0000a224                SysCtrlAdjustRechargeAfterPowerDown
 .text.SysCtrl_DCDC_VoltageConditionalControl
                0x0000a284       0x74 contiki-srf06-cc26xx.a(sys_ctrl.o)
                0x0000a284                SysCtrl_DCDC_VoltageConditionalControl
 .text.index_from_key
                0x0000a2f8       0x20 contiki-srf06-cc26xx.a(nbr-table.o)
 .text.index_from_lladdr
                0x0000a318       0x40 contiki-srf06-cc26xx.a(nbr-table.o)
 .text.key_from_item
                0x0000a358       0x2c contiki-srf06-cc26xx.a(nbr-table.o)
 .text.nbr_get_bit.constprop.0
                0x0000a384       0x30 contiki-srf06-cc26xx.a(nbr-table.o)
 .text.nbr_table_register
                0x0000a3b4       0x28 contiki-srf06-cc26xx.a(nbr-table.o)
                0x0000a3b4                nbr_table_register
 .text.nbr_table_head
                0x0000a3dc       0x34 contiki-srf06-cc26xx.a(nbr-table.o)
                0x0000a3dc                nbr_table_head
 .text.nbr_table_add_lladdr
                0x0000a410      0x11c contiki-srf06-cc26xx.a(nbr-table.o)
                0x0000a410                nbr_table_add_lladdr
 .text.nbr_table_remove
                0x0000a52c       0x2c contiki-srf06-cc26xx.a(nbr-table.o)
                0x0000a52c                nbr_table_remove
 .text.nbr_table_lock
                0x0000a558       0x14 contiki-srf06-cc26xx.a(nbr-table.o)
                0x0000a558                nbr_table_lock
 .text.nbr_table_unlock
                0x0000a56c       0x14 contiki-srf06-cc26xx.a(nbr-table.o)
                0x0000a56c                nbr_table_unlock
 .text.netstack_init
                0x0000a580       0x38 contiki-srf06-cc26xx.a(netstack.o)
                0x0000a580                netstack_init
 .text.packetbuf_copyto
                0x0000a5b8       0x50 contiki-srf06-cc26xx.a(packetbuf.o)
                0x0000a5b8                packetbuf_copyto
 .text.packetbuf_hdrreduce
                0x0000a608       0x2c contiki-srf06-cc26xx.a(packetbuf.o)
                0x0000a608                packetbuf_hdrreduce
 .text.packetbuf_set_datalen
                0x0000a634        0xc contiki-srf06-cc26xx.a(packetbuf.o)
                0x0000a634                packetbuf_set_datalen
 .text.packetbuf_dataptr
                0x0000a640       0x14 contiki-srf06-cc26xx.a(packetbuf.o)
                0x0000a640                packetbuf_dataptr
 .text.packetbuf_hdrptr
                0x0000a654       0x14 contiki-srf06-cc26xx.a(packetbuf.o)
                0x0000a654                packetbuf_hdrptr
 .text.packetbuf_datalen
                0x0000a668        0xc contiki-srf06-cc26xx.a(packetbuf.o)
                0x0000a668                packetbuf_datalen
 .text.packetbuf_hdrlen
                0x0000a674       0x1c contiki-srf06-cc26xx.a(packetbuf.o)
                0x0000a674                packetbuf_hdrlen
 .text.packetbuf_totlen
                0x0000a690       0x14 contiki-srf06-cc26xx.a(packetbuf.o)
                0x0000a690                packetbuf_totlen
 .text.packetbuf_hdralloc
                0x0000a6a4       0x28 contiki-srf06-cc26xx.a(packetbuf.o)
                0x0000a6a4                packetbuf_hdralloc
 .text.packetbuf_attr_clear
                0x0000a6cc       0x38 contiki-srf06-cc26xx.a(packetbuf.o)
                0x0000a6cc                packetbuf_attr_clear
 .text.packetbuf_clear
                0x0000a704       0x30 contiki-srf06-cc26xx.a(packetbuf.o)
                0x0000a704                packetbuf_clear
 .text.packetbuf_copyfrom
                0x0000a734       0x2c contiki-srf06-cc26xx.a(packetbuf.o)
                0x0000a734                packetbuf_copyfrom
 .text.packetbuf_attr_copyto
                0x0000a760       0x34 contiki-srf06-cc26xx.a(packetbuf.o)
                0x0000a760                packetbuf_attr_copyto
 .text.packetbuf_attr_copyfrom
                0x0000a794       0x34 contiki-srf06-cc26xx.a(packetbuf.o)
                0x0000a794                packetbuf_attr_copyfrom
 .text.packetbuf_set_attr
                0x0000a7c8       0x10 contiki-srf06-cc26xx.a(packetbuf.o)
                0x0000a7c8                packetbuf_set_attr
 .text.packetbuf_attr
                0x0000a7d8        0xc contiki-srf06-cc26xx.a(packetbuf.o)
                0x0000a7d8                packetbuf_attr
 .text.packetbuf_set_addr
                0x0000a7e4       0x18 contiki-srf06-cc26xx.a(packetbuf.o)
                0x0000a7e4                packetbuf_set_addr
 .text.packetbuf_addr
                0x0000a7fc       0x10 contiki-srf06-cc26xx.a(packetbuf.o)
                0x0000a7fc                packetbuf_addr
 .text.packetbuf_holds_broadcast
                0x0000a80c       0x10 contiki-srf06-cc26xx.a(packetbuf.o)
                0x0000a80c                packetbuf_holds_broadcast
 .text.queuebuf_init
                0x0000a81c       0x1c contiki-srf06-cc26xx.a(queuebuf.o)
                0x0000a81c                queuebuf_init
 .text.queuebuf_numfree
                0x0000a838        0xc contiki-srf06-cc26xx.a(queuebuf.o)
                0x0000a838                queuebuf_numfree
 .text.queuebuf_new_from_packetbuf
                0x0000a844       0x44 contiki-srf06-cc26xx.a(queuebuf.o)
                0x0000a844                queuebuf_new_from_packetbuf
 .text.queuebuf_free
                0x0000a888       0x2c contiki-srf06-cc26xx.a(queuebuf.o)
                0x0000a888                queuebuf_free
 .text.queuebuf_to_packetbuf
                0x0000a8b4       0x30 contiki-srf06-cc26xx.a(queuebuf.o)
                0x0000a8b4                queuebuf_to_packetbuf
 .text.input_packet
                0x0000a8e4        0xc contiki-srf06-cc26xx.a(csma.o)
 .text.on       0x0000a8f0        0xc contiki-srf06-cc26xx.a(csma.o)
 .text.off      0x0000a8fc        0xc contiki-srf06-cc26xx.a(csma.o)
 .text.channel_check_interval
                0x0000a908       0x10 contiki-srf06-cc26xx.a(csma.o)
 .text.transmit_packet_list
                0x0000a918       0x30 contiki-srf06-cc26xx.a(csma.o)
 .text.send_packet
                0x0000a948      0x148 contiki-srf06-cc26xx.a(csma.o)
 .text.init     0x0000aa90       0x24 contiki-srf06-cc26xx.a(csma.o)
 .text.free_packet
                0x0000aab4       0x98 contiki-srf06-cc26xx.a(csma.o)
 .text.packet_sent
                0x0000ab4c       0xf8 contiki-srf06-cc26xx.a(csma.o)
 .text.create_frame.isra.0
                0x0000ac44      0x124 contiki-srf06-cc26xx.a(framer-802154.o)
 .text.init     0x0000ad68       0x40 contiki-srf06-cc26xx.a(contikimac.o)
 .text.on       0x0000ada8       0x2c contiki-srf06-cc26xx.a(contikimac.o)
 .text.off      0x0000add4       0x38 contiki-srf06-cc26xx.a(contikimac.o)
 .text.recv_burst_off
                0x0000ae0c       0x14 contiki-srf06-cc26xx.a(contikimac.o)
 .text.powercycle_turn_radio_off
                0x0000ae20       0x1c contiki-srf06-cc26xx.a(contikimac.o)
 .text.turn_off
                0x0000ae3c       0x38 contiki-srf06-cc26xx.a(contikimac.o)
 .text.turn_on  0x0000ae74       0x40 contiki-srf06-cc26xx.a(contikimac.o)
 .text.schedule_powercycle_fixed
                0x0000aeb4       0x34 contiki-srf06-cc26xx.a(contikimac.o)
 .text.input_packet
                0x0000aee8       0xa8 contiki-srf06-cc26xx.a(contikimac.o)
 .text.send_packet.isra.8
                0x0000af90      0x1f8 contiki-srf06-cc26xx.a(contikimac.o)
 .text.qsend_list
                0x0000b188       0xc4 contiki-srf06-cc26xx.a(contikimac.o)
 .text.powercycle_wrapper
                0x0000b24c      0x1ec contiki-srf06-cc26xx.a(contikimac.o)
 .text.input    0x0000b438        0xc contiki-srf06-cc26xx.a(nullsec.o)
 .text.send     0x0000b444       0x20 contiki-srf06-cc26xx.a(nullsec.o)
 .text.sensor_common_write_reg
                0x0000b464       0x30 contiki-srf06-cc26xx.a(sensor-common.o)
                0x0000b464                sensor_common_write_reg
 .text.verify_part
                0x0000b494       0x64 contiki-srf06-cc26xx.a(ext-flash.o)
 .text.wait_ready
                0x0000b4f8       0x5c contiki-srf06-cc26xx.a(ext-flash.o)
 .text.ext_flash_open
                0x0000b554       0x54 contiki-srf06-cc26xx.a(ext-flash.o)
                0x0000b554                ext_flash_open
 .text.ext_flash_close
                0x0000b5a8       0x4c contiki-srf06-cc26xx.a(ext-flash.o)
                0x0000b5a8                ext_flash_close
 .text.buzzer_init
                0x0000b5f4        0xc contiki-srf06-cc26xx.a(buzzer.o)
                0x0000b5f4                buzzer_init
 .text.buzzer_stop
                0x0000b600       0x74 contiki-srf06-cc26xx.a(buzzer.o)
                0x0000b600                buzzer_stop
 .text.accessible
                0x0000b674       0x24 contiki-srf06-cc26xx.a(board-spi.o)
 .text.board_spi_write
                0x0000b698       0x3c contiki-srf06-cc26xx.a(board-spi.o)
                0x0000b698                board_spi_write
 .text.board_spi_read
                0x0000b6d4       0x48 contiki-srf06-cc26xx.a(board-spi.o)
                0x0000b6d4                board_spi_read
 .text.board_spi_flush
                0x0000b71c       0x24 contiki-srf06-cc26xx.a(board-spi.o)
                0x0000b71c                board_spi_flush
 .text.board_spi_open
                0x0000b740       0xbc contiki-srf06-cc26xx.a(board-spi.o)
                0x0000b740                board_spi_open
 .text.board_spi_close
                0x0000b7fc       0x70 contiki-srf06-cc26xx.a(board-spi.o)
                0x0000b7fc                board_spi_close
 .text.process_thread_rf_core_process
                0x0000b86c       0x58 contiki-srf06-cc26xx.a(rf-core.o)
 .text.rf_core_is_accessible
                0x0000b8c4       0x10 contiki-srf06-cc26xx.a(rf-core.o)
                0x0000b8c4                rf_core_is_accessible
 .text.rf_core_send_cmd
                0x0000b8d4       0x80 contiki-srf06-cc26xx.a(rf-core.o)
                0x0000b8d4                rf_core_send_cmd
 .text.rf_core_wait_cmd_done
                0x0000b954       0x2c contiki-srf06-cc26xx.a(rf-core.o)
                0x0000b954                rf_core_wait_cmd_done
 .text.rf_core_power_up
                0x0000b980       0xac contiki-srf06-cc26xx.a(rf-core.o)
                0x0000b980                rf_core_power_up
 .text.rf_core_set_modesel
                0x0000ba2c       0x5c contiki-srf06-cc26xx.a(rf-core.o)
                0x0000ba2c                rf_core_set_modesel
 .text.rf_core_start_rat
                0x0000ba88       0x1c contiki-srf06-cc26xx.a(rf-core.o)
                0x0000ba88                rf_core_start_rat
 .text.rf_core_setup_interrupts
                0x0000baa4       0x5c contiki-srf06-cc26xx.a(rf-core.o)
                0x0000baa4                rf_core_setup_interrupts
 .text.rf_core_cmd_done_en
                0x0000bb00       0x24 contiki-srf06-cc26xx.a(rf-core.o)
                0x0000bb00                rf_core_cmd_done_en
 .text.rf_core_cmd_done_dis
                0x0000bb24       0x10 contiki-srf06-cc26xx.a(rf-core.o)
                0x0000bb24                rf_core_cmd_done_dis
 .text.rf_core_get_last_radio_op
                0x0000bb34        0xc contiki-srf06-cc26xx.a(rf-core.o)
                0x0000bb34                rf_core_get_last_radio_op
 .text.rf_core_power_down
                0x0000bb40       0xb8 contiki-srf06-cc26xx.a(rf-core.o)
                0x0000bb40                rf_core_power_down
 .text.rf_core_primary_mode_register
                0x0000bbf8        0xc contiki-srf06-cc26xx.a(rf-core.o)
                0x0000bbf8                rf_core_primary_mode_register
 .text.RFCCPE1IntHandler
                0x0000bc04       0x20 contiki-srf06-cc26xx.a(rf-core.o)
                0x0000bc04                RFCCPE1IntHandler
 .text.RFCCPE0IntHandler
                0x0000bc24       0x58 contiki-srf06-cc26xx.a(rf-core.o)
                0x0000bc24                RFCCPE0IntHandler
 .text.rf_ble_is_active
                0x0000bc7c        0xc contiki-srf06-cc26xx.a(rf-ble.o)
                0x0000bc7c                rf_ble_is_active
 .text.stimer_expired
                0x0000bc88       0x20 contiki-srf06-cc26xx.a(stimer.o)
                0x0000bc88                stimer_expired
 .text.AONBatMonTemperatureGetDegC
                0x0000bca8       0x30 contiki-srf06-cc26xx.a(aon_batmon.o)
                0x0000bca8                AONBatMonTemperatureGetDegC
 .text.ChipInfo_GetSupportedProtocol_BV
                0x0000bcd8       0x10 contiki-srf06-cc26xx.a(chipinfo.o)
                0x0000bcd8                ChipInfo_GetSupportedProtocol_BV
 .text.ChipInfo_GetChipFamily
                0x0000bce8       0x34 contiki-srf06-cc26xx.a(chipinfo.o)
                0x0000bce8                ChipInfo_GetChipFamily
 .text.ChipInfo_GetHwRevision
                0x0000bd1c       0x68 contiki-srf06-cc26xx.a(chipinfo.o)
                0x0000bd1c                ChipInfo_GetHwRevision
 .text.frame802154_get_pan_id
                0x0000bd84        0xc contiki-srf06-cc26xx.a(frame802154.o)
                0x0000bd84                frame802154_get_pan_id
 .text.frame802154_parse
                0x0000bd90      0x174 contiki-srf06-cc26xx.a(frame802154.o)
                0x0000bd90                frame802154_parse
 .text.mac_sequence_is_duplicate
                0x0000bf04       0x38 contiki-srf06-cc26xx.a(mac-sequence.o)
                0x0000bf04                mac_sequence_is_duplicate
 .text.mac_sequence_register_seqno
                0x0000bf3c       0x64 contiki-srf06-cc26xx.a(mac-sequence.o)
                0x0000bf3c                mac_sequence_register_seqno
 .text.exp2     0x0000bfa0       0x10 /usr/bin/../lib/gcc/arm-none-eabi/4.9.3/../../../../arm-none-eabi/lib/armv7-m/libm.a(lib_a-w_exp2.o)
                0x0000bfa0                exp2
 .text.pow      0x0000bfb0      0x2f0 /usr/bin/../lib/gcc/arm-none-eabi/4.9.3/../../../../arm-none-eabi/lib/armv7-m/libm.a(lib_a-w_pow.o)
                0x0000bfb0                pow
 .text.__ieee754_sqrt
                0x0000c2a0      0x18c /usr/bin/../lib/gcc/arm-none-eabi/4.9.3/../../../../arm-none-eabi/lib/armv7-m/libm.a(lib_a-e_sqrt.o)
                0x0000c2a0                __ieee754_sqrt
 .text.fabs     0x0000c42c        0x8 /usr/bin/../lib/gcc/arm-none-eabi/4.9.3/../../../../arm-none-eabi/lib/armv7-m/libm.a(lib_a-s_fabs.o)
                0x0000c42c                fabs
 .text.finite   0x0000c434        0xc /usr/bin/../lib/gcc/arm-none-eabi/4.9.3/../../../../arm-none-eabi/lib/armv7-m/libm.a(lib_a-s_finite.o)
                0x0000c434                finite
 .text.__fpclassifyd
                0x0000c440       0x58 /usr/bin/../lib/gcc/arm-none-eabi/4.9.3/../../../../arm-none-eabi/lib/armv7-m/libm.a(lib_a-s_fpclassify.o)
                0x0000c440                __fpclassifyd
 .text.matherr  0x0000c498        0x4 /usr/bin/../lib/gcc/arm-none-eabi/4.9.3/../../../../arm-none-eabi/lib/armv7-m/libm.a(lib_a-s_matherr.o)
                0x0000c498                matherr
 .text.nan      0x0000c49c        0xc /usr/bin/../lib/gcc/arm-none-eabi/4.9.3/../../../../arm-none-eabi/lib/armv7-m/libm.a(lib_a-s_nan.o)
                0x0000c49c                nan
 .text.rint     0x0000c4a8      0x11c /usr/bin/../lib/gcc/arm-none-eabi/4.9.3/../../../../arm-none-eabi/lib/armv7-m/libm.a(lib_a-s_rint.o)
                0x0000c4a8                rint
 .text.copysign
                0x0000c5c4       0x10 /usr/bin/../lib/gcc/arm-none-eabi/4.9.3/../../../../arm-none-eabi/lib/armv7-m/libm.a(lib_a-s_copysign.o)
                0x0000c5c4                copysign
 .text          0x0000c5d4      0x370 /usr/bin/../lib/gcc/arm-none-eabi/4.9.3/armv7-m/libgcc.a(_arm_addsubdf3.o)
                0x0000c5d4                __aeabi_drsub
                0x0000c5dc                __aeabi_dsub
                0x0000c5dc                __subdf3
                0x0000c5e0                __adddf3
                0x0000c5e0                __aeabi_dadd
                0x0000c858                __aeabi_ui2d
                0x0000c858                __floatunsidf
                0x0000c878                __floatsidf
                0x0000c878                __aeabi_i2d
                0x0000c89c                __extendsfdf2
                0x0000c89c                __aeabi_f2d
                0x0000c8d8                __aeabi_ul2d
                0x0000c8d8                __floatundidf
                0x0000c8e8                __floatdidf
                0x0000c8e8                __aeabi_l2d
 .text          0x0000c944      0x424 /usr/bin/../lib/gcc/arm-none-eabi/4.9.3/armv7-m/libgcc.a(_arm_muldivdf3.o)
                0x0000c944                __aeabi_dmul
                0x0000c944                __muldf3
                0x0000cb98                __aeabi_ddiv
                0x0000cb98                __divdf3
 .text          0x0000cd68      0x110 /usr/bin/../lib/gcc/arm-none-eabi/4.9.3/armv7-m/libgcc.a(_arm_cmpdf2.o)
                0x0000cd68                __gtdf2
                0x0000cd68                __gedf2
                0x0000cd70                __ltdf2
                0x0000cd70                __ledf2
                0x0000cd78                __cmpdf2
                0x0000cd78                __eqdf2
                0x0000cd78                __nedf2
                0x0000cdf4                __aeabi_cdrcmple
                0x0000ce04                __aeabi_cdcmple
                0x0000ce04                __aeabi_cdcmpeq
                0x0000ce14                __aeabi_dcmpeq
                0x0000ce28                __aeabi_dcmplt
                0x0000ce3c                __aeabi_dcmple
                0x0000ce50                __aeabi_dcmpge
                0x0000ce64                __aeabi_dcmpgt
 .text          0x0000ce78       0xa0 /usr/bin/../lib/gcc/arm-none-eabi/4.9.3/armv7-m/libgcc.a(_arm_truncdfsf2.o)
                0x0000ce78                __aeabi_d2f
                0x0000ce78                __truncdfsf2
 .text          0x0000cf18      0x21c /usr/bin/../lib/gcc/arm-none-eabi/4.9.3/armv7-m/libgcc.a(_arm_addsubsf3.o)
                0x0000cf18                __aeabi_frsub
                0x0000cf20                __subsf3
                0x0000cf20                __aeabi_fsub
                0x0000cf24                __aeabi_fadd
                0x0000cf24                __addsf3
                0x0000d084                __aeabi_ui2f
                0x0000d084                __floatunsisf
                0x0000d08c                __aeabi_i2f
                0x0000d08c                __floatsisf
                0x0000d0a8                __floatundisf
                0x0000d0a8                __aeabi_ul2f
                0x0000d0b8                __floatdisf
                0x0000d0b8                __aeabi_l2f
 .text          0x0000d134      0x2a0 /usr/bin/../lib/gcc/arm-none-eabi/4.9.3/armv7-m/libgcc.a(_arm_muldivsf3.o)
                0x0000d134                __mulsf3
                0x0000d134                __aeabi_fmul
                0x0000d29c                __divsf3
                0x0000d29c                __aeabi_fdiv
 .text          0x0000d3d4       0x4c /usr/bin/../lib/gcc/arm-none-eabi/4.9.3/armv7-m/libgcc.a(_arm_fixsfsi.o)
                0x0000d3d4                __fixsfsi
                0x0000d3d4                __aeabi_f2iz
 .text          0x0000d420       0x30 /usr/bin/../lib/gcc/arm-none-eabi/4.9.3/armv7-m/libgcc.a(_aeabi_uldivmod.o)
                0x0000d420                __aeabi_uldivmod
 .text          0x0000d450       0x60 /usr/bin/../lib/gcc/arm-none-eabi/4.9.3/armv7-m/libgcc.a(bpabi.o)
                0x0000d450                __gnu_ldivmod_helper
                0x0000d480                __gnu_uldivmod_helper
 .text          0x0000d4b0        0x4 /usr/bin/../lib/gcc/arm-none-eabi/4.9.3/armv7-m/libgcc.a(_dvmd_tls.o)
                0x0000d4b0                __aeabi_ldiv0
                0x0000d4b0                __aeabi_idiv0
 .text          0x0000d4b4      0x2ac /usr/bin/../lib/gcc/arm-none-eabi/4.9.3/armv7-m/libgcc.a(_divdi3.o)
                0x0000d4b4                __divdi3
 .text          0x0000d760      0x270 /usr/bin/../lib/gcc/arm-none-eabi/4.9.3/armv7-m/libgcc.a(_udivdi3.o)
                0x0000d760                __udivdi3
 .text.__errno  0x0000d9d0        0xc /usr/bin/../lib/gcc/arm-none-eabi/4.9.3/../../../../arm-none-eabi/lib/armv7-m/libc.a(lib_a-errno.o)
                0x0000d9d0                __errno
 .text.memcmp   0x0000d9dc       0x64 /usr/bin/../lib/gcc/arm-none-eabi/4.9.3/../../../../arm-none-eabi/lib/armv7-m/libc.a(lib_a-memcmp.o)
                0x0000d9dc                memcmp
 .text          0x0000da40       0xec /usr/bin/../lib/gcc/arm-none-eabi/4.9.3/../../../../arm-none-eabi/lib/armv7-m/libc.a(lib_a-memcpy.o)
                0x0000da40                memcpy
 .text.memmove  0x0000db2c       0xc8 /usr/bin/../lib/gcc/arm-none-eabi/4.9.3/../../../../arm-none-eabi/lib/armv7-m/libc.a(lib_a-memmove.o)
                0x0000db2c                memmove
 .text.memset   0x0000dbf4       0x9c /usr/bin/../lib/gcc/arm-none-eabi/4.9.3/../../../../arm-none-eabi/lib/armv7-m/libc.a(lib_a-memset.o)
                0x0000dbf4                memset
 .text.srand    0x0000dc90       0x14 /usr/bin/../lib/gcc/arm-none-eabi/4.9.3/../../../../arm-none-eabi/lib/armv7-m/libc.a(lib_a-rand.o)
                0x0000dc90                srand
 .text.rand     0x0000dca4       0x40 /usr/bin/../lib/gcc/arm-none-eabi/4.9.3/../../../../arm-none-eabi/lib/armv7-m/libc.a(lib_a-rand.o)
                0x0000dca4                rand
 .text.strcpy   0x0000dce4       0xbc /usr/bin/../lib/gcc/arm-none-eabi/4.9.3/../../../../arm-none-eabi/lib/armv7-m/libc.a(lib_a-strcpy.o)
                0x0000dce4                strcpy
 .text.strlen   0x0000dda0       0x5c /usr/bin/../lib/gcc/arm-none-eabi/4.9.3/../../../../arm-none-eabi/lib/armv7-m/libc.a(lib_a-strlen.o)
                0x0000dda0                strlen
 .text.strncmp  0x0000ddfc       0x94 /usr/bin/../lib/gcc/arm-none-eabi/4.9.3/../../../../arm-none-eabi/lib/armv7-m/libc.a(lib_a-strncmp.o)
                0x0000ddfc                strncmp
 .text.strncpy  0x0000de90       0x68 /usr/bin/../lib/gcc/arm-none-eabi/4.9.3/../../../../arm-none-eabi/lib/armv7-m/libc.a(lib_a-strncpy.o)
                0x0000de90                strncpy
 .text.NmiSRHandler
                0x0000def8        0x2 obj_srf06-cc26xx/startup_gcc.o
                0x0000def8                NmiSR
 .text.IntDefaultHandler
                0x0000defa        0x2 obj_srf06-cc26xx/startup_gcc.o
                0x0000defa                TRNGIntHandler
                0x0000defa                SSI0IntHandler
                0x0000defa                SWEvent0IntHandler
                0x0000defa                uDMAIntHandler
                0x0000defa                WatchdogIntHandler
                0x0000defa                RFCHardwareIntHandler
                0x0000defa                Timer1BIntHandler
                0x0000defa                I2SIntHandler
                0x0000defa                Timer2BIntHandler
                0x0000defa                Timer2AIntHandler
                0x0000defa                Timer1AIntHandler
                0x0000defa                AONIntHandler
                0x0000defa                AUXSWEvent0IntHandler
                0x0000defa                AUXADCIntHandler
                0x0000defa                PendSVIntHandler
                0x0000defa                AUXSWEvent1IntHandler
                0x0000defa                SVCallIntHandler
                0x0000defa                MPUFaultIntHandler
                0x0000defa                SysTickIntHandler
                0x0000defa                BusFaultIntHandler
                0x0000defa                AONProgIntHandler
                0x0000defa                AUXCompAIntHandler
                0x0000defa                SSI1IntHandler
                0x0000defa                FlashIntHandler
                0x0000defa                uDMAErrIntHandler
                0x0000defa                UsageFaultIntHandler
                0x0000defa                RFCCmdAckIntHandler
                0x0000defa                CryptoIntHandler
                0x0000defa                Timer0AIntHandler
                0x0000defa                I2CIntHandler
                0x0000defa                DebugMonIntHandler
                0x0000defa                Timer0BIntHandler
                0x0000defa                AUXCombEventIntHandler
                0x0000defa                Timer3AIntHandler
                0x0000defa                DynProgIntHandler
                0x0000defa                Timer3BIntHandler
 .text.fade     0x0000defc       0x54 contiki-srf06-cc26xx.a(contiki-main.o)
 .text.select_on_bus
                0x0000df50        0x8 contiki-srf06-cc26xx.a(bmp-280-sensor.)
 .text.status_right
                0x0000df58       0x10 contiki-srf06-cc26xx.a(button-sensor.o)
 .text.config_left
                0x0000df68        0xc contiki-srf06-cc26xx.a(button-sensor.o)
 .text.config_right
                0x0000df74        0xc contiki-srf06-cc26xx.a(button-sensor.o)
 .text.status_left
                0x0000df80       0x10 contiki-srf06-cc26xx.a(button-sensor.o)
 .text.lpm_wakeup_handler
                0x0000df90        0x4 contiki-srf06-cc26xx.a(board.o)
 .text.clock_update
                0x0000df94       0x16 contiki-srf06-cc26xx.a(clock.o)
                0x0000df94                clock_update
 .text.rtimer_arch_init
                0x0000dfaa        0x2 contiki-srf06-cc26xx.a(rtimer-arch.o)
                0x0000dfaa                rtimer_arch_init
 .text.rtimer_arch_schedule
                0x0000dfac        0x8 contiki-srf06-cc26xx.a(rtimer-arch.o)
                0x0000dfac                rtimer_arch_schedule
 .text.rtimer_arch_now
                0x0000dfb4        0x4 contiki-srf06-cc26xx.a(rtimer-arch.o)
                0x0000dfb4                rtimer_arch_now
 .text.putchar  0x0000dfb8        0xe contiki-srf06-cc26xx.a(putchar.o)
                0x0000dfb8                putchar
 .text.puts     0x0000dfc6       0x2c contiki-srf06-cc26xx.a(putchar.o)
                0x0000dfc6                puts
 .text.dbg_send_bytes
                0x0000dff2       0x28 contiki-srf06-cc26xx.a(putchar.o)
                0x0000dff2                dbg_send_bytes
 .text.slip_arch_writeb
                0x0000e01a        0x4 contiki-srf06-cc26xx.a(slip-arch.o)
                0x0000e01a                slip_arch_writeb
 .text.IntMasterEnable
                0x0000e01e        0xe contiki-srf06-cc26xx.a(lpm.o)
 .text.oscillators_select_lf_rcosc
                0x0000e02c       0x30 contiki-srf06-cc26xx.a(oscillators.o)
                0x0000e02c                oscillators_select_lf_rcosc
 .text.oscillators_request_hf_xosc
                0x0000e05c       0x24 contiki-srf06-cc26xx.a(oscillators.o)
                0x0000e05c                oscillators_request_hf_xosc
 .text.request  0x0000e080       0x10 contiki-srf06-cc26xx.a(ieee-mode.o)
 .text.soft_on  0x0000e090       0x16 contiki-srf06-cc26xx.a(ieee-mode.o)
 .text.transmitting
                0x0000e0a6       0x3e contiki-srf06-cc26xx.a(ieee-mode.o)
 .text.get_cca_info.part.3
                0x0000e0e4       0x30 contiki-srf06-cc26xx.a(ieee-mode.o)
 .text.send     0x0000e114       0x12 contiki-srf06-cc26xx.a(ieee-mode.o)
 .text.channel_clear
                0x0000e126       0x54 contiki-srf06-cc26xx.a(ieee-mode.o)
 .text.receiving_packet
                0x0000e17a       0x3a contiki-srf06-cc26xx.a(ieee-mode.o)
 .text.write_str
                0x0000e1b4       0x10 contiki-srf06-cc26xx.a(dbg-printf.o)
 .text.buffer_str
                0x0000e1c4       0x28 contiki-srf06-cc26xx.a(dbg-snprintf.o)
 .text.snprintf
                0x0000e1ec       0x1a contiki-srf06-cc26xx.a(dbg-snprintf.o)
                0x0000e1ec                snprintf
 .text.autostart_start
                0x0000e206       0x14 contiki-srf06-cc26xx.a(autostart.o)
                0x0000e206                autostart_start
 .text.energest_init
                0x0000e21a        0x2 contiki-srf06-cc26xx.a(energest.o)
                0x0000e21a                energest_init
 .text.etimer_set
                0x0000e21c       0x12 contiki-srf06-cc26xx.a(etimer.o)
                0x0000e21c                etimer_set
 .text.etimer_reset
                0x0000e22e       0x12 contiki-srf06-cc26xx.a(etimer.o)
                0x0000e22e                etimer_reset
 .text.etimer_restart
                0x0000e240       0x12 contiki-srf06-cc26xx.a(etimer.o)
                0x0000e240                etimer_restart
 .text.etimer_expired
                0x0000e252        0xa contiki-srf06-cc26xx.a(etimer.o)
                0x0000e252                etimer_expired
 .text.etimer_expiration_time
                0x0000e25c        0x6 contiki-srf06-cc26xx.a(etimer.o)
                0x0000e25c                etimer_expiration_time
 .text.call_process
                0x0000e262        0xc contiki-srf06-cc26xx.a(process.o)
 .text.rtimer_init
                0x0000e26e        0x4 contiki-srf06-cc26xx.a(rtimer.o)
                0x0000e26e                rtimer_init
 .text.timer_set
                0x0000e272        0xe contiki-srf06-cc26xx.a(timer.o)
                0x0000e272                timer_set
 .text.timer_reset
                0x0000e280        0xa contiki-srf06-cc26xx.a(timer.o)
                0x0000e280                timer_reset
 .text.timer_restart
                0x0000e28a        0xc contiki-srf06-cc26xx.a(timer.o)
                0x0000e28a                timer_restart
 .text.timer_expired
                0x0000e296       0x1c contiki-srf06-cc26xx.a(timer.o)
                0x0000e296                timer_expired
 .text.list_init
                0x0000e2b2        0x6 contiki-srf06-cc26xx.a(list.o)
                0x0000e2b2                list_init
 .text.list_head
                0x0000e2b8        0x4 contiki-srf06-cc26xx.a(list.o)
                0x0000e2b8                list_head
 .text.list_tail
                0x0000e2bc       0x10 contiki-srf06-cc26xx.a(list.o)
                0x0000e2bc                list_tail
 .text.list_remove
                0x0000e2cc       0x28 contiki-srf06-cc26xx.a(list.o)
                0x0000e2cc                list_remove
 .text.list_add
                0x0000e2f4       0x1e contiki-srf06-cc26xx.a(list.o)
                0x0000e2f4                list_add
 .text.list_push
                0x0000e312       0x12 contiki-srf06-cc26xx.a(list.o)
                0x0000e312                list_push
 .text.list_length
                0x0000e324        0xe contiki-srf06-cc26xx.a(list.o)
                0x0000e324                list_length
 .text.list_item_next
                0x0000e332        0x6 contiki-srf06-cc26xx.a(list.o)
                0x0000e332                list_item_next
 .text.memb_init
                0x0000e338       0x20 contiki-srf06-cc26xx.a(memb.o)
                0x0000e338                memb_init
 .text.memb_alloc
                0x0000e358       0x28 contiki-srf06-cc26xx.a(memb.o)
                0x0000e358                memb_alloc
 .text.memb_free
                0x0000e380       0x2c contiki-srf06-cc26xx.a(memb.o)
                0x0000e380                memb_free
 .text.memb_inmemb
                0x0000e3ac       0x1c contiki-srf06-cc26xx.a(memb.o)
                0x0000e3ac                memb_inmemb
 .text.memb_numfree
                0x0000e3c8       0x1c contiki-srf06-cc26xx.a(memb.o)
                0x0000e3c8                memb_numfree
 .text.random_init
                0x0000e3e4        0x4 contiki-srf06-cc26xx.a(random.o)
                0x0000e3e4                random_init
 .text.random_rand
                0x0000e3e8        0xa contiki-srf06-cc26xx.a(random.o)
                0x0000e3e8                random_rand
 .text.ringbuf_init
                0x0000e3f2        0xe contiki-srf06-cc26xx.a(ringbuf.o)
                0x0000e3f2                ringbuf_init
 .text.ringbuf_get
                0x0000e400       0x20 contiki-srf06-cc26xx.a(ringbuf.o)
                0x0000e400                ringbuf_get
 .text.chksum   0x0000e420       0x38 contiki-srf06-cc26xx.a(uip6.o)
 .text.uip_icmp6chksum
                0x0000e458        0x6 contiki-srf06-cc26xx.a(uip6.o)
                0x0000e458                uip_icmp6chksum
 .text.uip_tcpchksum
                0x0000e45e        0x6 contiki-srf06-cc26xx.a(uip6.o)
                0x0000e45e                uip_tcpchksum
 .text.uip_udpchksum
                0x0000e464        0x6 contiki-srf06-cc26xx.a(uip6.o)
                0x0000e464                uip_udpchksum
 .text.uip_htonl
                0x0000e46a       0x14 contiki-srf06-cc26xx.a(uip6.o)
                0x0000e46a                uip_htonl
 .text.uip_ds6_list_loop
                0x0000e47e       0x48 contiki-srf06-cc26xx.a(uip-ds6.o)
                0x0000e47e                uip_ds6_list_loop
 .text.uip_ds6_maddr_rm
                0x0000e4c6        0x8 contiki-srf06-cc26xx.a(uip-ds6.o)
                0x0000e4c6                uip_ds6_maddr_rm
 .text.uip_ds6_set_addr_iid
                0x0000e4ce       0x12 contiki-srf06-cc26xx.a(uip-ds6.o)
                0x0000e4ce                uip_ds6_set_addr_iid
 .text.get_match_length
                0x0000e4e0       0x3a contiki-srf06-cc26xx.a(uip-ds6.o)
                0x0000e4e0                get_match_length
 .text.uip_ds6_nbr_ipaddr_from_lladdr
                0x0000e51a        0x4 contiki-srf06-cc26xx.a(uip-ds6-nbr.o)
                0x0000e51a                uip_ds6_nbr_ipaddr_from_lladdr
 .text.uip_ds6_nbr_lladdr_from_ipaddr
                0x0000e51e       0x12 contiki-srf06-cc26xx.a(uip-ds6-nbr.o)
                0x0000e51e                uip_ds6_nbr_lladdr_from_ipaddr
 .text.uip_ds6_route_next
                0x0000e530        0x8 contiki-srf06-cc26xx.a(uip-ds6-route.o)
                0x0000e530                uip_ds6_route_next
 .text.rm_routelist_callback
                0x0000e538        0x4 contiki-srf06-cc26xx.a(uip-ds6-route.o)
 .text.uip_nd6_init
                0x0000e53c        0x2 contiki-srf06-cc26xx.a(uip-nd6.o)
                0x0000e53c                uip_nd6_init
 .text.psock_datalen
                0x0000e53e        0xa contiki-srf06-cc26xx.a(psock.o)
                0x0000e53e                psock_datalen
 .text.psock_init
                0x0000e548       0x16 contiki-srf06-cc26xx.a(psock.o)
                0x0000e548                psock_init
 .text.rpl_remove_routes
                0x0000e55e       0x1e contiki-srf06-cc26xx.a(rpl.o)
                0x0000e55e                rpl_remove_routes
 .text.rpl_remove_routes_by_nexthop
                0x0000e57c       0x36 contiki-srf06-cc26xx.a(rpl.o)
                0x0000e57c                rpl_remove_routes_by_nexthop
 .text.rpl_add_route
                0x0000e5b2       0x28 contiki-srf06-cc26xx.a(rpl.o)
                0x0000e5b2                rpl_add_route
 .text.lollipop_greater_than
                0x0000e5da       0x34 contiki-srf06-cc26xx.a(rpl-dag.o)
 .text.check_prefix
                0x0000e60e       0x58 contiki-srf06-cc26xx.a(rpl-dag.o)
 .text.rpl_set_prefix
                0x0000e666       0x6c contiki-srf06-cc26xx.a(rpl-dag.o)
                0x0000e666                rpl_set_prefix
 .text.rpl_set_default_route
                0x0000e6d2       0x38 contiki-srf06-cc26xx.a(rpl-dag.o)
                0x0000e6d2                rpl_set_default_route
 .text.rpl_find_parent
                0x0000e70a       0x16 contiki-srf06-cc26xx.a(rpl-dag.o)
                0x0000e70a                rpl_find_parent
 .text.rpl_find_parent_any_dag
                0x0000e720       0x1e contiki-srf06-cc26xx.a(rpl-dag.o)
                0x0000e720                rpl_find_parent_any_dag
 .text.rpl_select_dag
                0x0000e73e      0x152 contiki-srf06-cc26xx.a(rpl-dag.o)
                0x0000e73e                rpl_select_dag
 .text.rpl_nullify_parent
                0x0000e890       0x48 contiki-srf06-cc26xx.a(rpl-dag.o)
                0x0000e890                rpl_nullify_parent
 .text.nbr_callback
                0x0000e8d8        0x4 contiki-srf06-cc26xx.a(rpl-dag.o)
 .text.rpl_free_dag
                0x0000e8dc       0x2e contiki-srf06-cc26xx.a(rpl-dag.o)
                0x0000e8dc                rpl_free_dag
 .text.rpl_move_parent
                0x0000e90a       0x48 contiki-srf06-cc26xx.a(rpl-dag.o)
                0x0000e90a                rpl_move_parent
 .text.rpl_repair_root
                0x0000e952       0x48 contiki-srf06-cc26xx.a(rpl-dag.o)
                0x0000e952                rpl_repair_root
 .text.rpl_alloc_dag
                0x0000e99a       0x48 contiki-srf06-cc26xx.a(rpl-dag.o)
                0x0000e99a                rpl_alloc_dag
 .text.rpl_process_parent_event
                0x0000e9e2       0x60 contiki-srf06-cc26xx.a(rpl-dag.o)
                0x0000e9e2                rpl_process_parent_event
 .text.rpl_add_dag
                0x0000ea42      0x10c contiki-srf06-cc26xx.a(rpl-dag.o)
                0x0000ea42                rpl_add_dag
 .text.rpl_process_dio
                0x0000eb4e      0x2bc contiki-srf06-cc26xx.a(rpl-dag.o)
                0x0000eb4e                rpl_process_dio
 .text.get32    0x0000ee0a       0x18 contiki-srf06-cc26xx.a(rpl-icmp6.o)
 .text.set32    0x0000ee22       0x12 contiki-srf06-cc26xx.a(rpl-icmp6.o)
 .text.get16    0x0000ee34        0xc contiki-srf06-cc26xx.a(rpl-icmp6.o)
 .text.set16    0x0000ee40        0xa contiki-srf06-cc26xx.a(rpl-icmp6.o)
 .text.reset    0x0000ee4a        0x2 contiki-srf06-cc26xx.a(rpl-mrhof.o)
 .text.update_metric_container
                0x0000ee4c        0x6 contiki-srf06-cc26xx.a(rpl-mrhof.o)
 .text.calculate_rank
                0x0000ee52       0x34 contiki-srf06-cc26xx.a(rpl-mrhof.o)
 .text.neighbor_link_callback
                0x0000ee86       0x46 contiki-srf06-cc26xx.a(rpl-mrhof.o)
 .text.best_dag
                0x0000eecc       0x2c contiki-srf06-cc26xx.a(rpl-mrhof.o)
 .text.best_parent
                0x0000eef8       0x5a contiki-srf06-cc26xx.a(rpl-mrhof.o)
 .text.handle_unicast_dio_timer
                0x0000ef52       0x1c contiki-srf06-cc26xx.a(rpl-timers.o)
 .text.rpl_reset_dio_timer
                0x0000ef6e       0x1c contiki-srf06-cc26xx.a(rpl-timers.o)
                0x0000ef6e                rpl_reset_dio_timer
 .text.rpl_schedule_dao
                0x0000ef8a        0x8 contiki-srf06-cc26xx.a(rpl-timers.o)
                0x0000ef8a                rpl_schedule_dao
 .text.NOROM_CPUcpsid
                0x0000ef92        0x8 contiki-srf06-cc26xx.a(cpu.o)
                0x0000ef92                NOROM_CPUcpsid
 .text.NOROM_CPUcpsie
                0x0000ef9a        0x8 contiki-srf06-cc26xx.a(cpu.o)
                0x0000ef9a                NOROM_CPUcpsie
 .text.NOROM_CPUdelay
                0x0000efa2        0x8 contiki-srf06-cc26xx.a(cpu.o)
                0x0000efa2                NOROM_CPUdelay
 .text.linkaddr_copy
                0x0000efaa        0xa contiki-srf06-cc26xx.a(linkaddr.o)
                0x0000efaa                linkaddr_copy
 .text.linkaddr_cmp
                0x0000efb4       0x10 contiki-srf06-cc26xx.a(linkaddr.o)
                0x0000efb4                linkaddr_cmp
 .text.nbr_set_bit
                0x0000efc4       0x38 contiki-srf06-cc26xx.a(nbr-table.o)
 .text.item_from_key
                0x0000effc       0x22 contiki-srf06-cc26xx.a(nbr-table.o)
 .text.nbr_table_next
                0x0000f01e       0x2e contiki-srf06-cc26xx.a(nbr-table.o)
                0x0000f01e                nbr_table_next
 .text.nbr_table_get_from_lladdr
                0x0000f04c       0x32 contiki-srf06-cc26xx.a(nbr-table.o)
                0x0000f04c                nbr_table_get_from_lladdr
 .text.nbr_table_get_lladdr
                0x0000f07e        0xc contiki-srf06-cc26xx.a(nbr-table.o)
                0x0000f07e                nbr_table_get_lladdr
 .text.queuebuf_update_attr_from_packetbuf
                0x0000f08a        0xc contiki-srf06-cc26xx.a(queuebuf.o)
                0x0000f08a                queuebuf_update_attr_from_packetbuf
 .text.queuebuf_update_from_packetbuf
                0x0000f096       0x1c contiki-srf06-cc26xx.a(queuebuf.o)
                0x0000f096                queuebuf_update_from_packetbuf
 .text.queuebuf_attr
                0x0000f0b2        0xc contiki-srf06-cc26xx.a(queuebuf.o)
                0x0000f0b2                queuebuf_attr
 .text.parse    0x0000f0be       0x94 contiki-srf06-cc26xx.a(framer-802154.o)
 .text.create   0x0000f152        0x6 contiki-srf06-cc26xx.a(framer-802154.o)
 .text.hdr_length
                0x0000f158        0x6 contiki-srf06-cc26xx.a(framer-802154.o)
 .text.mac_call_sent_callback
                0x0000f15e       0x16 contiki-srf06-cc26xx.a(mac.o)
                0x0000f15e                mac_call_sent_callback
 .text.duty_cycle
                0x0000f174        0x4 contiki-srf06-cc26xx.a(contikimac.o)
 .text.qsend_packet
                0x0000f178       0x22 contiki-srf06-cc26xx.a(contikimac.o)
 .text.init     0x0000f19a        0x2 contiki-srf06-cc26xx.a(nullsec.o)
 .text.sensor_common_read_reg
                0x0000f19c       0x1a contiki-srf06-cc26xx.a(sensor-common.o)
                0x0000f19c                sensor_common_read_reg
 .text.sensor_common_set_error_data
                0x0000f1b6        0xe contiki-srf06-cc26xx.a(sensor-common.o)
                0x0000f1b6                sensor_common_set_error_data
 .text.ext_flash_init
                0x0000f1c4        0xe contiki-srf06-cc26xx.a(ext-flash.o)
                0x0000f1c4                ext_flash_init
 .text.IntMasterEnable
                0x0000f1d2        0xe contiki-srf06-cc26xx.a(rf-core.o)
 .text.rf_core_init_radio_op
                0x0000f1e0       0x1e contiki-srf06-cc26xx.a(rf-core.o)
                0x0000f1e0                rf_core_init_radio_op
 .text.rf_core_boot
                0x0000f1fe       0x1c contiki-srf06-cc26xx.a(rf-core.o)
                0x0000f1fe                rf_core_boot
 .text.stimer_set
                0x0000f21a        0xe contiki-srf06-cc26xx.a(stimer.o)
                0x0000f21a                stimer_set
 .text.ThisCodeIsBuiltForCC26xxHwRev22AndLater_HaltIfViolated
                0x0000f228       0x14 contiki-srf06-cc26xx.a(chipinfo.o)
                0x0000f228                ThisCodeIsBuiltForCC26xxHwRev22AndLater_HaltIfViolated
 .text.frame802154_has_panid
                0x0000f23c       0x4c contiki-srf06-cc26xx.a(frame802154.o)
                0x0000f23c                frame802154_has_panid
 .text.field_len
                0x0000f288       0x84 contiki-srf06-cc26xx.a(frame802154.o)
 .text.frame802154_is_broadcast_addr
                0x0000f30c       0x1e contiki-srf06-cc26xx.a(frame802154.o)
                0x0000f30c                frame802154_is_broadcast_addr
 .text.frame802154_hdrlen
                0x0000f32a       0x32 contiki-srf06-cc26xx.a(frame802154.o)
                0x0000f32a                frame802154_hdrlen
 .text.frame802154_create
                0x0000f35c       0xe6 contiki-srf06-cc26xx.a(frame802154.o)
                0x0000f35c                frame802154_create
 *(SORT(.rodata*))
 *fill*         0x0000f442        0x6 00000000
 .rodata.dp_h   0x0000f448       0x10 /usr/bin/../lib/gcc/arm-none-eabi/4.9.3/../../../../arm-none-eabi/lib/armv7-m/libm.a(lib_a-e_pow.o)
 .rodata.dp_l   0x0000f458       0x10 /usr/bin/../lib/gcc/arm-none-eabi/4.9.3/../../../../arm-none-eabi/lib/armv7-m/libm.a(lib_a-e_pow.o)
 .rodata.bp     0x0000f468       0x10 /usr/bin/../lib/gcc/arm-none-eabi/4.9.3/../../../../arm-none-eabi/lib/armv7-m/libm.a(lib_a-e_pow.o)
 .rodata.TWO52  0x0000f478       0x10 /usr/bin/../lib/gcc/arm-none-eabi/4.9.3/../../../../arm-none-eabi/lib/armv7-m/libm.a(lib_a-s_rint.o)
 .rodata.autostart_processes
                0x0000f488        0xc border-router.co
                0x0000f488                autostart_processes
 .rodata.rpl_interface
                0x0000f494        0x8 obj_srf06-cc26xx/slip-bridge.o
                0x0000f494                rpl_interface
 .rodata.bmp_280_sensor
                0x0000f49c       0x10 contiki-srf06-cc26xx.a(bmp-280-sensor.)
                0x0000f49c                bmp_280_sensor
 .rodata.tmp_007_sensor
                0x0000f4ac       0x10 contiki-srf06-cc26xx.a(tmp-007-sensor.)
                0x0000f4ac                tmp_007_sensor
 .rodata.opt_3001_sensor
                0x0000f4bc       0x10 contiki-srf06-cc26xx.a(opt-3001-sensor)
                0x0000f4bc                opt_3001_sensor
 .rodata.hdc_1000_sensor
                0x0000f4cc       0x10 contiki-srf06-cc26xx.a(hdc-1000-sensor)
                0x0000f4cc                hdc_1000_sensor
 .rodata.mpu_9250_sensor
                0x0000f4dc       0x10 contiki-srf06-cc26xx.a(mpu-9250-sensor)
                0x0000f4dc                mpu_9250_sensor
 .rodata.button_left_sensor
                0x0000f4ec       0x10 contiki-srf06-cc26xx.a(button-sensor.o)
                0x0000f4ec                button_left_sensor
 .rodata.button_right_sensor
                0x0000f4fc       0x10 contiki-srf06-cc26xx.a(button-sensor.o)
                0x0000f4fc                button_right_sensor
 .rodata.reed_relay_sensor
                0x0000f50c       0x10 contiki-srf06-cc26xx.a(reed-relay.o)
                0x0000f50c                reed_relay_sensor
 .rodata.output_power
                0x0000f51c       0x68 contiki-srf06-cc26xx.a(ieee-mode.o)
 .rodata.ieee_mode_driver
                0x0000f584       0x38 contiki-srf06-cc26xx.a(ieee-mode.o)
                0x0000f584                ieee_mode_driver
 .rodata.mode_ieee
                0x0000f5bc        0x8 contiki-srf06-cc26xx.a(ieee-mode.o)
 .rodata.sicslowpan_driver
                0x0000f5c4        0xc contiki-srf06-cc26xx.a(sicslowpan.o)
                0x0000f5c4                sicslowpan_driver
 .rodata.csma_driver
                0x0000f5d0       0x1c contiki-srf06-cc26xx.a(csma.o)
                0x0000f5d0                csma_driver
 .rodata.framer_802154
                0x0000f5ec        0xc contiki-srf06-cc26xx.a(framer-802154.o)
                0x0000f5ec                framer_802154
 .rodata.contikimac_driver
                0x0000f5f8       0x20 contiki-srf06-cc26xx.a(contikimac.o)
                0x0000f5f8                contikimac_driver
 .rodata.nullsec_driver
                0x0000f618       0x10 contiki-srf06-cc26xx.a(nullsec.o)
                0x0000f618                nullsec_driver
 .rodata.str1.4
                0x0000f628        0x4 /usr/bin/../lib/gcc/arm-none-eabi/4.9.3/../../../../arm-none-eabi/lib/armv7-m/libm.a(lib_a-w_pow.o)
 .rodata.str1.4
                0x0000f62c        0x1 /usr/bin/../lib/gcc/arm-none-eabi/4.9.3/../../../../arm-none-eabi/lib/armv7-m/libm.a(lib_a-e_pow.o)
 *fill*         0x0000f62d        0x3 00000000
 .rodata.str1.4
                0x0000f630        0x4 /usr/bin/../lib/gcc/arm-none-eabi/4.9.3/../../../../arm-none-eabi/lib/armv7-m/libc.a(lib_a-impure.o)
                                  0x2 (size before relaxing)
 .rodata.str1.1
                0x0000f634       0xbc border-router.co
                                 0xc0 (size before relaxing)
 .rodata.str1.1
                0x0000f6f0       0xa1 obj_srf06-cc26xx/slip-bridge.o
 .rodata.http_index_html
                0x0000f791        0xc obj_srf06-cc26xx/httpd-simple.o
                0x0000f791                http_index_html
 .rodata.http_header_404
                0x0000f79d       0x5d obj_srf06-cc26xx/httpd-simple.o
                0x0000f79d                http_header_404
 .rodata.http_header_200
                0x0000f7fa       0x56 obj_srf06-cc26xx/httpd-simple.o
                0x0000f7fa                http_header_200
 .rodata.http_content_type_html
                0x0000f850       0x1c obj_srf06-cc26xx/httpd-simple.o
                0x0000f850                http_content_type_html
 .rodata.str1.1
                0x0000f86c       0x68 obj_srf06-cc26xx/httpd-simple.o
 .rodata.http_get
                0x0000f8d4        0x5 obj_srf06-cc26xx/httpd-simple.o
                0x0000f8d4                http_get
 .rodata.str1.1
                0x0000f8d9       0x9a contiki-srf06-cc26xx.a(contiki-main.o)
 .rodata.str1.1
                0x0000f973        0x8 contiki-srf06-cc26xx.a(sensors.o)
 .rodata.str1.1
                0x0000f97b        0x7 contiki-srf06-cc26xx.a(bmp-280-sensor.)
 .rodata.str1.1
                0x0000f982        0x7 contiki-srf06-cc26xx.a(tmp-007-sensor.)
 .rodata.str1.1
                0x0000f989        0x8 contiki-srf06-cc26xx.a(opt-3001-sensor)
 .rodata.str1.1
                0x0000f991        0x8 contiki-srf06-cc26xx.a(hdc-1000-sensor)
 .rodata.str1.1
                0x0000f999        0x8 contiki-srf06-cc26xx.a(mpu-9250-sensor)
 .rodata.str1.1
                0x0000f9a1        0x7 contiki-srf06-cc26xx.a(button-sensor.o)
 .rodata.str1.1
                0x0000f9a8        0x5 contiki-srf06-cc26xx.a(reed-relay.o)
 .rodata.str1.1
                0x0000f9ad       0x21 contiki-srf06-cc26xx.a(slip.o)
 .rodata.str1.1
                0x0000f9ce       0x24 contiki-srf06-cc26xx.a(strformat.o)
                                 0x37 (size before relaxing)
 .rodata.buffer.4019
                0x0000f9f2       0x10 contiki-srf06-cc26xx.a(strformat.o)
 .rodata.buffer.4028
                0x0000fa02       0x10 contiki-srf06-cc26xx.a(strformat.o)
 .rodata.str1.1
                0x0000fa12        0xf contiki-srf06-cc26xx.a(ctimer.o)
 .rodata.str1.1
                0x0000fa21        0xc contiki-srf06-cc26xx.a(etimer.o)
 .rodata.str1.1
                0x0000fa2d        0xe contiki-srf06-cc26xx.a(serial-line.o)
 .rodata        0x0000fa3b        0x2 contiki-srf06-cc26xx.a(sicslowpan.o)
 .rodata.ttl_values
                0x0000fa3d        0x4 contiki-srf06-cc26xx.a(sicslowpan.o)
 .rodata.unc_llconf
                0x0000fa41        0x4 contiki-srf06-cc26xx.a(sicslowpan.o)
                0x0000fa41                unc_llconf
 .rodata.llprefix
                0x0000fa45        0x2 contiki-srf06-cc26xx.a(sicslowpan.o)
                0x0000fa45                llprefix
 .rodata.unc_mxconf
                0x0000fa47        0x4 contiki-srf06-cc26xx.a(sicslowpan.o)
                0x0000fa47                unc_mxconf
 .rodata.str1.1
                0x0000fa4b        0xb contiki-srf06-cc26xx.a(sicslowpan.o)
 .rodata.unc_ctxconf
                0x0000fa56        0x4 contiki-srf06-cc26xx.a(sicslowpan.o)
                0x0000fa56                unc_ctxconf
 .rodata.str1.1
                0x0000fa5a        0xd contiki-srf06-cc26xx.a(tcpip.o)
 .rodata.str1.1
                0x0000fa67       0x36 contiki-srf06-cc26xx.a(uip-debug.o)
                                 0x3c (size before relaxing)
 .rodata.linkaddr_null
                0x0000fa9d        0x8 contiki-srf06-cc26xx.a(linkaddr.o)
                0x0000fa9d                linkaddr_null
 .rodata.str1.1
                0x0000faa5        0x5 contiki-srf06-cc26xx.a(csma.o)
 .rodata.str1.1
                0x0000faaa        0xb contiki-srf06-cc26xx.a(contikimac.o)
 .rodata.str1.1
                0x0000fab5        0x8 contiki-srf06-cc26xx.a(nullsec.o)
 .rodata        0x0000fabd        0x4 contiki-srf06-cc26xx.a(ext-flash.o)
 .rodata.str1.1
                0x0000fac1       0x44 contiki-srf06-cc26xx.a(rf-core.o)
                0x0000fb05                _etext = .

.glue_7         0x0000fb08        0x0
 .glue_7        0x00000000        0x0 linker stubs

.glue_7t        0x0000fb08        0x0
 .glue_7t       0x00000000        0x0 linker stubs

.vfp11_veneer   0x0000fb08        0x0
 .vfp11_veneer  0x00000000        0x0 linker stubs

.v4_bx          0x0000fb08        0x0
 .v4_bx         0x00000000        0x0 linker stubs

.iplt           0x0000fb08        0x0
 .iplt          0x00000000        0x0 obj_srf06-cc26xx/startup_gcc.o

.data           0x20000000      0x685 load address 0x0000fb05
                0x20000000                _data = .
 *(SORT(vtable))
 *(SORT(.data*))
 .data.impure_data
                0x20000000      0x428 /usr/bin/../lib/gcc/arm-none-eabi/4.9.3/../../../../arm-none-eabi/lib/armv7-m/libc.a(lib_a-impure.o)
 .data.border_router_process
                0x20000428       0x10 border-router.co
                0x20000428                border_router_process
 .data.webserver_nogui_process
                0x20000438       0x10 border-router.co
                0x20000438                webserver_nogui_process
 .data.conns    0x20000448        0xc obj_srf06-cc26xx/httpd-simple.o
 .data.sensors_process
                0x20000454       0x10 contiki-srf06-cc26xx.a(sensors.o)
                0x20000454                sensors_process
 .data.sensors  0x20000464       0x24 contiki-srf06-cc26xx.a(sensortag-senso)